artifacts/tools/ffdec/ffdec.sh: line 49: [: java version "17.0.20.1" 2026-08-18 OpenJDK Runtime Environment Homebrew (build 17.0.20.1+0) OpenJDK 64-Bit Server VM Homebrew (build 17.0.20.1+0, mixed mode, sharing): integer expression expected
artifacts/tools/ffdec/ffdec.sh: line 51: [: java version "17.0.20.1" 2026-08-18 OpenJDK Runtime Environment Homebrew (build 17.0.20.1+0) OpenJDK 64-Bit Server VM Homebrew (build 17.0.20.1+0, mixed mode, sharing): integer expression expected
artifacts/tools/ffdec/ffdec.sh: line 55: [: java version "17.0.20.1" 2026-08-18 OpenJDK Runtime Environment Homebrew (build 17.0.20.1+0) OpenJDK 64-Bit Server VM Homebrew (build 17.0.20.1+0, mixed mode, sharing): integer expression expected
artifacts/tools/ffdec/ffdec.sh: line 57: [: java version "17.0.20.1" 2026-08-18 OpenJDK Runtime Environment Homebrew (build 17.0.20.1+0) OpenJDK 64-Bit Server VM Homebrew (build 17.0.20.1+0, mixed mode, sharing): integer expression expected
artifacts/tools/ffdec/ffdec.sh: line 61: [: java version "17.0.20.1" 2026-08-18 OpenJDK Runtime Environment Homebrew (build 17.0.20.1+0) OpenJDK 64-Bit Server VM Homebrew (build 17.0.20.1+0, mixed mode, sharing): integer expression expected
artifacts/tools/ffdec/ffdec.sh: line 63: [: java version "17.0.20.1" 2026-08-18 OpenJDK Runtime Environment Homebrew (build 17.0.20.1+0) OpenJDK 64-Bit Server VM Homebrew (build 17.0.20.1+0, mixed mode, sharing): integer expression expected
artifacts/tools/ffdec/ffdec.sh: line 67: [: java version "17.0.20.1" 2026-08-18 OpenJDK Runtime Environment Homebrew (build 17.0.20.1+0) OpenJDK 64-Bit Server VM Homebrew (build 17.0.20.1+0, mixed mode, sharing): integer expression expected
JPEXS Free Flash Decompiler v.26.3.0
------------------------------------
Exporting images...
Exported image 1/2 DefineBitsLossless (chid: 47)
Exported image 2/2 DefineBitsLossless2 (chid: 86)
Exporting shapes...
Exported shape 1/47 DefineShape2 (chid: 1)
Exported shape 2/47 DefineShape (chid: 2)
Exported shape 3/47 DefineShape (chid: 4)
Exported shape 4/47 DefineShape (chid: 6)
Exported shape 5/47 DefineShape (chid: 7)
Exported shape 6/47 DefineShape (chid: 9)
Exported shape 7/47 DefineShape (chid: 10)
Exported shape 8/47 DefineShape3 (chid: 20)
Exported shape 9/47 DefineShape (chid: 28)
Exported shape 10/47 DefineShape3 (chid: 42)
Exported shape 11/47 DefineShape (chid: 48)
Exported shape 12/47 DefineShape3 (chid: 50)
Exported shape 13/47 DefineShape3 (chid: 51)
Exported shape 14/47 DefineShape3 (chid: 53)
Exported shape 15/47 DefineShape3 (chid: 54)
Exported shape 16/47 DefineShape3 (chid: 56)
Exported shape 17/47 DefineShape (chid: 59)
Exported shape 18/47 DefineShape (chid: 61)
Exported shape 19/47 DefineShape (chid: 62)
Exported shape 20/47 DefineShape3 (chid: 66)
Exported shape 21/47 DefineShape (chid: 68)
Exported shape 22/47 DefineShape (chid: 70)
Exported shape 23/47 DefineShape (chid: 72)
Exported shape 24/47 DefineShape (chid: 73)
Exported shape 25/47 DefineShape (chid: 75)
Exported shape 26/47 DefineShape (chid: 77)
Exported shape 27/47 DefineShape (chid: 79)
Exported shape 28/47 DefineShape (chid: 85)
Exported shape 29/47 DefineShape (chid: 87)
Exported shape 30/47 DefineShape (chid: 89)
Exported shape 31/47 DefineShape (chid: 91)
Exported shape 32/47 DefineShape (chid: 95)
Exported shape 33/47 DefineShape (chid: 98)
Exported shape 34/47 DefineShape (chid: 107)
Exported shape 35/47 DefineShape (chid: 113)
Exported shape 36/47 DefineShape3 (chid: 114)
Exported shape 37/47 DefineShape3 (chid: 116)
Exported shape 38/47 DefineShape (chid: 117)
Exported shape 39/47 DefineShape3 (chid: 118)
Exported shape 40/47 DefineShape (chid: 120)
Exported shape 41/47 DefineShape3 (chid: 121)
Exported shape 42/47 DefineShape (chid: 145)
Exported shape 43/47 DefineShape (chid: 146)
Exported shape 44/47 DefineShape (chid: 147)
Exported shape 45/47 DefineShape (chid: 149)
Exported shape 46/47 DefineShape2 (chid: 151)
Exported shape 47/47 DefineShape (chid: 167)
Exporting fonts...
Exported font 1/3 DefineFont2 (chid: 13, fn: "Verdana")
Exported font 2/3 DefineFont2 (chid: 15, fn: "Verdana")
Exported font 3/3 DefineFont2 (chid: 126, fn: "Verdana")
Exporting sounds...
Exported sound 1/10 SoundStreamHead2 (cid: -1)
Exported sound 2/10 DefineSound (chid: 22)
Exported sound 3/10 DefineSound (chid: 24)
Exported sound 4/10 DefineSound (chid: 26)
Exported sound 5/10 DefineSound (chid: 30)
Exported sound 6/10 DefineSound (chid: 32)
Exported sound 7/10 DefineSound (chid: 34)
Exported sound 8/10 DefineSound (chid: 36)
Exported sound 9/10 DefineSound (chid: 38)
Exported sound 10/10 DefineSound (chid: 40)
Exporting texts...
Exported text 1/62 DefineEditText (chid: 14, vn: "yuzde")
Exported text 2/62 DefineText (chid: 16)
Exported text 3/62 DefineEditText (chid: 17, vn: "flb")
Exported text 4/62 DefineEditText (chid: 18, vn: "tfb")
Exported text 5/62 DefineText (chid: 19)
Exported text 6/62 DefineEditText (chid: 43, vn: "wordzz")
Exported text 7/62 DefineEditText (chid: 44, vn: "wordz")
Exported text 8/62 DefineEditText (chid: 52, vn: "word")
Exported text 9/62 DefineEditText (chid: 55, vn: "word")
Exported text 10/62 DefineText (chid: 60)
Exported text 11/62 DefineText (chid: 64)
Exported text 12/62 DefineText (chid: 69)
Exported text 13/62 DefineEditText (chid: 78)
Exported text 14/62 DefineEditText (chid: 82)
Exported text 15/62 DefineEditText (chid: 83)
Exported text 16/62 DefineEditText (chid: 92)
Exported text 17/62 DefineEditText (chid: 93)
Exported text 18/62 DefineEditText (chid: 94)
Exported text 19/62 DefineEditText (chid: 99)
Exported text 20/62 DefineEditText (chid: 100)
Exported text 21/62 DefineEditText (chid: 101)
Exported text 22/62 DefineText (chid: 104)
Exported text 23/62 DefineText (chid: 106)
Exported text 24/62 DefineEditText (chid: 109, vn: "bonuss")
Exported text 25/62 DefineEditText (chid: 112, vn: "timer")
Exported text 26/62 DefineText (chid: 119)
Exported text 27/62 DefineText (chid: 122)
Exported text 28/62 DefineEditText (chid: 124, vn: "kelime")
Exported text 29/62 DefineEditText (chid: 125, vn: "puan")
Exported text 30/62 DefineEditText (chid: 127)
Exported text 31/62 DefineEditText (chid: 128)
Exported text 32/62 DefineEditText (chid: 129)
Exported text 33/62 DefineEditText (chid: 130)
Exported text 34/62 DefineEditText (chid: 131)
Exported text 35/62 DefineEditText (chid: 132)
Exported text 36/62 DefineEditText (chid: 133)
Exported text 37/62 DefineEditText (chid: 134)
Exported text 38/62 DefineEditText (chid: 135)
Exported text 39/62 DefineEditText (chid: 136)
Exported text 40/62 DefineEditText (chid: 137, vn: "b3")
Exported text 41/62 DefineEditText (chid: 138, vn: "b8")
Exported text 42/62 DefineEditText (chid: 139, vn: "b4")
Exported text 43/62 DefineEditText (chid: 140, vn: "b5")
Exported text 44/62 DefineEditText (chid: 141, vn: "b6")
Exported text 45/62 DefineEditText (chid: 142, vn: "b7")
Exported text 46/62 DefineEditText (chid: 143)
Exported text 47/62 DefineEditText (chid: 144)
Exported text 48/62 DefineEditText (chid: 148)
Exported text 49/62 DefineEditText (chid: 150)
Exported text 50/62 DefineEditText (chid: 152)
Exported text 51/62 DefineEditText (chid: 154, vn: "name")
Exported text 52/62 DefineEditText (chid: 155, vn: "email")
Exported text 53/62 DefineEditText (chid: 156, vn: "toplamkelime")
Exported text 54/62 DefineEditText (chid: 157, vn: "toplampuan")
Exported text 55/62 DefineText (chid: 158)
Exported text 56/62 DefineText (chid: 159)
Exported text 57/62 DefineText (chid: 160)
Exported text 58/62 DefineText (chid: 161)
Exported text 59/62 DefineEditText (chid: 162, vn: "hata")
Exported text 60/62 DefineEditText (chid: 163, vn: "toplamsure")
Exported text 61/62 DefineText (chid: 164)
Exported text 62/62 DefineText (chid: 165)
Exporting sprite...
Exported frame 1/1 DefineSprite (chid: 3)
Exported frame 1/1 DefineSprite (chid: 5)
Exported frame 1/1 DefineSprite (chid: 8)
Exported frame 1/1 DefineSprite (chid: 11)
Exported frame 1/2 DefineSprite (chid: 12)
Exported frame 2/2 DefineSprite (chid: 12)
Exported frame 1/4 DefineSprite (chid: 21)
Exported frame 2/4 DefineSprite (chid: 21)
Exported frame 3/4 DefineSprite (chid: 21)
Exported frame 4/4 DefineSprite (chid: 21)
Exported frame 1/11 DefineSprite (chid: 23)
Exported frame 2/11 DefineSprite (chid: 23)
Exported frame 3/11 DefineSprite (chid: 23)
Exported frame 4/11 DefineSprite (chid: 23)
Exported frame 5/11 DefineSprite (chid: 23)
Exported frame 6/11 DefineSprite (chid: 23)
Exported frame 7/11 DefineSprite (chid: 23)
Exported frame 8/11 DefineSprite (chid: 23)
Exported frame 9/11 DefineSprite (chid: 23)
Exported frame 10/11 DefineSprite (chid: 23)
Exported frame 11/11 DefineSprite (chid: 23)
Exported frame 1/29 DefineSprite (chid: 25)
Exported frame 2/29 DefineSprite (chid: 25)
Exported frame 3/29 DefineSprite (chid: 25)
Exported frame 4/29 DefineSprite (chid: 25)
Exported frame 5/29 DefineSprite (chid: 25)
Exported frame 6/29 DefineSprite (chid: 25)
Exported frame 7/29 DefineSprite (chid: 25)
Exported frame 8/29 DefineSprite (chid: 25)
Exported frame 9/29 DefineSprite (chid: 25)
Exported frame 10/29 DefineSprite (chid: 25)
Exported frame 11/29 DefineSprite (chid: 25)
Exported frame 12/29 DefineSprite (chid: 25)
Exported frame 13/29 DefineSprite (chid: 25)
Exported frame 14/29 DefineSprite (chid: 25)
Exported frame 15/29 DefineSprite (chid: 25)
Exported frame 16/29 DefineSprite (chid: 25)
Exported frame 17/29 DefineSprite (chid: 25)
Exported frame 18/29 DefineSprite (chid: 25)
Exported frame 19/29 DefineSprite (chid: 25)
Exported frame 20/29 DefineSprite (chid: 25)
Exported frame 21/29 DefineSprite (chid: 25)
Exported frame 22/29 DefineSprite (chid: 25)
Exported frame 23/29 DefineSprite (chid: 25)
Exported frame 24/29 DefineSprite (chid: 25)
Exported frame 25/29 DefineSprite (chid: 25)
Exported frame 26/29 DefineSprite (chid: 25)
Exported frame 27/29 DefineSprite (chid: 25)
Exported frame 28/29 DefineSprite (chid: 25)
Exported frame 29/29 DefineSprite (chid: 25)
Exported frame 1/4 DefineSprite (chid: 27)
Exported frame 2/4 DefineSprite (chid: 27)
Exported frame 3/4 DefineSprite (chid: 27)
Exported frame 4/4 DefineSprite (chid: 27)
Exported frame 1/1 DefineSprite (chid: 29)
Exported frame 1/12 DefineSprite (chid: 31)
Exported frame 2/12 DefineSprite (chid: 31)
Exported frame 3/12 DefineSprite (chid: 31)
Exported frame 4/12 DefineSprite (chid: 31)
Exported frame 5/12 DefineSprite (chid: 31)
Exported frame 6/12 DefineSprite (chid: 31)
Exported frame 7/12 DefineSprite (chid: 31)
Exported frame 8/12 DefineSprite (chid: 31)
Exported frame 9/12 DefineSprite (chid: 31)
Exported frame 10/12 DefineSprite (chid: 31)
Exported frame 11/12 DefineSprite (chid: 31)
Exported frame 12/12 DefineSprite (chid: 31)
Exported frame 1/12 DefineSprite (chid: 33)
Exported frame 2/12 DefineSprite (chid: 33)
Exported frame 3/12 DefineSprite (chid: 33)
Exported frame 4/12 DefineSprite (chid: 33)
Exported frame 5/12 DefineSprite (chid: 33)
Exported frame 6/12 DefineSprite (chid: 33)
Exported frame 7/12 DefineSprite (chid: 33)
Exported frame 8/12 DefineSprite (chid: 33)
Exported frame 9/12 DefineSprite (chid: 33)
Exported frame 10/12 DefineSprite (chid: 33)
Exported frame 11/12 DefineSprite (chid: 33)
Exported frame 12/12 DefineSprite (chid: 33)
Exported frame 1/5 DefineSprite (chid: 35)
Exported frame 2/5 DefineSprite (chid: 35)
Exported frame 3/5 DefineSprite (chid: 35)
Exported frame 4/5 DefineSprite (chid: 35)
Exported frame 5/5 DefineSprite (chid: 35)
Exported frame 1/7 DefineSprite (chid: 37)
Exported frame 2/7 DefineSprite (chid: 37)
Exported frame 3/7 DefineSprite (chid: 37)
Exported frame 4/7 DefineSprite (chid: 37)
Exported frame 5/7 DefineSprite (chid: 37)
Exported frame 6/7 DefineSprite (chid: 37)
Exported frame 7/7 DefineSprite (chid: 37)
Exported frame 1/11 DefineSprite (chid: 39)
Exported frame 2/11 DefineSprite (chid: 39)
Exported frame 3/11 DefineSprite (chid: 39)
Exported frame 4/11 DefineSprite (chid: 39)
Exported frame 5/11 DefineSprite (chid: 39)
Exported frame 6/11 DefineSprite (chid: 39)
Exported frame 7/11 DefineSprite (chid: 39)
Exported frame 8/11 DefineSprite (chid: 39)
Exported frame 9/11 DefineSprite (chid: 39)
Exported frame 10/11 DefineSprite (chid: 39)
Exported frame 11/11 DefineSprite (chid: 39)
Exported frame 1/15 DefineSprite (chid: 41)
Exported frame 2/15 DefineSprite (chid: 41)
Exported frame 3/15 DefineSprite (chid: 41)
Exported frame 4/15 DefineSprite (chid: 41)
Exported frame 5/15 DefineSprite (chid: 41)
Exported frame 6/15 DefineSprite (chid: 41)
Exported frame 7/15 DefineSprite (chid: 41)
Exported frame 8/15 DefineSprite (chid: 41)
Exported frame 9/15 DefineSprite (chid: 41)
Exported frame 10/15 DefineSprite (chid: 41)
Exported frame 11/15 DefineSprite (chid: 41)
Exported frame 12/15 DefineSprite (chid: 41)
Exported frame 13/15 DefineSprite (chid: 41)
Exported frame 14/15 DefineSprite (chid: 41)
Exported frame 15/15 DefineSprite (chid: 41)
Exported frame 1/1 DefineSprite (chid: 45)
Exported frame 1/39 DefineSprite (chid: 46)
Exported frame 2/39 DefineSprite (chid: 46)
Exported frame 3/39 DefineSprite (chid: 46)
Exported frame 4/39 DefineSprite (chid: 46)
Exported frame 5/39 DefineSprite (chid: 46)
Exported frame 6/39 DefineSprite (chid: 46)
Exported frame 7/39 DefineSprite (chid: 46)
Exported frame 8/39 DefineSprite (chid: 46)
Exported frame 9/39 DefineSprite (chid: 46)
Exported frame 10/39 DefineSprite (chid: 46)
Exported frame 11/39 DefineSprite (chid: 46)
Exported frame 12/39 DefineSprite (chid: 46)
Exported frame 13/39 DefineSprite (chid: 46)
Exported frame 14/39 DefineSprite (chid: 46)
Exported frame 15/39 DefineSprite (chid: 46)
Exported frame 16/39 DefineSprite (chid: 46)
Exported frame 17/39 DefineSprite (chid: 46)
Exported frame 18/39 DefineSprite (chid: 46)
Exported frame 19/39 DefineSprite (chid: 46)
Exported frame 20/39 DefineSprite (chid: 46)
Exported frame 21/39 DefineSprite (chid: 46)
Exported frame 22/39 DefineSprite (chid: 46)
Exported frame 23/39 DefineSprite (chid: 46)
Exported frame 24/39 DefineSprite (chid: 46)
Exported frame 25/39 DefineSprite (chid: 46)
Exported frame 26/39 DefineSprite (chid: 46)
Exported frame 27/39 DefineSprite (chid: 46)
Exported frame 28/39 DefineSprite (chid: 46)
Exported frame 29/39 DefineSprite (chid: 46)
Exported frame 30/39 DefineSprite (chid: 46)
Exported frame 31/39 DefineSprite (chid: 46)
Exported frame 32/39 DefineSprite (chid: 46)
Exported frame 33/39 DefineSprite (chid: 46)
Exported frame 34/39 DefineSprite (chid: 46)
Exported frame 35/39 DefineSprite (chid: 46)
Exported frame 36/39 DefineSprite (chid: 46)
Exported frame 37/39 DefineSprite (chid: 46)
Exported frame 38/39 DefineSprite (chid: 46)
Exported frame 39/39 DefineSprite (chid: 46)
Exported frame 1/1 DefineSprite (chid: 49)
Exported frame 1/1 DefineSprite (chid: 58)
Exported frame 1/1 DefineSprite (chid: 67)
Exported frame 1/11 DefineSprite (chid: 74)
Exported frame 2/11 DefineSprite (chid: 74)
Exported frame 3/11 DefineSprite (chid: 74)
Exported frame 4/11 DefineSprite (chid: 74)
Exported frame 5/11 DefineSprite (chid: 74)
Exported frame 6/11 DefineSprite (chid: 74)
Exported frame 7/11 DefineSprite (chid: 74)
Exported frame 8/11 DefineSprite (chid: 74)
Exported frame 9/11 DefineSprite (chid: 74)
Exported frame 10/11 DefineSprite (chid: 74)
Exported frame 11/11 DefineSprite (chid: 74)
Exported frame 1/2 DefineSprite (chid: 76)
Exported frame 2/2 DefineSprite (chid: 76)
Exported frame 1/1 DefineSprite (chid: 80)
Exported frame 1/64 DefineSprite (chid: 81)
Exported frame 2/64 DefineSprite (chid: 81)
Exported frame 3/64 DefineSprite (chid: 81)
Exported frame 4/64 DefineSprite (chid: 81)
Exported frame 5/64 DefineSprite (chid: 81)
Exported frame 6/64 DefineSprite (chid: 81)
Exported frame 7/64 DefineSprite (chid: 81)
Exported frame 8/64 DefineSprite (chid: 81)
Exported frame 9/64 DefineSprite (chid: 81)
Exported frame 10/64 DefineSprite (chid: 81)
Exported frame 11/64 DefineSprite (chid: 81)
Exported frame 12/64 DefineSprite (chid: 81)
Exported frame 13/64 DefineSprite (chid: 81)
Exported frame 14/64 DefineSprite (chid: 81)
Exported frame 15/64 DefineSprite (chid: 81)
Exported frame 16/64 DefineSprite (chid: 81)
Exported frame 17/64 DefineSprite (chid: 81)
Exported frame 18/64 DefineSprite (chid: 81)
Exported frame 19/64 DefineSprite (chid: 81)
Exported frame 20/64 DefineSprite (chid: 81)
Exported frame 21/64 DefineSprite (chid: 81)
Exported frame 22/64 DefineSprite (chid: 81)
Exported frame 23/64 DefineSprite (chid: 81)
Exported frame 24/64 DefineSprite (chid: 81)
Exported frame 25/64 DefineSprite (chid: 81)
Exported frame 26/64 DefineSprite (chid: 81)
Exported frame 27/64 DefineSprite (chid: 81)
Exported frame 28/64 DefineSprite (chid: 81)
Exported frame 29/64 DefineSprite (chid: 81)
Exported frame 30/64 DefineSprite (chid: 81)
Exported frame 31/64 DefineSprite (chid: 81)
Exported frame 32/64 DefineSprite (chid: 81)
Exported frame 33/64 DefineSprite (chid: 81)
Exported frame 34/64 DefineSprite (chid: 81)
Exported frame 35/64 DefineSprite (chid: 81)
Exported frame 36/64 DefineSprite (chid: 81)
Exported frame 37/64 DefineSprite (chid: 81)
Exported frame 38/64 DefineSprite (chid: 81)
Exported frame 39/64 DefineSprite (chid: 81)
Exported frame 40/64 DefineSprite (chid: 81)
Exported frame 41/64 DefineSprite (chid: 81)
Exported frame 42/64 DefineSprite (chid: 81)
Exported frame 43/64 DefineSprite (chid: 81)
Exported frame 44/64 DefineSprite (chid: 81)
Exported frame 45/64 DefineSprite (chid: 81)
Exported frame 46/64 DefineSprite (chid: 81)
Exported frame 47/64 DefineSprite (chid: 81)
Exported frame 48/64 DefineSprite (chid: 81)
Exported frame 49/64 DefineSprite (chid: 81)
Exported frame 50/64 DefineSprite (chid: 81)
Exported frame 51/64 DefineSprite (chid: 81)
Exported frame 52/64 DefineSprite (chid: 81)
Exported frame 53/64 DefineSprite (chid: 81)
Exported frame 54/64 DefineSprite (chid: 81)
Exported frame 55/64 DefineSprite (chid: 81)
Exported frame 56/64 DefineSprite (chid: 81)
Exported frame 57/64 DefineSprite (chid: 81)
Exported frame 58/64 DefineSprite (chid: 81)
Exported frame 59/64 DefineSprite (chid: 81)
Exported frame 60/64 DefineSprite (chid: 81)
Exported frame 61/64 DefineSprite (chid: 81)
Exported frame 62/64 DefineSprite (chid: 81)
Exported frame 63/64 DefineSprite (chid: 81)
Exported frame 64/64 DefineSprite (chid: 81)
Exported frame 1/4 DefineSprite (chid: 84)
Exported frame 2/4 DefineSprite (chid: 84)
Exported frame 3/4 DefineSprite (chid: 84)
Exported frame 4/4 DefineSprite (chid: 84)
Exported frame 1/2 DefineSprite (chid: 88)
Exported frame 2/2 DefineSprite (chid: 88)
Exported frame 1/1 DefineSprite (chid: 97)
Exported frame 1/1 DefineSprite (chid: 103)
Exported frame 1/1 DefineSprite (chid: 110)
Exported frame 1/37 DefineSprite (chid: 111)
Exported frame 2/37 DefineSprite (chid: 111)
Exported frame 3/37 DefineSprite (chid: 111)
Exported frame 4/37 DefineSprite (chid: 111)
Exported frame 5/37 DefineSprite (chid: 111)
Exported frame 6/37 DefineSprite (chid: 111)
Exported frame 7/37 DefineSprite (chid: 111)
Exported frame 8/37 DefineSprite (chid: 111)
Exported frame 9/37 DefineSprite (chid: 111)
Exported frame 10/37 DefineSprite (chid: 111)
Exported frame 11/37 DefineSprite (chid: 111)
Exported frame 12/37 DefineSprite (chid: 111)
Exported frame 13/37 DefineSprite (chid: 111)
Exported frame 14/37 DefineSprite (chid: 111)
Exported frame 15/37 DefineSprite (chid: 111)
Exported frame 16/37 DefineSprite (chid: 111)
Exported frame 17/37 DefineSprite (chid: 111)
Exported frame 18/37 DefineSprite (chid: 111)
Exported frame 19/37 DefineSprite (chid: 111)
Exported frame 20/37 DefineSprite (chid: 111)
Exported frame 21/37 DefineSprite (chid: 111)
Exported frame 22/37 DefineSprite (chid: 111)
Exported frame 23/37 DefineSprite (chid: 111)
Exported frame 24/37 DefineSprite (chid: 111)
Exported frame 25/37 DefineSprite (chid: 111)
Exported frame 26/37 DefineSprite (chid: 111)
Exported frame 27/37 DefineSprite (chid: 111)
Exported frame 28/37 DefineSprite (chid: 111)
Exported frame 29/37 DefineSprite (chid: 111)
Exported frame 30/37 DefineSprite (chid: 111)
Exported frame 31/37 DefineSprite (chid: 111)
Exported frame 32/37 DefineSprite (chid: 111)
Exported frame 33/37 DefineSprite (chid: 111)
Exported frame 34/37 DefineSprite (chid: 111)
Exported frame 35/37 DefineSprite (chid: 111)
Exported frame 36/37 DefineSprite (chid: 111)
Exported frame 37/37 DefineSprite (chid: 111)
Exported frame 1/1 DefineSprite (chid: 115)
Exported frame 1/3 DefineSprite (chid: 123)
Exported frame 2/3 DefineSprite (chid: 123)
Exported frame 3/3 DefineSprite (chid: 123)
Exported frame 1/1 DefineSprite (chid: 166)
Exported frame 1/60 DefineSprite (chid: 168)
Exported frame 2/60 DefineSprite (chid: 168)
Exported frame 3/60 DefineSprite (chid: 168)
Exported frame 4/60 DefineSprite (chid: 168)
Exported frame 5/60 DefineSprite (chid: 168)
Exported frame 6/60 DefineSprite (chid: 168)
Exported frame 7/60 DefineSprite (chid: 168)
Exported frame 8/60 DefineSprite (chid: 168)
Exported frame 9/60 DefineSprite (chid: 168)
Exported frame 10/60 DefineSprite (chid: 168)
Exported frame 11/60 DefineSprite (chid: 168)
Exported frame 12/60 DefineSprite (chid: 168)
Exported frame 13/60 DefineSprite (chid: 168)
Exported frame 14/60 DefineSprite (chid: 168)
Exported frame 15/60 DefineSprite (chid: 168)
Exported frame 16/60 DefineSprite (chid: 168)
Exported frame 17/60 DefineSprite (chid: 168)
Exported frame 18/60 DefineSprite (chid: 168)
Exported frame 19/60 DefineSprite (chid: 168)
Exported frame 20/60 DefineSprite (chid: 168)
Exported frame 21/60 DefineSprite (chid: 168)
Exported frame 22/60 DefineSprite (chid: 168)
Exported frame 23/60 DefineSprite (chid: 168)
Exported frame 24/60 DefineSprite (chid: 168)
Exported frame 25/60 DefineSprite (chid: 168)
Exported frame 26/60 DefineSprite (chid: 168)
Exported frame 27/60 DefineSprite (chid: 168)
Exported frame 28/60 DefineSprite (chid: 168)
Exported frame 29/60 DefineSprite (chid: 168)
Exported frame 30/60 DefineSprite (chid: 168)
Exported frame 31/60 DefineSprite (chid: 168)
Exported frame 32/60 DefineSprite (chid: 168)
Exported frame 33/60 DefineSprite (chid: 168)
Exported frame 34/60 DefineSprite (chid: 168)
Exported frame 35/60 DefineSprite (chid: 168)
Exported frame 36/60 DefineSprite (chid: 168)
Exported frame 37/60 DefineSprite (chid: 168)
Exported frame 38/60 DefineSprite (chid: 168)
Exported frame 39/60 DefineSprite (chid: 168)
Exported frame 40/60 DefineSprite (chid: 168)
Exported frame 41/60 DefineSprite (chid: 168)
Exported frame 42/60 DefineSprite (chid: 168)
Exported frame 43/60 DefineSprite (chid: 168)
Exported frame 44/60 DefineSprite (chid: 168)
Exported frame 45/60 DefineSprite (chid: 168)
Exported frame 46/60 DefineSprite (chid: 168)
Exported frame 47/60 DefineSprite (chid: 168)
Exported frame 48/60 DefineSprite (chid: 168)
Exported frame 49/60 DefineSprite (chid: 168)
Exported frame 50/60 DefineSprite (chid: 168)
Exported frame 51/60 DefineSprite (chid: 168)
Exported frame 52/60 DefineSprite (chid: 168)
Exported frame 53/60 DefineSprite (chid: 168)
Exported frame 54/60 DefineSprite (chid: 168)
Exported frame 55/60 DefineSprite (chid: 168)
Exported frame 56/60 DefineSprite (chid: 168)
Exported frame 57/60 DefineSprite (chid: 168)
Exported frame 58/60 DefineSprite (chid: 168)
Exported frame 59/60 DefineSprite (chid: 168)
Exported frame 60/60 DefineSprite (chid: 168)
Exported frame 1/60 DefineSprite (chid: 169)
Exported frame 2/60 DefineSprite (chid: 169)
Exported frame 3/60 DefineSprite (chid: 169)
Exported frame 4/60 DefineSprite (chid: 169)
Exported frame 5/60 DefineSprite (chid: 169)
Exported frame 6/60 DefineSprite (chid: 169)
Exported frame 7/60 DefineSprite (chid: 169)
Exported frame 8/60 DefineSprite (chid: 169)
Exported frame 9/60 DefineSprite (chid: 169)
Exported frame 10/60 DefineSprite (chid: 169)
Exported frame 11/60 DefineSprite (chid: 169)
Exported frame 12/60 DefineSprite (chid: 169)
Exported frame 13/60 DefineSprite (chid: 169)
Exported frame 14/60 DefineSprite (chid: 169)
Exported frame 15/60 DefineSprite (chid: 169)
Exported frame 16/60 DefineSprite (chid: 169)
Exported frame 17/60 DefineSprite (chid: 169)
Exported frame 18/60 DefineSprite (chid: 169)
Exported frame 19/60 DefineSprite (chid: 169)
Exported frame 20/60 DefineSprite (chid: 169)
Exported frame 21/60 DefineSprite (chid: 169)
Exported frame 22/60 DefineSprite (chid: 169)
Exported frame 23/60 DefineSprite (chid: 169)
Exported frame 24/60 DefineSprite (chid: 169)
Exported frame 25/60 DefineSprite (chid: 169)
Exported frame 26/60 DefineSprite (chid: 169)
Exported frame 27/60 DefineSprite (chid: 169)
Exported frame 28/60 DefineSprite (chid: 169)
Exported frame 29/60 DefineSprite (chid: 169)
Exported frame 30/60 DefineSprite (chid: 169)
Exported frame 31/60 DefineSprite (chid: 169)
Exported frame 32/60 DefineSprite (chid: 169)
Exported frame 33/60 DefineSprite (chid: 169)
Exported frame 34/60 DefineSprite (chid: 169)
Exported frame 35/60 DefineSprite (chid: 169)
Exported frame 36/60 DefineSprite (chid: 169)
Exported frame 37/60 DefineSprite (chid: 169)
Exported frame 38/60 DefineSprite (chid: 169)
Exported frame 39/60 DefineSprite (chid: 169)
Exported frame 40/60 DefineSprite (chid: 169)
Exported frame 41/60 DefineSprite (chid: 169)
Exported frame 42/60 DefineSprite (chid: 169)
Exported frame 43/60 DefineSprite (chid: 169)
Exported frame 44/60 DefineSprite (chid: 169)
Exported frame 45/60 DefineSprite (chid: 169)
Exported frame 46/60 DefineSprite (chid: 169)
Exported frame 47/60 DefineSprite (chid: 169)
Exported frame 48/60 DefineSprite (chid: 169)
Exported frame 49/60 DefineSprite (chid: 169)
Exported frame 50/60 DefineSprite (chid: 169)
Exported frame 51/60 DefineSprite (chid: 169)
Exported frame 52/60 DefineSprite (chid: 169)
Exported frame 53/60 DefineSprite (chid: 169)
Exported frame 54/60 DefineSprite (chid: 169)
Exported frame 55/60 DefineSprite (chid: 169)
Exported frame 56/60 DefineSprite (chid: 169)
Exported frame 57/60 DefineSprite (chid: 169)
Exported frame 58/60 DefineSprite (chid: 169)
Exported frame 59/60 DefineSprite (chid: 169)
Exported frame 60/60 DefineSprite (chid: 169)
Exported frame 1/65 DefineSprite (chid: 170)
Exported frame 2/65 DefineSprite (chid: 170)
Exported frame 3/65 DefineSprite (chid: 170)
Exported frame 4/65 DefineSprite (chid: 170)
Exported frame 5/65 DefineSprite (chid: 170)
Exported frame 6/65 DefineSprite (chid: 170)
Exported frame 7/65 DefineSprite (chid: 170)
Exported frame 8/65 DefineSprite (chid: 170)
Exported frame 9/65 DefineSprite (chid: 170)
Exported frame 10/65 DefineSprite (chid: 170)
Exported frame 11/65 DefineSprite (chid: 170)
Exported frame 12/65 DefineSprite (chid: 170)
Exported frame 13/65 DefineSprite (chid: 170)
Exported frame 14/65 DefineSprite (chid: 170)
Exported frame 15/65 DefineSprite (chid: 170)
Exported frame 16/65 DefineSprite (chid: 170)
Exported frame 17/65 DefineSprite (chid: 170)
Exported frame 18/65 DefineSprite (chid: 170)
Exported frame 19/65 DefineSprite (chid: 170)
Exported frame 20/65 DefineSprite (chid: 170)
Exported frame 21/65 DefineSprite (chid: 170)
Exported frame 22/65 DefineSprite (chid: 170)
Exported frame 23/65 DefineSprite (chid: 170)
Exported frame 24/65 DefineSprite (chid: 170)
Exported frame 25/65 DefineSprite (chid: 170)
Exported frame 26/65 DefineSprite (chid: 170)
Exported frame 27/65 DefineSprite (chid: 170)
Exported frame 28/65 DefineSprite (chid: 170)
Exported frame 29/65 DefineSprite (chid: 170)
Exported frame 30/65 DefineSprite (chid: 170)
Exported frame 31/65 DefineSprite (chid: 170)
Exported frame 32/65 DefineSprite (chid: 170)
Exported frame 33/65 DefineSprite (chid: 170)
Exported frame 34/65 DefineSprite (chid: 170)
Exported frame 35/65 DefineSprite (chid: 170)
Exported frame 36/65 DefineSprite (chid: 170)
Exported frame 37/65 DefineSprite (chid: 170)
Exported frame 38/65 DefineSprite (chid: 170)
Exported frame 39/65 DefineSprite (chid: 170)
Exported frame 40/65 DefineSprite (chid: 170)
Exported frame 41/65 DefineSprite (chid: 170)
Exported frame 42/65 DefineSprite (chid: 170)
Exported frame 43/65 DefineSprite (chid: 170)
Exported frame 44/65 DefineSprite (chid: 170)
Exported frame 45/65 DefineSprite (chid: 170)
Exported frame 46/65 DefineSprite (chid: 170)
Exported frame 47/65 DefineSprite (chid: 170)
Exported frame 48/65 DefineSprite (chid: 170)
Exported frame 49/65 DefineSprite (chid: 170)
Exported frame 50/65 DefineSprite (chid: 170)
Exported frame 51/65 DefineSprite (chid: 170)
Exported frame 52/65 DefineSprite (chid: 170)
Exported frame 53/65 DefineSprite (chid: 170)
Exported frame 54/65 DefineSprite (chid: 170)
Exported frame 55/65 DefineSprite (chid: 170)
Exported frame 56/65 DefineSprite (chid: 170)
Exported frame 57/65 DefineSprite (chid: 170)
Exported frame 58/65 DefineSprite (chid: 170)
Exported frame 59/65 DefineSprite (chid: 170)
Exported frame 60/65 DefineSprite (chid: 170)
Exported frame 61/65 DefineSprite (chid: 170)
Exported frame 62/65 DefineSprite (chid: 170)
Exported frame 63/65 DefineSprite (chid: 170)
Exported frame 64/65 DefineSprite (chid: 170)
Exported frame 65/65 DefineSprite (chid: 170)
Exporting scripts...
Exported script 6/60 /home/dev/kelimator-2012/artifacts/decompiled/scripts/DefineButton2_96/BUTTONCONDACTION on(release).as, 00:00.051
Exported script 3/60 /home/dev/kelimator-2012/artifacts/decompiled/scripts/DefineButton2_65/BUTTONCONDACTION on(release).as, 00:00.050
Exported script 2/60 /home/dev/kelimator-2012/artifacts/decompiled/scripts/DefineButton2_63/BUTTONCONDACTION on(release).as, 00:00.050
Exported script 7/60 /home/dev/kelimator-2012/artifacts/decompiled/scripts/DefineButton2_102/BUTTONCONDACTION on(release).as, 00:00.051
Exported script 4/60 /home/dev/kelimator-2012/artifacts/decompiled/scripts/DefineButton2_71/BUTTONCONDACTION on(release).as, 00:00.050
Exported script 8/60 /home/dev/kelimator-2012/artifacts/decompiled/scripts/DefineButton2_105/BUTTONCONDACTION on(release).as, 00:00.001
Exported script 12/60 /home/dev/kelimator-2012/artifacts/decompiled/scripts/DefineSprite_21/frame_1/DoAction.as, 00:00.003
Exported script 9/60 /home/dev/kelimator-2012/artifacts/decompiled/scripts/DefineButton2_108/BUTTONCONDACTION on(release).as, 00:00.003
Exported script 15/60 /home/dev/kelimator-2012/artifacts/decompiled/scripts/DefineSprite_21/frame_4/DoAction.as, 00:00.001
Exported script 11/60 /home/dev/kelimator-2012/artifacts/decompiled/scripts/DefineSprite_12/frame_2/DoAction.as, 00:00.004
Exported script 16/60 /home/dev/kelimator-2012/artifacts/decompiled/scripts/DefineSprite_23/frame_1/DoAction.as, 00:00.001
Exported script 17/60 /home/dev/kelimator-2012/artifacts/decompiled/scripts/DefineSprite_25/frame_1/DoAction.as, 00:00.001
Exported script 18/60 /home/dev/kelimator-2012/artifacts/decompiled/scripts/DefineSprite_27/frame_1/DoAction.as, 00:00.001
Exported script 13/60 /home/dev/kelimator-2012/artifacts/decompiled/scripts/DefineSprite_21/frame_2/DoAction.as, 00:00.007
Exported script 19/60 /home/dev/kelimator-2012/artifacts/decompiled/scripts/DefineSprite_27/frame_2/DoAction.as, 00:00.003
Exported script 21/60 /home/dev/kelimator-2012/artifacts/decompiled/scripts/DefineSprite_31/frame_1/DoAction.as, 00:00.000
Exported script 22/60 /home/dev/kelimator-2012/artifacts/decompiled/scripts/DefineSprite_33/frame_1/DoAction.as, 00:00.001
Exported script 23/60 /home/dev/kelimator-2012/artifacts/decompiled/scripts/DefineSprite_35/frame_1/DoAction.as, 00:00.000
Exported script 24/60 /home/dev/kelimator-2012/artifacts/decompiled/scripts/DefineSprite_37/frame_1/DoAction.as, 00:00.001
Exported script 25/60 /home/dev/kelimator-2012/artifacts/decompiled/scripts/DefineSprite_39/frame_1/DoAction.as, 00:00.001
Exported script 10/60 /home/dev/kelimator-2012/artifacts/decompiled/scripts/DefineButton2_153/BUTTONCONDACTION on(release).as, 00:00.010
Exported script 27/60 /home/dev/kelimator-2012/artifacts/decompiled/scripts/DefineSprite_46/frame_1/DoAction.as, 00:00.000
Exported script 26/60 /home/dev/kelimator-2012/artifacts/decompiled/scripts/DefineSprite_41/frame_1/DoAction.as, 00:00.001
Exported script 28/60 /home/dev/kelimator-2012/artifacts/decompiled/scripts/DefineSprite_46/frame_10/DoAction.as, 00:00.001
Exported script 20/60 /home/dev/kelimator-2012/artifacts/decompiled/scripts/DefineSprite_27/frame_4/DoAction.as, 00:00.007
Exported script 30/60 /home/dev/kelimator-2012/artifacts/decompiled/scripts/DefineSprite_46/frame_29/DoAction.as, 00:00.002
Exported script 29/60 /home/dev/kelimator-2012/artifacts/decompiled/scripts/DefineSprite_46/frame_20/DoAction.as, 00:00.003
Exported script 31/60 /home/dev/kelimator-2012/artifacts/decompiled/scripts/DefineSprite_46/frame_39/DoAction.as, 00:00.002
Exported script 33/60 /home/dev/kelimator-2012/artifacts/decompiled/scripts/DefineSprite_74/frame_1/DoAction.as, 00:00.002
Exported script 5/60 /home/dev/kelimator-2012/artifacts/decompiled/scripts/DefineButton2_90/BUTTONCONDACTION on(release).as, 00:00.067
Exported script 34/60 /home/dev/kelimator-2012/artifacts/decompiled/scripts/DefineSprite_74/frame_11/DoAction.as, 00:00.003
Exported script 1/60 /home/dev/kelimator-2012/artifacts/decompiled/scripts/DefineButton2_57/BUTTONCONDACTION on(release).as, 00:00.067
Exported script 32/60 /home/dev/kelimator-2012/artifacts/decompiled/scripts/DefineSprite_58/frame_1/PlaceObject2_49_1/CLIPACTIONRECORD on(initialize).as, 00:00.003
Exported script 14/60 /home/dev/kelimator-2012/artifacts/decompiled/scripts/DefineSprite_21/frame_3/DoAction.as, 00:00.014
Exported script 36/60 /home/dev/kelimator-2012/artifacts/decompiled/scripts/DefineSprite_76/frame_2/DoAction.as, 00:00.002
Exported script 37/60 /home/dev/kelimator-2012/artifacts/decompiled/scripts/DefineSprite_84/frame_1/DoAction.as, 00:00.001
Exported script 38/60 /home/dev/kelimator-2012/artifacts/decompiled/scripts/DefineSprite_84/frame_3/DoAction.as, 00:00.002
Exported script 35/60 /home/dev/kelimator-2012/artifacts/decompiled/scripts/DefineSprite_76/frame_1/DoAction.as, 00:00.004
Exported script 39/60 /home/dev/kelimator-2012/artifacts/decompiled/scripts/DefineSprite_84/frame_4/DoAction.as, 00:00.002
Exported script 40/60 /home/dev/kelimator-2012/artifacts/decompiled/scripts/DefineSprite_88/frame_1/DoAction.as, 00:00.002
Exported script 41/60 /home/dev/kelimator-2012/artifacts/decompiled/scripts/DefineSprite_88/frame_2/DoAction.as, 00:00.001
Exported script 44/60 /home/dev/kelimator-2012/artifacts/decompiled/scripts/DefineSprite_123/frame_1/DoAction.as, 00:00.000
Exported script 46/60 /home/dev/kelimator-2012/artifacts/decompiled/scripts/DefineSprite_123/frame_3/DoAction.as, 00:00.001
Exported script 45/60 /home/dev/kelimator-2012/artifacts/decompiled/scripts/DefineSprite_123/frame_2/DoAction.as, 00:00.001
Exported script 42/60 /home/dev/kelimator-2012/artifacts/decompiled/scripts/DefineSprite_111/frame_1/DoAction.as, 00:00.002
Exported script 49/60 /home/dev/kelimator-2012/artifacts/decompiled/scripts/DefineSprite_170/frame_1/DoAction.as, 00:00.019
Exported script 50/60 /home/dev/kelimator-2012/artifacts/decompiled/scripts/DefineSprite_170/frame_65/DoAction.as, 00:00.019
Exported script 47/60 /home/dev/kelimator-2012/artifacts/decompiled/scripts/DefineSprite_166/frame_1/DoAction.as, 00:00.020
Exported script 48/60 /home/dev/kelimator-2012/artifacts/decompiled/scripts/DefineSprite_169/frame_60/DoAction.as, 00:00.020
Exported script 43/60 /home/dev/kelimator-2012/artifacts/decompiled/scripts/DefineSprite_111/frame_7/DoAction.as, 00:00.021
Exported script 56/60 /home/dev/kelimator-2012/artifacts/decompiled/scripts/frame_61/DoAction.as, 00:00.001
Exported script 53/60 /home/dev/kelimator-2012/artifacts/decompiled/scripts/frame_3/DoAction.as, 00:00.002
Exported script 54/60 /home/dev/kelimator-2012/artifacts/decompiled/scripts/frame_4/DoAction.as, 00:00.002
Exported script 59/60 /home/dev/kelimator-2012/artifacts/decompiled/scripts/frame_151/DoAction.as, 00:00.001
Exported script 60/60 /home/dev/kelimator-2012/artifacts/decompiled/scripts/frame_241/DoAction.as, 00:00.002
Exported script 52/60 /home/dev/kelimator-2012/artifacts/decompiled/scripts/frame_2/DoAction.as, 00:00.023
Exported script 58/60 /home/dev/kelimator-2012/artifacts/decompiled/scripts/frame_132/DoAction.as, 00:00.007
Exported script 57/60 /home/dev/kelimator-2012/artifacts/decompiled/scripts/frame_131/DoAction.as, 00:00.117
Exported script 55/60 /home/dev/kelimator-2012/artifacts/decompiled/scripts/frame_5/DoAction.as, 00:00.144
Exported script 51/60 /home/dev/kelimator-2012/artifacts/decompiled/scripts/frame_1/DoAction.as, 00:00.180
Export finished. Total export time: 00:02.651
OK
