A1 streaming sound (SoundStreamHead2) evidence

== SoundStreamHead2 / SoundStreamHead / SoundStreamBlock tags in tags.txt:
38
0
0

== distinct SoundStreamHead2 payload hex (from tags.txt; nested lines indented):
  38 len=4 payload=0a 00 00 00

== parsed stream heads (a1-swf-inspect.py):
count: 38
  x38 {"playbackSoundRateCode": 2, "playbackSoundRateHz": 22050, "playbackSoundSizeBits": 16, "playbackSoundType": "mono", "streamSoundCompression": "uncompressed", "streamSoundCompressionCode": 0, "streamSoundRateCode": 0, "streamSoundRateHz": 5512, "streamSoundSampleCount": 0, "streamSoundSizeBits": 8, "streamSoundType": "mono", "tagName": "SoundStreamHead2"}
streamBlocks: []
top-level SoundStreamHead2 count: 1
nested SoundStreamHead2 count: 37

== FFDec export of the stream (sounds/-1.wav):
-rw-r--r--@ 1 dev  staff  44 Sep 28 15:33 artifacts/decompiled/sounds/-1.wav
00000000: 5249 4646 2400 0000 5741 5645 666d 7420  RIFF$...WAVEfmt 
00000010: 1000 0000 0100 0100 8815 0000 102b 0000  .............+..
00000020: 0200 1000 6461 7461 0000 0000            ....data....
File:           artifacts/decompiled/sounds/-1.wav
File type ID:   WAVE
Num Tracks:     1
----
Data format:     1 ch,   5512 Hz, Int16
                no channel layout.
estimated duration: 0.000000 sec
audio bytes: 0
audio packets: 0
bit rate: 88192 bits per second
packet size upper bound: 2
maximum packet size: 2
audio data file offset: 44
optimized
source bit depth: I16
----
