artifacts/decompiled/fla/kelimator_tr_2012_mochiads.fla/kelimator_tr_2012_mochiads.fla: OK
artifacts/decompiled/fonts/126_Verdana.ttf: OK
artifacts/decompiled/fonts/13_Verdana.ttf: OK
artifacts/decompiled/fonts/15_Verdana.ttf: OK
artifacts/decompiled/header.txt: OK
artifacts/decompiled/images/47.png: OK
artifacts/decompiled/images/86.png: OK
artifacts/decompiled/scripts/DefineButton2_102/BUTTONCONDACTION on(release).as: OK
artifacts/decompiled/scripts/DefineButton2_105/BUTTONCONDACTION on(release).as: OK
artifacts/decompiled/scripts/DefineButton2_108/BUTTONCONDACTION on(release).as: OK
artifacts/decompiled/scripts/DefineButton2_153/BUTTONCONDACTION on(release).as: OK
artifacts/decompiled/scripts/DefineButton2_57/BUTTONCONDACTION on(release).as: OK
artifacts/decompiled/scripts/DefineButton2_63/BUTTONCONDACTION on(release).as: OK
artifacts/decompiled/scripts/DefineButton2_65/BUTTONCONDACTION on(release).as: OK
artifacts/decompiled/scripts/DefineButton2_71/BUTTONCONDACTION on(release).as: OK
artifacts/decompiled/scripts/DefineButton2_90/BUTTONCONDACTION on(release).as: OK
artifacts/decompiled/scripts/DefineButton2_96/BUTTONCONDACTION on(release).as: OK
artifacts/decompiled/scripts/DefineSprite_111/frame_1/DoAction.as: OK
artifacts/decompiled/scripts/DefineSprite_111/frame_7/DoAction.as: OK
artifacts/decompiled/scripts/DefineSprite_12/frame_2/DoAction.as: OK
artifacts/decompiled/scripts/DefineSprite_123/frame_1/DoAction.as: OK
artifacts/decompiled/scripts/DefineSprite_123/frame_2/DoAction.as: OK
artifacts/decompiled/scripts/DefineSprite_123/frame_3/DoAction.as: OK
artifacts/decompiled/scripts/DefineSprite_166/frame_1/DoAction.as: OK
artifacts/decompiled/scripts/DefineSprite_169/frame_60/DoAction.as: OK
artifacts/decompiled/scripts/DefineSprite_170/frame_1/DoAction.as: OK
artifacts/decompiled/scripts/DefineSprite_170/frame_65/DoAction.as: OK
artifacts/decompiled/scripts/DefineSprite_21/frame_1/DoAction.as: OK
artifacts/decompiled/scripts/DefineSprite_21/frame_2/DoAction.as: OK
artifacts/decompiled/scripts/DefineSprite_21/frame_3/DoAction.as: OK
artifacts/decompiled/scripts/DefineSprite_21/frame_4/DoAction.as: OK
artifacts/decompiled/scripts/DefineSprite_23/frame_1/DoAction.as: OK
artifacts/decompiled/scripts/DefineSprite_25/frame_1/DoAction.as: OK
artifacts/decompiled/scripts/DefineSprite_27/frame_1/DoAction.as: OK
artifacts/decompiled/scripts/DefineSprite_27/frame_2/DoAction.as: OK
artifacts/decompiled/scripts/DefineSprite_27/frame_4/DoAction.as: OK
artifacts/decompiled/scripts/DefineSprite_31/frame_1/DoAction.as: OK
artifacts/decompiled/scripts/DefineSprite_33/frame_1/DoAction.as: OK
artifacts/decompiled/scripts/DefineSprite_35/frame_1/DoAction.as: OK
artifacts/decompiled/scripts/DefineSprite_37/frame_1/DoAction.as: OK
artifacts/decompiled/scripts/DefineSprite_39/frame_1/DoAction.as: OK
artifacts/decompiled/scripts/DefineSprite_41/frame_1/DoAction.as: OK
artifacts/decompiled/scripts/DefineSprite_46/frame_1/DoAction.as: OK
artifacts/decompiled/scripts/DefineSprite_46/frame_10/DoAction.as: OK
artifacts/decompiled/scripts/DefineSprite_46/frame_20/DoAction.as: OK
artifacts/decompiled/scripts/DefineSprite_46/frame_29/DoAction.as: OK
artifacts/decompiled/scripts/DefineSprite_46/frame_39/DoAction.as: OK
artifacts/decompiled/scripts/DefineSprite_58/frame_1/PlaceObject2_49_1/CLIPACTIONRECORD on(initialize).as: OK
artifacts/decompiled/scripts/DefineSprite_74/frame_1/DoAction.as: OK
artifacts/decompiled/scripts/DefineSprite_74/frame_11/DoAction.as: OK
artifacts/decompiled/scripts/DefineSprite_76/frame_1/DoAction.as: OK
artifacts/decompiled/scripts/DefineSprite_76/frame_2/DoAction.as: OK
artifacts/decompiled/scripts/DefineSprite_84/frame_1/DoAction.as: OK
artifacts/decompiled/scripts/DefineSprite_84/frame_3/DoAction.as: OK
artifacts/decompiled/scripts/DefineSprite_84/frame_4/DoAction.as: OK
artifacts/decompiled/scripts/DefineSprite_88/frame_1/DoAction.as: OK
artifacts/decompiled/scripts/DefineSprite_88/frame_2/DoAction.as: OK
artifacts/decompiled/scripts/frame_1/DoAction.as: OK
artifacts/decompiled/scripts/frame_131/DoAction.as: OK
artifacts/decompiled/scripts/frame_132/DoAction.as: OK
artifacts/decompiled/scripts/frame_151/DoAction.as: OK
artifacts/decompiled/scripts/frame_2/DoAction.as: OK
artifacts/decompiled/scripts/frame_241/DoAction.as: OK
artifacts/decompiled/scripts/frame_3/DoAction.as: OK
artifacts/decompiled/scripts/frame_4/DoAction.as: OK
artifacts/decompiled/scripts/frame_5/DoAction.as: OK
artifacts/decompiled/scripts/frame_61/DoAction.as: OK
artifacts/decompiled/sfx-raw/22.mp3.rawdata: OK
artifacts/decompiled/sfx-raw/24.mp3.rawdata: OK
artifacts/decompiled/sfx-raw/26.mp3.rawdata: OK
artifacts/decompiled/sfx-raw/30.mp3.rawdata: OK
artifacts/decompiled/sfx-raw/32.mp3.rawdata: OK
artifacts/decompiled/sfx-raw/34.mp3.rawdata: OK
artifacts/decompiled/sfx-raw/36.mp3.rawdata: OK
artifacts/decompiled/sfx-raw/38.mp3.rawdata: OK
artifacts/decompiled/sfx-raw/40.mp3.rawdata: OK
artifacts/decompiled/shapes/1.svg: OK
artifacts/decompiled/shapes/10.svg: OK
artifacts/decompiled/shapes/107.svg: OK
artifacts/decompiled/shapes/113.svg: OK
artifacts/decompiled/shapes/114.svg: OK
artifacts/decompiled/shapes/116.svg: OK
artifacts/decompiled/shapes/117.svg: OK
artifacts/decompiled/shapes/118.svg: OK
artifacts/decompiled/shapes/120.svg: OK
artifacts/decompiled/shapes/121.svg: OK
artifacts/decompiled/shapes/145.svg: OK
artifacts/decompiled/shapes/146.svg: OK
artifacts/decompiled/shapes/147.svg: OK
artifacts/decompiled/shapes/149.svg: OK
artifacts/decompiled/shapes/151.svg: OK
artifacts/decompiled/shapes/167.svg: OK
artifacts/decompiled/shapes/2.svg: OK
artifacts/decompiled/shapes/20.svg: OK
artifacts/decompiled/shapes/28.svg: OK
artifacts/decompiled/shapes/4.svg: OK
artifacts/decompiled/shapes/42.svg: OK
artifacts/decompiled/shapes/48.svg: OK
artifacts/decompiled/shapes/50.svg: OK
artifacts/decompiled/shapes/51.svg: OK
artifacts/decompiled/shapes/53.svg: OK
artifacts/decompiled/shapes/54.svg: OK
artifacts/decompiled/shapes/56.svg: OK
artifacts/decompiled/shapes/59.svg: OK
artifacts/decompiled/shapes/6.svg: OK
artifacts/decompiled/shapes/61.svg: OK
artifacts/decompiled/shapes/62.svg: OK
artifacts/decompiled/shapes/66.svg: OK
artifacts/decompiled/shapes/68.svg: OK
artifacts/decompiled/shapes/7.svg: OK
artifacts/decompiled/shapes/70.svg: OK
artifacts/decompiled/shapes/72.svg: OK
artifacts/decompiled/shapes/73.svg: OK
artifacts/decompiled/shapes/75.svg: OK
artifacts/decompiled/shapes/77.svg: OK
artifacts/decompiled/shapes/79.svg: OK
artifacts/decompiled/shapes/85.svg: OK
artifacts/decompiled/shapes/87.svg: OK
artifacts/decompiled/shapes/89.svg: OK
artifacts/decompiled/shapes/9.svg: OK
artifacts/decompiled/shapes/91.svg: OK
artifacts/decompiled/shapes/95.svg: OK
artifacts/decompiled/shapes/98.svg: OK
artifacts/decompiled/sounds/-1.wav: OK
artifacts/decompiled/sounds/22.mp3: OK
artifacts/decompiled/sounds/24.mp3: OK
artifacts/decompiled/sounds/26.mp3: OK
artifacts/decompiled/sounds/30.mp3: OK
artifacts/decompiled/sounds/32.mp3: OK
artifacts/decompiled/sounds/34.mp3: OK
artifacts/decompiled/sounds/36.mp3: OK
artifacts/decompiled/sounds/38.mp3: OK
artifacts/decompiled/sounds/40.mp3: OK
artifacts/decompiled/sprites/DefineSprite_103/1.svg: OK
artifacts/decompiled/sprites/DefineSprite_11/1.svg: OK
artifacts/decompiled/sprites/DefineSprite_110/1.svg: OK
artifacts/decompiled/sprites/DefineSprite_111/1.svg: OK
artifacts/decompiled/sprites/DefineSprite_111/10.svg: OK
artifacts/decompiled/sprites/DefineSprite_111/11.svg: OK
artifacts/decompiled/sprites/DefineSprite_111/12.svg: OK
artifacts/decompiled/sprites/DefineSprite_111/13.svg: OK
artifacts/decompiled/sprites/DefineSprite_111/14.svg: OK
artifacts/decompiled/sprites/DefineSprite_111/15.svg: OK
artifacts/decompiled/sprites/DefineSprite_111/16.svg: OK
artifacts/decompiled/sprites/DefineSprite_111/17.svg: OK
artifacts/decompiled/sprites/DefineSprite_111/18.svg: OK
artifacts/decompiled/sprites/DefineSprite_111/19.svg: OK
artifacts/decompiled/sprites/DefineSprite_111/2.svg: OK
artifacts/decompiled/sprites/DefineSprite_111/20.svg: OK
artifacts/decompiled/sprites/DefineSprite_111/21.svg: OK
artifacts/decompiled/sprites/DefineSprite_111/22.svg: OK
artifacts/decompiled/sprites/DefineSprite_111/23.svg: OK
artifacts/decompiled/sprites/DefineSprite_111/24.svg: OK
artifacts/decompiled/sprites/DefineSprite_111/25.svg: OK
artifacts/decompiled/sprites/DefineSprite_111/26.svg: OK
artifacts/decompiled/sprites/DefineSprite_111/27.svg: OK
artifacts/decompiled/sprites/DefineSprite_111/28.svg: OK
artifacts/decompiled/sprites/DefineSprite_111/29.svg: OK
artifacts/decompiled/sprites/DefineSprite_111/3.svg: OK
artifacts/decompiled/sprites/DefineSprite_111/30.svg: OK
artifacts/decompiled/sprites/DefineSprite_111/31.svg: OK
artifacts/decompiled/sprites/DefineSprite_111/32.svg: OK
artifacts/decompiled/sprites/DefineSprite_111/33.svg: OK
artifacts/decompiled/sprites/DefineSprite_111/34.svg: OK
artifacts/decompiled/sprites/DefineSprite_111/35.svg: OK
artifacts/decompiled/sprites/DefineSprite_111/36.svg: OK
artifacts/decompiled/sprites/DefineSprite_111/37.svg: OK
artifacts/decompiled/sprites/DefineSprite_111/4.svg: OK
artifacts/decompiled/sprites/DefineSprite_111/5.svg: OK
artifacts/decompiled/sprites/DefineSprite_111/6.svg: OK
artifacts/decompiled/sprites/DefineSprite_111/7.svg: OK
artifacts/decompiled/sprites/DefineSprite_111/8.svg: OK
artifacts/decompiled/sprites/DefineSprite_111/9.svg: OK
artifacts/decompiled/sprites/DefineSprite_115/1.svg: OK
artifacts/decompiled/sprites/DefineSprite_12/1.svg: OK
artifacts/decompiled/sprites/DefineSprite_12/2.svg: OK
artifacts/decompiled/sprites/DefineSprite_123/1.svg: OK
artifacts/decompiled/sprites/DefineSprite_123/2.svg: OK
artifacts/decompiled/sprites/DefineSprite_123/3.svg: OK
artifacts/decompiled/sprites/DefineSprite_166/1.svg: OK
artifacts/decompiled/sprites/DefineSprite_168/1.svg: OK
artifacts/decompiled/sprites/DefineSprite_168/10.svg: OK
artifacts/decompiled/sprites/DefineSprite_168/11.svg: OK
artifacts/decompiled/sprites/DefineSprite_168/12.svg: OK
artifacts/decompiled/sprites/DefineSprite_168/13.svg: OK
artifacts/decompiled/sprites/DefineSprite_168/14.svg: OK
artifacts/decompiled/sprites/DefineSprite_168/15.svg: OK
artifacts/decompiled/sprites/DefineSprite_168/16.svg: OK
artifacts/decompiled/sprites/DefineSprite_168/17.svg: OK
artifacts/decompiled/sprites/DefineSprite_168/18.svg: OK
artifacts/decompiled/sprites/DefineSprite_168/19.svg: OK
artifacts/decompiled/sprites/DefineSprite_168/2.svg: OK
artifacts/decompiled/sprites/DefineSprite_168/20.svg: OK
artifacts/decompiled/sprites/DefineSprite_168/21.svg: OK
artifacts/decompiled/sprites/DefineSprite_168/22.svg: OK
artifacts/decompiled/sprites/DefineSprite_168/23.svg: OK
artifacts/decompiled/sprites/DefineSprite_168/24.svg: OK
artifacts/decompiled/sprites/DefineSprite_168/25.svg: OK
artifacts/decompiled/sprites/DefineSprite_168/26.svg: OK
artifacts/decompiled/sprites/DefineSprite_168/27.svg: OK
artifacts/decompiled/sprites/DefineSprite_168/28.svg: OK
artifacts/decompiled/sprites/DefineSprite_168/29.svg: OK
artifacts/decompiled/sprites/DefineSprite_168/3.svg: OK
artifacts/decompiled/sprites/DefineSprite_168/30.svg: OK
artifacts/decompiled/sprites/DefineSprite_168/31.svg: OK
artifacts/decompiled/sprites/DefineSprite_168/32.svg: OK
artifacts/decompiled/sprites/DefineSprite_168/33.svg: OK
artifacts/decompiled/sprites/DefineSprite_168/34.svg: OK
artifacts/decompiled/sprites/DefineSprite_168/35.svg: OK
artifacts/decompiled/sprites/DefineSprite_168/36.svg: OK
artifacts/decompiled/sprites/DefineSprite_168/37.svg: OK
artifacts/decompiled/sprites/DefineSprite_168/38.svg: OK
artifacts/decompiled/sprites/DefineSprite_168/39.svg: OK
artifacts/decompiled/sprites/DefineSprite_168/4.svg: OK
artifacts/decompiled/sprites/DefineSprite_168/40.svg: OK
artifacts/decompiled/sprites/DefineSprite_168/41.svg: OK
artifacts/decompiled/sprites/DefineSprite_168/42.svg: OK
artifacts/decompiled/sprites/DefineSprite_168/43.svg: OK
artifacts/decompiled/sprites/DefineSprite_168/44.svg: OK
artifacts/decompiled/sprites/DefineSprite_168/45.svg: OK
artifacts/decompiled/sprites/DefineSprite_168/46.svg: OK
artifacts/decompiled/sprites/DefineSprite_168/47.svg: OK
artifacts/decompiled/sprites/DefineSprite_168/48.svg: OK
artifacts/decompiled/sprites/DefineSprite_168/49.svg: OK
artifacts/decompiled/sprites/DefineSprite_168/5.svg: OK
artifacts/decompiled/sprites/DefineSprite_168/50.svg: OK
artifacts/decompiled/sprites/DefineSprite_168/51.svg: OK
artifacts/decompiled/sprites/DefineSprite_168/52.svg: OK
artifacts/decompiled/sprites/DefineSprite_168/53.svg: OK
artifacts/decompiled/sprites/DefineSprite_168/54.svg: OK
artifacts/decompiled/sprites/DefineSprite_168/55.svg: OK
artifacts/decompiled/sprites/DefineSprite_168/56.svg: OK
artifacts/decompiled/sprites/DefineSprite_168/57.svg: OK
artifacts/decompiled/sprites/DefineSprite_168/58.svg: OK
artifacts/decompiled/sprites/DefineSprite_168/59.svg: OK
artifacts/decompiled/sprites/DefineSprite_168/6.svg: OK
artifacts/decompiled/sprites/DefineSprite_168/60.svg: OK
artifacts/decompiled/sprites/DefineSprite_168/7.svg: OK
artifacts/decompiled/sprites/DefineSprite_168/8.svg: OK
artifacts/decompiled/sprites/DefineSprite_168/9.svg: OK
artifacts/decompiled/sprites/DefineSprite_169/1.svg: OK
artifacts/decompiled/sprites/DefineSprite_169/10.svg: OK
artifacts/decompiled/sprites/DefineSprite_169/11.svg: OK
artifacts/decompiled/sprites/DefineSprite_169/12.svg: OK
artifacts/decompiled/sprites/DefineSprite_169/13.svg: OK
artifacts/decompiled/sprites/DefineSprite_169/14.svg: OK
artifacts/decompiled/sprites/DefineSprite_169/15.svg: OK
artifacts/decompiled/sprites/DefineSprite_169/16.svg: OK
artifacts/decompiled/sprites/DefineSprite_169/17.svg: OK
artifacts/decompiled/sprites/DefineSprite_169/18.svg: OK
artifacts/decompiled/sprites/DefineSprite_169/19.svg: OK
artifacts/decompiled/sprites/DefineSprite_169/2.svg: OK
artifacts/decompiled/sprites/DefineSprite_169/20.svg: OK
artifacts/decompiled/sprites/DefineSprite_169/21.svg: OK
artifacts/decompiled/sprites/DefineSprite_169/22.svg: OK
artifacts/decompiled/sprites/DefineSprite_169/23.svg: OK
artifacts/decompiled/sprites/DefineSprite_169/24.svg: OK
artifacts/decompiled/sprites/DefineSprite_169/25.svg: OK
artifacts/decompiled/sprites/DefineSprite_169/26.svg: OK
artifacts/decompiled/sprites/DefineSprite_169/27.svg: OK
artifacts/decompiled/sprites/DefineSprite_169/28.svg: OK
artifacts/decompiled/sprites/DefineSprite_169/29.svg: OK
artifacts/decompiled/sprites/DefineSprite_169/3.svg: OK
artifacts/decompiled/sprites/DefineSprite_169/30.svg: OK
artifacts/decompiled/sprites/DefineSprite_169/31.svg: OK
artifacts/decompiled/sprites/DefineSprite_169/32.svg: OK
artifacts/decompiled/sprites/DefineSprite_169/33.svg: OK
artifacts/decompiled/sprites/DefineSprite_169/34.svg: OK
artifacts/decompiled/sprites/DefineSprite_169/35.svg: OK
artifacts/decompiled/sprites/DefineSprite_169/36.svg: OK
artifacts/decompiled/sprites/DefineSprite_169/37.svg: OK
artifacts/decompiled/sprites/DefineSprite_169/38.svg: OK
artifacts/decompiled/sprites/DefineSprite_169/39.svg: OK
artifacts/decompiled/sprites/DefineSprite_169/4.svg: OK
artifacts/decompiled/sprites/DefineSprite_169/40.svg: OK
artifacts/decompiled/sprites/DefineSprite_169/41.svg: OK
artifacts/decompiled/sprites/DefineSprite_169/42.svg: OK
artifacts/decompiled/sprites/DefineSprite_169/43.svg: OK
artifacts/decompiled/sprites/DefineSprite_169/44.svg: OK
artifacts/decompiled/sprites/DefineSprite_169/45.svg: OK
artifacts/decompiled/sprites/DefineSprite_169/46.svg: OK
artifacts/decompiled/sprites/DefineSprite_169/47.svg: OK
artifacts/decompiled/sprites/DefineSprite_169/48.svg: OK
artifacts/decompiled/sprites/DefineSprite_169/49.svg: OK
artifacts/decompiled/sprites/DefineSprite_169/5.svg: OK
artifacts/decompiled/sprites/DefineSprite_169/50.svg: OK
artifacts/decompiled/sprites/DefineSprite_169/51.svg: OK
artifacts/decompiled/sprites/DefineSprite_169/52.svg: OK
artifacts/decompiled/sprites/DefineSprite_169/53.svg: OK
artifacts/decompiled/sprites/DefineSprite_169/54.svg: OK
artifacts/decompiled/sprites/DefineSprite_169/55.svg: OK
artifacts/decompiled/sprites/DefineSprite_169/56.svg: OK
artifacts/decompiled/sprites/DefineSprite_169/57.svg: OK
artifacts/decompiled/sprites/DefineSprite_169/58.svg: OK
artifacts/decompiled/sprites/DefineSprite_169/59.svg: OK
artifacts/decompiled/sprites/DefineSprite_169/6.svg: OK
artifacts/decompiled/sprites/DefineSprite_169/60.svg: OK
artifacts/decompiled/sprites/DefineSprite_169/7.svg: OK
artifacts/decompiled/sprites/DefineSprite_169/8.svg: OK
artifacts/decompiled/sprites/DefineSprite_169/9.svg: OK
artifacts/decompiled/sprites/DefineSprite_170/1.svg: OK
artifacts/decompiled/sprites/DefineSprite_170/10.svg: OK
artifacts/decompiled/sprites/DefineSprite_170/11.svg: OK
artifacts/decompiled/sprites/DefineSprite_170/12.svg: OK
artifacts/decompiled/sprites/DefineSprite_170/13.svg: OK
artifacts/decompiled/sprites/DefineSprite_170/14.svg: OK
artifacts/decompiled/sprites/DefineSprite_170/15.svg: OK
artifacts/decompiled/sprites/DefineSprite_170/16.svg: OK
artifacts/decompiled/sprites/DefineSprite_170/17.svg: OK
artifacts/decompiled/sprites/DefineSprite_170/18.svg: OK
artifacts/decompiled/sprites/DefineSprite_170/19.svg: OK
artifacts/decompiled/sprites/DefineSprite_170/2.svg: OK
artifacts/decompiled/sprites/DefineSprite_170/20.svg: OK
artifacts/decompiled/sprites/DefineSprite_170/21.svg: OK
artifacts/decompiled/sprites/DefineSprite_170/22.svg: OK
artifacts/decompiled/sprites/DefineSprite_170/23.svg: OK
artifacts/decompiled/sprites/DefineSprite_170/24.svg: OK
artifacts/decompiled/sprites/DefineSprite_170/25.svg: OK
artifacts/decompiled/sprites/DefineSprite_170/26.svg: OK
artifacts/decompiled/sprites/DefineSprite_170/27.svg: OK
artifacts/decompiled/sprites/DefineSprite_170/28.svg: OK
artifacts/decompiled/sprites/DefineSprite_170/29.svg: OK
artifacts/decompiled/sprites/DefineSprite_170/3.svg: OK
artifacts/decompiled/sprites/DefineSprite_170/30.svg: OK
artifacts/decompiled/sprites/DefineSprite_170/31.svg: OK
artifacts/decompiled/sprites/DefineSprite_170/32.svg: OK
artifacts/decompiled/sprites/DefineSprite_170/33.svg: OK
artifacts/decompiled/sprites/DefineSprite_170/34.svg: OK
artifacts/decompiled/sprites/DefineSprite_170/35.svg: OK
artifacts/decompiled/sprites/DefineSprite_170/36.svg: OK
artifacts/decompiled/sprites/DefineSprite_170/37.svg: OK
artifacts/decompiled/sprites/DefineSprite_170/38.svg: OK
artifacts/decompiled/sprites/DefineSprite_170/39.svg: OK
artifacts/decompiled/sprites/DefineSprite_170/4.svg: OK
artifacts/decompiled/sprites/DefineSprite_170/40.svg: OK
artifacts/decompiled/sprites/DefineSprite_170/41.svg: OK
artifacts/decompiled/sprites/DefineSprite_170/42.svg: OK
artifacts/decompiled/sprites/DefineSprite_170/43.svg: OK
artifacts/decompiled/sprites/DefineSprite_170/44.svg: OK
artifacts/decompiled/sprites/DefineSprite_170/45.svg: OK
artifacts/decompiled/sprites/DefineSprite_170/46.svg: OK
artifacts/decompiled/sprites/DefineSprite_170/47.svg: OK
artifacts/decompiled/sprites/DefineSprite_170/48.svg: OK
artifacts/decompiled/sprites/DefineSprite_170/49.svg: OK
artifacts/decompiled/sprites/DefineSprite_170/5.svg: OK
artifacts/decompiled/sprites/DefineSprite_170/50.svg: OK
artifacts/decompiled/sprites/DefineSprite_170/51.svg: OK
artifacts/decompiled/sprites/DefineSprite_170/52.svg: OK
artifacts/decompiled/sprites/DefineSprite_170/53.svg: OK
artifacts/decompiled/sprites/DefineSprite_170/54.svg: OK
artifacts/decompiled/sprites/DefineSprite_170/55.svg: OK
artifacts/decompiled/sprites/DefineSprite_170/56.svg: OK
artifacts/decompiled/sprites/DefineSprite_170/57.svg: OK
artifacts/decompiled/sprites/DefineSprite_170/58.svg: OK
artifacts/decompiled/sprites/DefineSprite_170/59.svg: OK
artifacts/decompiled/sprites/DefineSprite_170/6.svg: OK
artifacts/decompiled/sprites/DefineSprite_170/60.svg: OK
artifacts/decompiled/sprites/DefineSprite_170/61.svg: OK
artifacts/decompiled/sprites/DefineSprite_170/62.svg: OK
artifacts/decompiled/sprites/DefineSprite_170/63.svg: OK
artifacts/decompiled/sprites/DefineSprite_170/64.svg: OK
artifacts/decompiled/sprites/DefineSprite_170/65.svg: OK
artifacts/decompiled/sprites/DefineSprite_170/7.svg: OK
artifacts/decompiled/sprites/DefineSprite_170/8.svg: OK
artifacts/decompiled/sprites/DefineSprite_170/9.svg: OK
artifacts/decompiled/sprites/DefineSprite_21/1.svg: OK
artifacts/decompiled/sprites/DefineSprite_21/2.svg: OK
artifacts/decompiled/sprites/DefineSprite_21/3.svg: OK
artifacts/decompiled/sprites/DefineSprite_21/4.svg: OK
artifacts/decompiled/sprites/DefineSprite_23/1.svg: OK
artifacts/decompiled/sprites/DefineSprite_23/10.svg: OK
artifacts/decompiled/sprites/DefineSprite_23/11.svg: OK
artifacts/decompiled/sprites/DefineSprite_23/2.svg: OK
artifacts/decompiled/sprites/DefineSprite_23/3.svg: OK
artifacts/decompiled/sprites/DefineSprite_23/4.svg: OK
artifacts/decompiled/sprites/DefineSprite_23/5.svg: OK
artifacts/decompiled/sprites/DefineSprite_23/6.svg: OK
artifacts/decompiled/sprites/DefineSprite_23/7.svg: OK
artifacts/decompiled/sprites/DefineSprite_23/8.svg: OK
artifacts/decompiled/sprites/DefineSprite_23/9.svg: OK
artifacts/decompiled/sprites/DefineSprite_25/1.svg: OK
artifacts/decompiled/sprites/DefineSprite_25/10.svg: OK
artifacts/decompiled/sprites/DefineSprite_25/11.svg: OK
artifacts/decompiled/sprites/DefineSprite_25/12.svg: OK
artifacts/decompiled/sprites/DefineSprite_25/13.svg: OK
artifacts/decompiled/sprites/DefineSprite_25/14.svg: OK
artifacts/decompiled/sprites/DefineSprite_25/15.svg: OK
artifacts/decompiled/sprites/DefineSprite_25/16.svg: OK
artifacts/decompiled/sprites/DefineSprite_25/17.svg: OK
artifacts/decompiled/sprites/DefineSprite_25/18.svg: OK
artifacts/decompiled/sprites/DefineSprite_25/19.svg: OK
artifacts/decompiled/sprites/DefineSprite_25/2.svg: OK
artifacts/decompiled/sprites/DefineSprite_25/20.svg: OK
artifacts/decompiled/sprites/DefineSprite_25/21.svg: OK
artifacts/decompiled/sprites/DefineSprite_25/22.svg: OK
artifacts/decompiled/sprites/DefineSprite_25/23.svg: OK
artifacts/decompiled/sprites/DefineSprite_25/24.svg: OK
artifacts/decompiled/sprites/DefineSprite_25/25.svg: OK
artifacts/decompiled/sprites/DefineSprite_25/26.svg: OK
artifacts/decompiled/sprites/DefineSprite_25/27.svg: OK
artifacts/decompiled/sprites/DefineSprite_25/28.svg: OK
artifacts/decompiled/sprites/DefineSprite_25/29.svg: OK
artifacts/decompiled/sprites/DefineSprite_25/3.svg: OK
artifacts/decompiled/sprites/DefineSprite_25/4.svg: OK
artifacts/decompiled/sprites/DefineSprite_25/5.svg: OK
artifacts/decompiled/sprites/DefineSprite_25/6.svg: OK
artifacts/decompiled/sprites/DefineSprite_25/7.svg: OK
artifacts/decompiled/sprites/DefineSprite_25/8.svg: OK
artifacts/decompiled/sprites/DefineSprite_25/9.svg: OK
artifacts/decompiled/sprites/DefineSprite_27/1.svg: OK
artifacts/decompiled/sprites/DefineSprite_27/2.svg: OK
artifacts/decompiled/sprites/DefineSprite_27/3.svg: OK
artifacts/decompiled/sprites/DefineSprite_27/4.svg: OK
artifacts/decompiled/sprites/DefineSprite_29/1.svg: OK
artifacts/decompiled/sprites/DefineSprite_3/1.svg: OK
artifacts/decompiled/sprites/DefineSprite_31/1.svg: OK
artifacts/decompiled/sprites/DefineSprite_31/10.svg: OK
artifacts/decompiled/sprites/DefineSprite_31/11.svg: OK
artifacts/decompiled/sprites/DefineSprite_31/12.svg: OK
artifacts/decompiled/sprites/DefineSprite_31/2.svg: OK
artifacts/decompiled/sprites/DefineSprite_31/3.svg: OK
artifacts/decompiled/sprites/DefineSprite_31/4.svg: OK
artifacts/decompiled/sprites/DefineSprite_31/5.svg: OK
artifacts/decompiled/sprites/DefineSprite_31/6.svg: OK
artifacts/decompiled/sprites/DefineSprite_31/7.svg: OK
artifacts/decompiled/sprites/DefineSprite_31/8.svg: OK
artifacts/decompiled/sprites/DefineSprite_31/9.svg: OK
artifacts/decompiled/sprites/DefineSprite_33/1.svg: OK
artifacts/decompiled/sprites/DefineSprite_33/10.svg: OK
artifacts/decompiled/sprites/DefineSprite_33/11.svg: OK
artifacts/decompiled/sprites/DefineSprite_33/12.svg: OK
artifacts/decompiled/sprites/DefineSprite_33/2.svg: OK
artifacts/decompiled/sprites/DefineSprite_33/3.svg: OK
artifacts/decompiled/sprites/DefineSprite_33/4.svg: OK
artifacts/decompiled/sprites/DefineSprite_33/5.svg: OK
artifacts/decompiled/sprites/DefineSprite_33/6.svg: OK
artifacts/decompiled/sprites/DefineSprite_33/7.svg: OK
artifacts/decompiled/sprites/DefineSprite_33/8.svg: OK
artifacts/decompiled/sprites/DefineSprite_33/9.svg: OK
artifacts/decompiled/sprites/DefineSprite_35/1.svg: OK
artifacts/decompiled/sprites/DefineSprite_35/2.svg: OK
artifacts/decompiled/sprites/DefineSprite_35/3.svg: OK
artifacts/decompiled/sprites/DefineSprite_35/4.svg: OK
artifacts/decompiled/sprites/DefineSprite_35/5.svg: OK
artifacts/decompiled/sprites/DefineSprite_37/1.svg: OK
artifacts/decompiled/sprites/DefineSprite_37/2.svg: OK
artifacts/decompiled/sprites/DefineSprite_37/3.svg: OK
artifacts/decompiled/sprites/DefineSprite_37/4.svg: OK
artifacts/decompiled/sprites/DefineSprite_37/5.svg: OK
artifacts/decompiled/sprites/DefineSprite_37/6.svg: OK
artifacts/decompiled/sprites/DefineSprite_37/7.svg: OK
artifacts/decompiled/sprites/DefineSprite_39/1.svg: OK
artifacts/decompiled/sprites/DefineSprite_39/10.svg: OK
artifacts/decompiled/sprites/DefineSprite_39/11.svg: OK
artifacts/decompiled/sprites/DefineSprite_39/2.svg: OK
artifacts/decompiled/sprites/DefineSprite_39/3.svg: OK
artifacts/decompiled/sprites/DefineSprite_39/4.svg: OK
artifacts/decompiled/sprites/DefineSprite_39/5.svg: OK
artifacts/decompiled/sprites/DefineSprite_39/6.svg: OK
artifacts/decompiled/sprites/DefineSprite_39/7.svg: OK
artifacts/decompiled/sprites/DefineSprite_39/8.svg: OK
artifacts/decompiled/sprites/DefineSprite_39/9.svg: OK
artifacts/decompiled/sprites/DefineSprite_41/1.svg: OK
artifacts/decompiled/sprites/DefineSprite_41/10.svg: OK
artifacts/decompiled/sprites/DefineSprite_41/11.svg: OK
artifacts/decompiled/sprites/DefineSprite_41/12.svg: OK
artifacts/decompiled/sprites/DefineSprite_41/13.svg: OK
artifacts/decompiled/sprites/DefineSprite_41/14.svg: OK
artifacts/decompiled/sprites/DefineSprite_41/15.svg: OK
artifacts/decompiled/sprites/DefineSprite_41/2.svg: OK
artifacts/decompiled/sprites/DefineSprite_41/3.svg: OK
artifacts/decompiled/sprites/DefineSprite_41/4.svg: OK
artifacts/decompiled/sprites/DefineSprite_41/5.svg: OK
artifacts/decompiled/sprites/DefineSprite_41/6.svg: OK
artifacts/decompiled/sprites/DefineSprite_41/7.svg: OK
artifacts/decompiled/sprites/DefineSprite_41/8.svg: OK
artifacts/decompiled/sprites/DefineSprite_41/9.svg: OK
artifacts/decompiled/sprites/DefineSprite_45/1.svg: OK
artifacts/decompiled/sprites/DefineSprite_46/1.svg: OK
artifacts/decompiled/sprites/DefineSprite_46/10.svg: OK
artifacts/decompiled/sprites/DefineSprite_46/11.svg: OK
artifacts/decompiled/sprites/DefineSprite_46/12.svg: OK
artifacts/decompiled/sprites/DefineSprite_46/13.svg: OK
artifacts/decompiled/sprites/DefineSprite_46/14.svg: OK
artifacts/decompiled/sprites/DefineSprite_46/15.svg: OK
artifacts/decompiled/sprites/DefineSprite_46/16.svg: OK
artifacts/decompiled/sprites/DefineSprite_46/17.svg: OK
artifacts/decompiled/sprites/DefineSprite_46/18.svg: OK
artifacts/decompiled/sprites/DefineSprite_46/19.svg: OK
artifacts/decompiled/sprites/DefineSprite_46/2.svg: OK
artifacts/decompiled/sprites/DefineSprite_46/20.svg: OK
artifacts/decompiled/sprites/DefineSprite_46/21.svg: OK
artifacts/decompiled/sprites/DefineSprite_46/22.svg: OK
artifacts/decompiled/sprites/DefineSprite_46/23.svg: OK
artifacts/decompiled/sprites/DefineSprite_46/24.svg: OK
artifacts/decompiled/sprites/DefineSprite_46/25.svg: OK
artifacts/decompiled/sprites/DefineSprite_46/26.svg: OK
artifacts/decompiled/sprites/DefineSprite_46/27.svg: OK
artifacts/decompiled/sprites/DefineSprite_46/28.svg: OK
artifacts/decompiled/sprites/DefineSprite_46/29.svg: OK
artifacts/decompiled/sprites/DefineSprite_46/3.svg: OK
artifacts/decompiled/sprites/DefineSprite_46/30.svg: OK
artifacts/decompiled/sprites/DefineSprite_46/31.svg: OK
artifacts/decompiled/sprites/DefineSprite_46/32.svg: OK
artifacts/decompiled/sprites/DefineSprite_46/33.svg: OK
artifacts/decompiled/sprites/DefineSprite_46/34.svg: OK
artifacts/decompiled/sprites/DefineSprite_46/35.svg: OK
artifacts/decompiled/sprites/DefineSprite_46/36.svg: OK
artifacts/decompiled/sprites/DefineSprite_46/37.svg: OK
artifacts/decompiled/sprites/DefineSprite_46/38.svg: OK
artifacts/decompiled/sprites/DefineSprite_46/39.svg: OK
artifacts/decompiled/sprites/DefineSprite_46/4.svg: OK
artifacts/decompiled/sprites/DefineSprite_46/5.svg: OK
artifacts/decompiled/sprites/DefineSprite_46/6.svg: OK
artifacts/decompiled/sprites/DefineSprite_46/7.svg: OK
artifacts/decompiled/sprites/DefineSprite_46/8.svg: OK
artifacts/decompiled/sprites/DefineSprite_46/9.svg: OK
artifacts/decompiled/sprites/DefineSprite_49/1.svg: OK
artifacts/decompiled/sprites/DefineSprite_5/1.svg: OK
artifacts/decompiled/sprites/DefineSprite_58/1.svg: OK
artifacts/decompiled/sprites/DefineSprite_67/1.svg: OK
artifacts/decompiled/sprites/DefineSprite_74/1.svg: OK
artifacts/decompiled/sprites/DefineSprite_74/10.svg: OK
artifacts/decompiled/sprites/DefineSprite_74/11.svg: OK
artifacts/decompiled/sprites/DefineSprite_74/2.svg: OK
artifacts/decompiled/sprites/DefineSprite_74/3.svg: OK
artifacts/decompiled/sprites/DefineSprite_74/4.svg: OK
artifacts/decompiled/sprites/DefineSprite_74/5.svg: OK
artifacts/decompiled/sprites/DefineSprite_74/6.svg: OK
artifacts/decompiled/sprites/DefineSprite_74/7.svg: OK
artifacts/decompiled/sprites/DefineSprite_74/8.svg: OK
artifacts/decompiled/sprites/DefineSprite_74/9.svg: OK
artifacts/decompiled/sprites/DefineSprite_76/1.svg: OK
artifacts/decompiled/sprites/DefineSprite_76/2.svg: OK
artifacts/decompiled/sprites/DefineSprite_8/1.svg: OK
artifacts/decompiled/sprites/DefineSprite_80/1.svg: OK
artifacts/decompiled/sprites/DefineSprite_81/1.svg: OK
artifacts/decompiled/sprites/DefineSprite_81/10.svg: OK
artifacts/decompiled/sprites/DefineSprite_81/11.svg: OK
artifacts/decompiled/sprites/DefineSprite_81/12.svg: OK
artifacts/decompiled/sprites/DefineSprite_81/13.svg: OK
artifacts/decompiled/sprites/DefineSprite_81/14.svg: OK
artifacts/decompiled/sprites/DefineSprite_81/15.svg: OK
artifacts/decompiled/sprites/DefineSprite_81/16.svg: OK
artifacts/decompiled/sprites/DefineSprite_81/17.svg: OK
artifacts/decompiled/sprites/DefineSprite_81/18.svg: OK
artifacts/decompiled/sprites/DefineSprite_81/19.svg: OK
artifacts/decompiled/sprites/DefineSprite_81/2.svg: OK
artifacts/decompiled/sprites/DefineSprite_81/20.svg: OK
artifacts/decompiled/sprites/DefineSprite_81/21.svg: OK
artifacts/decompiled/sprites/DefineSprite_81/22.svg: OK
artifacts/decompiled/sprites/DefineSprite_81/23.svg: OK
artifacts/decompiled/sprites/DefineSprite_81/24.svg: OK
artifacts/decompiled/sprites/DefineSprite_81/25.svg: OK
artifacts/decompiled/sprites/DefineSprite_81/26.svg: OK
artifacts/decompiled/sprites/DefineSprite_81/27.svg: OK
artifacts/decompiled/sprites/DefineSprite_81/28.svg: OK
artifacts/decompiled/sprites/DefineSprite_81/29.svg: OK
artifacts/decompiled/sprites/DefineSprite_81/3.svg: OK
artifacts/decompiled/sprites/DefineSprite_81/30.svg: OK
artifacts/decompiled/sprites/DefineSprite_81/31.svg: OK
artifacts/decompiled/sprites/DefineSprite_81/32.svg: OK
artifacts/decompiled/sprites/DefineSprite_81/33.svg: OK
artifacts/decompiled/sprites/DefineSprite_81/34.svg: OK
artifacts/decompiled/sprites/DefineSprite_81/35.svg: OK
artifacts/decompiled/sprites/DefineSprite_81/36.svg: OK
artifacts/decompiled/sprites/DefineSprite_81/37.svg: OK
artifacts/decompiled/sprites/DefineSprite_81/38.svg: OK
artifacts/decompiled/sprites/DefineSprite_81/39.svg: OK
artifacts/decompiled/sprites/DefineSprite_81/4.svg: OK
artifacts/decompiled/sprites/DefineSprite_81/40.svg: OK
artifacts/decompiled/sprites/DefineSprite_81/41.svg: OK
artifacts/decompiled/sprites/DefineSprite_81/42.svg: OK
artifacts/decompiled/sprites/DefineSprite_81/43.svg: OK
artifacts/decompiled/sprites/DefineSprite_81/44.svg: OK
artifacts/decompiled/sprites/DefineSprite_81/45.svg: OK
artifacts/decompiled/sprites/DefineSprite_81/46.svg: OK
artifacts/decompiled/sprites/DefineSprite_81/47.svg: OK
artifacts/decompiled/sprites/DefineSprite_81/48.svg: OK
artifacts/decompiled/sprites/DefineSprite_81/49.svg: OK
artifacts/decompiled/sprites/DefineSprite_81/5.svg: OK
artifacts/decompiled/sprites/DefineSprite_81/50.svg: OK
artifacts/decompiled/sprites/DefineSprite_81/51.svg: OK
artifacts/decompiled/sprites/DefineSprite_81/52.svg: OK
artifacts/decompiled/sprites/DefineSprite_81/53.svg: OK
artifacts/decompiled/sprites/DefineSprite_81/54.svg: OK
artifacts/decompiled/sprites/DefineSprite_81/55.svg: OK
artifacts/decompiled/sprites/DefineSprite_81/56.svg: OK
artifacts/decompiled/sprites/DefineSprite_81/57.svg: OK
artifacts/decompiled/sprites/DefineSprite_81/58.svg: OK
artifacts/decompiled/sprites/DefineSprite_81/59.svg: OK
artifacts/decompiled/sprites/DefineSprite_81/6.svg: OK
artifacts/decompiled/sprites/DefineSprite_81/60.svg: OK
artifacts/decompiled/sprites/DefineSprite_81/61.svg: OK
artifacts/decompiled/sprites/DefineSprite_81/62.svg: OK
artifacts/decompiled/sprites/DefineSprite_81/63.svg: OK
artifacts/decompiled/sprites/DefineSprite_81/64.svg: OK
artifacts/decompiled/sprites/DefineSprite_81/7.svg: OK
artifacts/decompiled/sprites/DefineSprite_81/8.svg: OK
artifacts/decompiled/sprites/DefineSprite_81/9.svg: OK
artifacts/decompiled/sprites/DefineSprite_84/1.svg: OK
artifacts/decompiled/sprites/DefineSprite_84/2.svg: OK
artifacts/decompiled/sprites/DefineSprite_84/3.svg: OK
artifacts/decompiled/sprites/DefineSprite_84/4.svg: OK
artifacts/decompiled/sprites/DefineSprite_88/1.svg: OK
artifacts/decompiled/sprites/DefineSprite_88/2.svg: OK
artifacts/decompiled/sprites/DefineSprite_97/1.svg: OK
artifacts/decompiled/swf-inspect.json: OK
artifacts/decompiled/tags.txt: OK
artifacts/decompiled/tags.xml: OK
artifacts/decompiled/texts/100.txt: OK
artifacts/decompiled/texts/101.txt: OK
artifacts/decompiled/texts/104.txt: OK
artifacts/decompiled/texts/106.txt: OK
artifacts/decompiled/texts/109.txt: OK
artifacts/decompiled/texts/112.txt: OK
artifacts/decompiled/texts/119.txt: OK
artifacts/decompiled/texts/122.txt: OK
artifacts/decompiled/texts/124.txt: OK
artifacts/decompiled/texts/125.txt: OK
artifacts/decompiled/texts/127.txt: OK
artifacts/decompiled/texts/128.txt: OK
artifacts/decompiled/texts/129.txt: OK
artifacts/decompiled/texts/130.txt: OK
artifacts/decompiled/texts/131.txt: OK
artifacts/decompiled/texts/132.txt: OK
artifacts/decompiled/texts/133.txt: OK
artifacts/decompiled/texts/134.txt: OK
artifacts/decompiled/texts/135.txt: OK
artifacts/decompiled/texts/136.txt: OK
artifacts/decompiled/texts/137.txt: OK
artifacts/decompiled/texts/138.txt: OK
artifacts/decompiled/texts/139.txt: OK
artifacts/decompiled/texts/14.txt: OK
artifacts/decompiled/texts/140.txt: OK
artifacts/decompiled/texts/141.txt: OK
artifacts/decompiled/texts/142.txt: OK
artifacts/decompiled/texts/143.txt: OK
artifacts/decompiled/texts/144.txt: OK
artifacts/decompiled/texts/148.txt: OK
artifacts/decompiled/texts/150.txt: OK
artifacts/decompiled/texts/152.txt: OK
artifacts/decompiled/texts/154.txt: OK
artifacts/decompiled/texts/155.txt: OK
artifacts/decompiled/texts/156.txt: OK
artifacts/decompiled/texts/157.txt: OK
artifacts/decompiled/texts/158.txt: OK
artifacts/decompiled/texts/159.txt: OK
artifacts/decompiled/texts/16.txt: OK
artifacts/decompiled/texts/160.txt: OK
artifacts/decompiled/texts/161.txt: OK
artifacts/decompiled/texts/162.txt: OK
artifacts/decompiled/texts/163.txt: OK
artifacts/decompiled/texts/164.txt: OK
artifacts/decompiled/texts/165.txt: OK
artifacts/decompiled/texts/17.txt: OK
artifacts/decompiled/texts/18.txt: OK
artifacts/decompiled/texts/19.txt: OK
artifacts/decompiled/texts/43.txt: OK
artifacts/decompiled/texts/44.txt: OK
artifacts/decompiled/texts/52.txt: OK
artifacts/decompiled/texts/55.txt: OK
artifacts/decompiled/texts/60.txt: OK
artifacts/decompiled/texts/64.txt: OK
artifacts/decompiled/texts/69.txt: OK
artifacts/decompiled/texts/78.txt: OK
artifacts/decompiled/texts/82.txt: OK
artifacts/decompiled/texts/83.txt: OK
artifacts/decompiled/texts/92.txt: OK
artifacts/decompiled/texts/93.txt: OK
artifacts/decompiled/texts/94.txt: OK
artifacts/decompiled/texts/99.txt: OK
