== 2026-09-28T13:25:56Z make_animation.py ==
wrote data/animation.json: 24 sequences
  preloader                          main-timeline   f1-4 frames=4 dur=0.1111s kf=[1, 2, 3, 4]
  intro                              main-timeline   f5-130 frames=126 dur=3.5s kf=[5, 36, 68, 99, 130]
  board                              main-timeline   f131-131 frames=1 dur=0.0278s kf=[131]
  win                                main-timeline   f132-241 frames=110 dur=3.0556s kf=[132, 159, 186, 214, 241]
  intro_glow_motion                  element-motion  f5-222 frames=218 dur=6.0556s kf=[5, 59, 114, 168, 222]
  intro_logo_motion                  element-motion  f41-202 frames=162 dur=4.5s kf=[41, 81, 122, 162, 202]
  hiscore_form_motion                element-motion  f222-241 frames=20 dur=0.5556s kf=[222, 227, 232, 236, 241]
  sprite_preloader_progress_timeline sprite-timeline f1-2 frames=2 dur=0.0556s kf=[1, 2]
  sprite_clip_timerr_timeline        sprite-timeline f1-4 frames=4 dur=0.1111s kf=[1, 2, 3, 4]
  sprite_clip_enter_timeline         sprite-timeline f1-11 frames=11 dur=0.3056s kf=[1, 4, 6, 8, 11]
  sprite_clip_shuffle_timeline       sprite-timeline f1-29 frames=29 dur=0.8056s kf=[1, 8, 15, 22, 29]
  sprite_clip_countdown_timeline     sprite-timeline f1-4 frames=4 dur=0.1111s kf=[1, 2, 3, 4]
  sprite_clip_boing_timeline         sprite-timeline f1-12 frames=12 dur=0.3333s kf=[1, 4, 6, 9, 12]
  sprite_clip_fanfare_timeline       sprite-timeline f1-12 frames=12 dur=0.3333s kf=[1, 4, 6, 9, 12]
  sprite_clip_finishsound_timeline   sprite-timeline f1-5 frames=5 dur=0.1389s kf=[1, 2, 3, 4, 5]
  sprite_clip_typer_timeline         sprite-timeline f1-7 frames=7 dur=0.1944s kf=[1, 2, 4, 6, 7]
  sprite_clip_backspace_timeline     sprite-timeline f1-11 frames=11 dur=0.3056s kf=[1, 4, 6, 8, 11]
  sprite_clip_buzz_timeline          sprite-timeline f1-15 frames=15 dur=0.4167s kf=[1, 4, 8, 12, 15]
  sprite_wordball_timeline           sprite-timeline f1-39 frames=39 dur=1.0833s kf=[1, 10, 20, 30, 39]
  sprite_timer_bar_timeline          sprite-timeline f1-2 frames=2 dur=0.0556s kf=[1, 2]
  sprite_loading_banner_timeline     sprite-timeline f1-4 frames=4 dur=0.1111s kf=[1, 2, 3, 4]
  sprite_score_feedback_timeline     sprite-timeline f1-37 frames=37 dur=1.0278s kf=[1, 10, 19, 28, 37]
  sprite_status_ball_timeline        sprite-timeline f1-3 frames=3 dur=0.0833s kf=[1, 2, 3]
  sprite_bottom_marquee_timeline     sprite-timeline f1-65 frames=65 dur=1.8056s kf=[1, 17, 33, 49, 65]
exit=0
