== 2026-09-28T12:51:28Z parse_main_timeline.py ==
{
 "numShowFrames": 241,
 "numPlacements": 65,
 "distinctChidsPlaced": 62,
 "distinctChids": [
  1,
  3,
  5,
  6,
  8,
  12,
  14,
  16,
  17,
  18,
  19,
  20,
  21,
  23,
  25,
  27,
  29,
  31,
  33,
  35,
  37,
  39,
  41,
  46,
  48,
  58,
  63,
  65,
  67,
  71,
  76,
  84,
  90,
  97,
  103,
  105,
  108,
  111,
  112,
  123,
  124,
  125,
  127,
  128,
  129,
  130,
  131,
  132,
  133,
  134,
  135,
  136,
  137,
  138,
  139,
  140,
  141,
  142,
  143,
  144,
  166,
  170
 ],
 "chidsWithMoves": [
  20,
  29,
  166
 ],
 "labels": [
  {
   "frame": 4,
   "name": "main"
  },
  {
   "frame": 129,
   "name": "preall"
  },
  {
   "frame": 130,
   "name": "hepsiburda"
  },
  {
   "frame": 131,
   "name": "bravo"
  }
 ],
 "numEvents": 582
}
exit=0
