# C2 artifact hashes (sha256), generated 2026-09-28T12:57:52Z
# constants check: absent
141fec5c8ae962eae2b21e639cda92b6536cf0043bbd5e909475f0b3730d6b0b  src/stage.ts
4476427e50ad395e8db8c900be07a2daaa8c8d76399d8c6b55cfb96d35cc81b5  src/main.ts
29361b98645505fcf0a29fb022bf3855f27c88ac516c35106e402131368611b1  tests/stage.test.ts
9067fcb5b5697919b8db1ebde78275de6872dab3b74d96da85a4278d65030519  tests/e2e/smoke.spec.ts
a09d3d92a0b82d57fc9b94110db70bab4b58e871fca8029d3ad8141892364ccf  playwright.config.ts
593ab88dc74871b6b91c32b61a188c97ad7453da8e5b1fde0af47aa9945c32dc  evidence/visual/C2-smoke/smoke-320x480.png
90ed53be78a0ffe3d967dda14f2cdd3d30898b17f4db7ec5731529657faea8c4  evidence/visual/C2-smoke/smoke-550x400.png
b460e456b48e82dc68d5353826888f4c5866f8379854cc1c406dc7007c2da278  evidence/visual/C2-smoke/smoke-1920x1080.png
b432bf373a345d71b828354afb584eae79a9a65cde41849e752fb23de4a24e1e  evidence/visual/C2-smoke/smoke-3840x2160.png
f047fb0968c9f9877c47af13c7c55831fc22181788538fc43af78e71c3741569  evidence/visual/C2-smoke/smoke-3440x1440.png
13707db3137c5547025d29cc716ba32056eda8537fbc901fc1ed7b6af90c340d  evidence/logs/C2-env.log
9dd85b47a230fd792213f70c9760ec720453b30de6d23652051a443397336a6a  evidence/logs/C2-unit.log
2e2553be6e1817fe4333a54e284ca589e81e722c92b9fb1882c93d9f6a551113  evidence/logs/C2-test-full.log
ac51611a0542f0ed62bdf8a5d86144a300455463bc3a419d5aed9331c69e2d3e  evidence/logs/C2-e2e-smoke.log
2929c459535eb13ad74a0729c4d235a0a08add70de8367e1311a4717aa9e8932  evidence/logs/C2-e2e-full.log
410e7c716dca419da29d112f4b475c2bf66abdc52a131b91bb18f0684942b655  evidence/logs/C2-build.log
805fe918704f43d49ab3f14761d516a9eb09438be29e25e40887dda48c03f17f  evidence/logs/C2-lint.log
a3d9f48d5ae6d03a642f11937f12c97aa14086a88847a18bc65707be79cd805f  evidence/logs/C2-lint-scope.log
0dca9ee4f27090b7c7619575ee6d8ca62e6584df56016123ccc1ec59b21c1571  evidence/logs/C2-matrix.log
