V1 — SHA-256(source export) vs SHA-256(src/assets/sfx copy) for the 9 mapped sounds
22	sfx_22_enter.mp3	src 1c3cd10320a9266fe1431d9aa46e8c6ec9d31add35313241d66f216ef0387fb2	dst 1c3cd10320a9266fe1431d9aa46e8c6ec9d31add35313241d66f216ef0387fb2	MATCH
24	sfx_24_shuffle.mp3	src 370bbc2eadd4a88aaa473dfaa59f5da0fd37b175b1f726edd245356bfa28cc3d	dst 370bbc2eadd4a88aaa473dfaa59f5da0fd37b175b1f726edd245356bfa28cc3d	MATCH
26	sfx_26_countdown.mp3	src 0f878a5566c5931539b0ec8e0af9661a3447467235dc1443787f3f6e3ab350db	dst 0f878a5566c5931539b0ec8e0af9661a3447467235dc1443787f3f6e3ab350db	MATCH
30	sfx_30_boing.mp3	src da643f2b8afbbfb8fac1baf9e310fdec7f453514706ac4d2a8304467150ead37	dst da643f2b8afbbfb8fac1baf9e310fdec7f453514706ac4d2a8304467150ead37	MATCH
32	sfx_32_fanfare.mp3	src 3ddbd6215e6259957ff1c7d7df24d26119ad98c522e19a91c0bd0c255e966d68	dst 3ddbd6215e6259957ff1c7d7df24d26119ad98c522e19a91c0bd0c255e966d68	MATCH
34	sfx_34_finishsound.mp3	src 5db9654e0feb324a975822726dc41507dc2f8f30ab9154d3b329fcf9764c4ba1	dst 5db9654e0feb324a975822726dc41507dc2f8f30ab9154d3b329fcf9764c4ba1	MATCH
36	sfx_36_typer.mp3	src 3f34ed813e98e8ac6df1d0f97540d4cd2e44242c8a28cda0ef345bacf7e242bf	dst 3f34ed813e98e8ac6df1d0f97540d4cd2e44242c8a28cda0ef345bacf7e242bf	MATCH
38	sfx_38_backspace.mp3	src 0ed0e6eac39dac1391f26266c31604d54ba3dcfc1829826911cdb24e793f752f	dst 0ed0e6eac39dac1391f26266c31604d54ba3dcfc1829826911cdb24e793f752f	MATCH
40	sfx_40_buzz.mp3	src 832f7980db3c1d1b8b12ff89c933d9d4e9281d60d3ba6b656ccd6760dcb39395	dst 832f7980db3c1d1b8b12ff89c933d9d4e9281d60d3ba6b656ccd6760dcb39395	MATCH
RESULT: PASS (9/9 byte-identical)
node exit=0
shasum -a 256 src/assets/sfx/*.mp3 artifacts/decompiled/sounds/*.mp3
1c3cd10320a9266fe1431d9aa46e8c6ec9d31add35313241d66f216ef0387fb2  src/assets/sfx/sfx_22_enter.mp3
370bbc2eadd4a88aaa473dfaa59f5da0fd37b175b1f726edd245356bfa28cc3d  src/assets/sfx/sfx_24_shuffle.mp3
0f878a5566c5931539b0ec8e0af9661a3447467235dc1443787f3f6e3ab350db  src/assets/sfx/sfx_26_countdown.mp3
da643f2b8afbbfb8fac1baf9e310fdec7f453514706ac4d2a8304467150ead37  src/assets/sfx/sfx_30_boing.mp3
3ddbd6215e6259957ff1c7d7df24d26119ad98c522e19a91c0bd0c255e966d68  src/assets/sfx/sfx_32_fanfare.mp3
5db9654e0feb324a975822726dc41507dc2f8f30ab9154d3b329fcf9764c4ba1  src/assets/sfx/sfx_34_finishsound.mp3
3f34ed813e98e8ac6df1d0f97540d4cd2e44242c8a28cda0ef345bacf7e242bf  src/assets/sfx/sfx_36_typer.mp3
0ed0e6eac39dac1391f26266c31604d54ba3dcfc1829826911cdb24e793f752f  src/assets/sfx/sfx_38_backspace.mp3
832f7980db3c1d1b8b12ff89c933d9d4e9281d60d3ba6b656ccd6760dcb39395  src/assets/sfx/sfx_40_buzz.mp3
1c3cd10320a9266fe1431d9aa46e8c6ec9d31add35313241d66f216ef0387fb2  artifacts/decompiled/sounds/22.mp3
370bbc2eadd4a88aaa473dfaa59f5da0fd37b175b1f726edd245356bfa28cc3d  artifacts/decompiled/sounds/24.mp3
0f878a5566c5931539b0ec8e0af9661a3447467235dc1443787f3f6e3ab350db  artifacts/decompiled/sounds/26.mp3
da643f2b8afbbfb8fac1baf9e310fdec7f453514706ac4d2a8304467150ead37  artifacts/decompiled/sounds/30.mp3
3ddbd6215e6259957ff1c7d7df24d26119ad98c522e19a91c0bd0c255e966d68  artifacts/decompiled/sounds/32.mp3
5db9654e0feb324a975822726dc41507dc2f8f30ab9154d3b329fcf9764c4ba1  artifacts/decompiled/sounds/34.mp3
3f34ed813e98e8ac6df1d0f97540d4cd2e44242c8a28cda0ef345bacf7e242bf  artifacts/decompiled/sounds/36.mp3
0ed0e6eac39dac1391f26266c31604d54ba3dcfc1829826911cdb24e793f752f  artifacts/decompiled/sounds/38.mp3
832f7980db3c1d1b8b12ff89c933d9d4e9281d60d3ba6b656ccd6760dcb39395  artifacts/decompiled/sounds/40.mp3
shasum exit=0
