[process-assets] text 14.txt: bytes=0 (element preloader_percent_value)
[process-assets] text 16.txt: bytes=1 (element preloader_percent_sign)
[process-assets] text 17.txt: bytes=0 (element preloader_loaded_bytes)
[process-assets] text 18.txt: bytes=0 (element preloader_total_bytes)
[process-assets] text 19.txt: bytes=1 (element preloader_slash)
[process-assets] text 112.txt: bytes=0 (element timer_value)
[process-assets] text 124.txt: bytes=0 (element result_word_template)
[process-assets] text 125.txt: bytes=0 (element score_value)
[process-assets] text 127.txt: bytes=4 (element label_puan_black)
[process-assets] text 128.txt: bytes=4 (element label_puan_orange)
[process-assets] text 129.txt: bytes=5 (element label_sure_black)
[process-assets] text 130.txt: bytes=5 (element label_sure_orange)
[process-assets] text 131.txt: bytes=9 (element label_harf_3)
[process-assets] text 132.txt: bytes=9 (element label_harf_8)
[process-assets] text 133.txt: bytes=9 (element label_harf_4)
[process-assets] text 134.txt: bytes=9 (element label_harf_5)
[process-assets] text 135.txt: bytes=9 (element label_harf_6)
[process-assets] text 136.txt: bytes=9 (element label_harf_7)
[process-assets] text 137.txt: bytes=0 (element count_3)
[process-assets] text 138.txt: bytes=0 (element count_8)
[process-assets] text 139.txt: bytes=0 (element count_4)
[process-assets] text 140.txt: bytes=0 (element count_5)
[process-assets] text 141.txt: bytes=0 (element count_6)
[process-assets] text 142.txt: bytes=0 (element count_7)
[process-assets] text 143.txt: bytes=6 (element label_kelime_black)
[process-assets] text 144.txt: bytes=6 (element label_kelime_orange)
[process-assets] text done: 26 files
