
> kelimator-2012@0.0.0 e2e
> playwright test visual --reporter=line


Running 17 tests using 1 worker

[1/17] [app] › tests/e2e/visual.spec.ts:161:7 › E2 visual states — deviceScaleFactor 1 › S1 S1-boot matches the C3 reference
[app] › tests/e2e/visual.spec.ts:161:7 › E2 visual states — deviceScaleFactor 1 › S1 S1-boot matches the C3 reference
E2 S1 dsf1: mismatchRatio=0.018477272727272728 (1.848%), mismatchedPixels=4065/220000, pass=true

[2/17] [app] › tests/e2e/visual.spec.ts:161:7 › E2 visual states — deviceScaleFactor 1 › S2 S2-idle-board matches the C3 reference
[app] › tests/e2e/visual.spec.ts:161:7 › E2 visual states — deviceScaleFactor 1 › S2 S2-idle-board matches the C3 reference
E2 S2 dsf1: mismatchRatio=0.04525909090909091 (4.526%), mismatchedPixels=9957/220000, pass=false

  1) [app] › tests/e2e/visual.spec.ts:161:7 › E2 visual states — deviceScaleFactor 1 › S2 S2-idle-board matches the C3 reference 

    Error: S2 dsf1 mismatch ratio 4.526% (limit 2.000%)

    expect(received).toBeLessThanOrEqual(expected)

    Expected: <= 0.02
    Received:    0.04525909090909091

      183 |           report.mismatchRatio,
      184 |           `${spec.id} dsf${dsf} mismatch ratio ${ratioPercent.toFixed(3)}% (limit 2.000%)`,
    > 185 |         ).toBeLessThanOrEqual(report.passRatio);
          |           ^
      186 |         expect(report.pass).toBe(true);
      187 |       });
      188 |     }
        at /home/dev/kelimator-2012/tests/e2e/visual.spec.ts:185:11

    Error Context: test-results/tests-e2e-visual-E2-visual-373b3-rd-matches-the-C3-reference-app/error-context.md


[3/17] [app] › tests/e2e/visual.spec.ts:161:7 › E2 visual states — deviceScaleFactor 1 › S3 S3-scrambled matches the C3 reference
[app] › tests/e2e/visual.spec.ts:161:7 › E2 visual states — deviceScaleFactor 1 › S3 S3-scrambled matches the C3 reference
E2 S3 dsf1: mismatchRatio=0.04527272727272727 (4.527%), mismatchedPixels=9960/220000, pass=false

  2) [app] › tests/e2e/visual.spec.ts:161:7 › E2 visual states — deviceScaleFactor 1 › S3 S3-scrambled matches the C3 reference 

    Error: S3 dsf1 mismatch ratio 4.527% (limit 2.000%)

    expect(received).toBeLessThanOrEqual(expected)

    Expected: <= 0.02
    Received:    0.04527272727272727

      183 |           report.mismatchRatio,
      184 |           `${spec.id} dsf${dsf} mismatch ratio ${ratioPercent.toFixed(3)}% (limit 2.000%)`,
    > 185 |         ).toBeLessThanOrEqual(report.passRatio);
          |           ^
      186 |         expect(report.pass).toBe(true);
      187 |       });
      188 |     }
        at /home/dev/kelimator-2012/tests/e2e/visual.spec.ts:185:11

    Error Context: test-results/tests-e2e-visual-E2-visual-4cc6d-ed-matches-the-C3-reference-app/error-context.md


[4/17] [app] › tests/e2e/visual.spec.ts:161:7 › E2 visual states — deviceScaleFactor 1 › S4 S4-partial-entry matches the C3 reference
[app] › tests/e2e/visual.spec.ts:161:7 › E2 visual states — deviceScaleFactor 1 › S4 S4-partial-entry matches the C3 reference
E2 S4 dsf1: mismatchRatio=0.05914090909090909 (5.914%), mismatchedPixels=13011/220000, pass=false

  3) [app] › tests/e2e/visual.spec.ts:161:7 › E2 visual states — deviceScaleFactor 1 › S4 S4-partial-entry matches the C3 reference 

    Error: S4 dsf1 mismatch ratio 5.914% (limit 2.000%)

    expect(received).toBeLessThanOrEqual(expected)

    Expected: <= 0.02
    Received:    0.05914090909090909

      183 |           report.mismatchRatio,
      184 |           `${spec.id} dsf${dsf} mismatch ratio ${ratioPercent.toFixed(3)}% (limit 2.000%)`,
    > 185 |         ).toBeLessThanOrEqual(report.passRatio);
          |           ^
      186 |         expect(report.pass).toBe(true);
      187 |       });
      188 |     }
        at /home/dev/kelimator-2012/tests/e2e/visual.spec.ts:185:11

    Error Context: test-results/tests-e2e-visual-E2-visual-1e0f5-ry-matches-the-C3-reference-app/error-context.md


[5/17] [app] › tests/e2e/visual.spec.ts:161:7 › E2 visual states — deviceScaleFactor 1 › S5 S5-valid-word matches the C3 reference
[app] › tests/e2e/visual.spec.ts:161:7 › E2 visual states — deviceScaleFactor 1 › S5 S5-valid-word matches the C3 reference
E2 S5 dsf1: mismatchRatio=0.046145454545454545 (4.615%), mismatchedPixels=10152/220000, pass=false

  4) [app] › tests/e2e/visual.spec.ts:161:7 › E2 visual states — deviceScaleFactor 1 › S5 S5-valid-word matches the C3 reference 

    Error: S5 dsf1 mismatch ratio 4.615% (limit 2.000%)

    expect(received).toBeLessThanOrEqual(expected)

    Expected: <= 0.02
    Received:    0.046145454545454545

      183 |           report.mismatchRatio,
      184 |           `${spec.id} dsf${dsf} mismatch ratio ${ratioPercent.toFixed(3)}% (limit 2.000%)`,
    > 185 |         ).toBeLessThanOrEqual(report.passRatio);
          |           ^
      186 |         expect(report.pass).toBe(true);
      187 |       });
      188 |     }
        at /home/dev/kelimator-2012/tests/e2e/visual.spec.ts:185:11

    Error Context: test-results/tests-e2e-visual-E2-visual-e07c1-rd-matches-the-C3-reference-app/error-context.md


[6/17] [app] › tests/e2e/visual.spec.ts:161:7 › E2 visual states — deviceScaleFactor 1 › S6 S6-invalid-word matches the C3 reference
[app] › tests/e2e/visual.spec.ts:161:7 › E2 visual states — deviceScaleFactor 1 › S6 S6-invalid-word matches the C3 reference
E2 S6 dsf1: mismatchRatio=0.059490909090909094 (5.949%), mismatchedPixels=13088/220000, pass=false

  5) [app] › tests/e2e/visual.spec.ts:161:7 › E2 visual states — deviceScaleFactor 1 › S6 S6-invalid-word matches the C3 reference 

    Error: S6 dsf1 mismatch ratio 5.949% (limit 2.000%)

    expect(received).toBeLessThanOrEqual(expected)

    Expected: <= 0.02
    Received:    0.059490909090909094

      183 |           report.mismatchRatio,
      184 |           `${spec.id} dsf${dsf} mismatch ratio ${ratioPercent.toFixed(3)}% (limit 2.000%)`,
    > 185 |         ).toBeLessThanOrEqual(report.passRatio);
          |           ^
      186 |         expect(report.pass).toBe(true);
      187 |       });
      188 |     }
        at /home/dev/kelimator-2012/tests/e2e/visual.spec.ts:185:11

    Error Context: test-results/tests-e2e-visual-E2-visual-00c27-rd-matches-the-C3-reference-app/error-context.md


[7/17] [app] › tests/e2e/visual.spec.ts:161:7 › E2 visual states — deviceScaleFactor 1 › S7 S7-bonus-word matches the C3 reference
[app] › tests/e2e/visual.spec.ts:161:7 › E2 visual states — deviceScaleFactor 1 › S7 S7-bonus-word matches the C3 reference
E2 S7 dsf1: mismatchRatio=0.04745 (4.745%), mismatchedPixels=10439/220000, pass=false

  6) [app] › tests/e2e/visual.spec.ts:161:7 › E2 visual states — deviceScaleFactor 1 › S7 S7-bonus-word matches the C3 reference 

    Error: S7 dsf1 mismatch ratio 4.745% (limit 2.000%)

    expect(received).toBeLessThanOrEqual(expected)

    Expected: <= 0.02
    Received:    0.04745

      183 |           report.mismatchRatio,
      184 |           `${spec.id} dsf${dsf} mismatch ratio ${ratioPercent.toFixed(3)}% (limit 2.000%)`,
    > 185 |         ).toBeLessThanOrEqual(report.passRatio);
          |           ^
      186 |         expect(report.pass).toBe(true);
      187 |       });
      188 |     }
        at /home/dev/kelimator-2012/tests/e2e/visual.spec.ts:185:11

    Error Context: test-results/tests-e2e-visual-E2-visual-7382f-rd-matches-the-C3-reference-app/error-context.md


[8/17] [app] › tests/e2e/visual.spec.ts:161:7 › E2 visual states — deviceScaleFactor 1 › S10 S10-next-round matches the C3 reference
[app] › tests/e2e/visual.spec.ts:161:7 › E2 visual states — deviceScaleFactor 1 › S10 S10-next-round matches the C3 reference
E2 S10 dsf1: mismatchRatio=0.04898636363636363 (4.899%), mismatchedPixels=10777/220000, pass=false

  7) [app] › tests/e2e/visual.spec.ts:161:7 › E2 visual states — deviceScaleFactor 1 › S10 S10-next-round matches the C3 reference 

    Error: S10 dsf1 mismatch ratio 4.899% (limit 2.000%)

    expect(received).toBeLessThanOrEqual(expected)

    Expected: <= 0.02
    Received:    0.04898636363636363

      183 |           report.mismatchRatio,
      184 |           `${spec.id} dsf${dsf} mismatch ratio ${ratioPercent.toFixed(3)}% (limit 2.000%)`,
    > 185 |         ).toBeLessThanOrEqual(report.passRatio);
          |           ^
      186 |         expect(report.pass).toBe(true);
      187 |       });
      188 |     }
        at /home/dev/kelimator-2012/tests/e2e/visual.spec.ts:185:11

    Error Context: test-results/tests-e2e-visual-E2-visual-146e0-nd-matches-the-C3-reference-app/error-context.md


[9/17] [app] › tests/e2e/visual.spec.ts:161:7 › E2 visual states — deviceScaleFactor 2 › S1 S1-boot matches the C3 reference
[app] › tests/e2e/visual.spec.ts:161:7 › E2 visual states — deviceScaleFactor 2 › S1 S1-boot matches the C3 reference
E2 S1 dsf2: mismatchRatio=0.014513636363636364 (1.451%), mismatchedPixels=12772/880000, pass=true

[10/17] [app] › tests/e2e/visual.spec.ts:161:7 › E2 visual states — deviceScaleFactor 2 › S2 S2-idle-board matches the C3 reference
[app] › tests/e2e/visual.spec.ts:161:7 › E2 visual states — deviceScaleFactor 2 › S2 S2-idle-board matches the C3 reference
E2 S2 dsf2: mismatchRatio=0.057322727272727275 (5.732%), mismatchedPixels=50444/880000, pass=false

  8) [app] › tests/e2e/visual.spec.ts:161:7 › E2 visual states — deviceScaleFactor 2 › S2 S2-idle-board matches the C3 reference 

    Error: S2 dsf2 mismatch ratio 5.732% (limit 2.000%)

    expect(received).toBeLessThanOrEqual(expected)

    Expected: <= 0.02
    Received:    0.057322727272727275

      183 |           report.mismatchRatio,
      184 |           `${spec.id} dsf${dsf} mismatch ratio ${ratioPercent.toFixed(3)}% (limit 2.000%)`,
    > 185 |         ).toBeLessThanOrEqual(report.passRatio);
          |           ^
      186 |         expect(report.pass).toBe(true);
      187 |       });
      188 |     }
        at /home/dev/kelimator-2012/tests/e2e/visual.spec.ts:185:11

    Error Context: test-results/tests-e2e-visual-E2-visual-5e819-rd-matches-the-C3-reference-app/error-context.md


[11/17] [app] › tests/e2e/visual.spec.ts:161:7 › E2 visual states — deviceScaleFactor 2 › S3 S3-scrambled matches the C3 reference
[app] › tests/e2e/visual.spec.ts:161:7 › E2 visual states — deviceScaleFactor 2 › S3 S3-scrambled matches the C3 reference
E2 S3 dsf2: mismatchRatio=0.05734318181818182 (5.734%), mismatchedPixels=50462/880000, pass=false

  9) [app] › tests/e2e/visual.spec.ts:161:7 › E2 visual states — deviceScaleFactor 2 › S3 S3-scrambled matches the C3 reference 

    Error: S3 dsf2 mismatch ratio 5.734% (limit 2.000%)

    expect(received).toBeLessThanOrEqual(expected)

    Expected: <= 0.02
    Received:    0.05734318181818182

      183 |           report.mismatchRatio,
      184 |           `${spec.id} dsf${dsf} mismatch ratio ${ratioPercent.toFixed(3)}% (limit 2.000%)`,
    > 185 |         ).toBeLessThanOrEqual(report.passRatio);
          |           ^
      186 |         expect(report.pass).toBe(true);
      187 |       });
      188 |     }
        at /home/dev/kelimator-2012/tests/e2e/visual.spec.ts:185:11

    Error Context: test-results/tests-e2e-visual-E2-visual-4efac-ed-matches-the-C3-reference-app/error-context.md


[12/17] [app] › tests/e2e/visual.spec.ts:161:7 › E2 visual states — deviceScaleFactor 2 › S4 S4-partial-entry matches the C3 reference
[app] › tests/e2e/visual.spec.ts:161:7 › E2 visual states — deviceScaleFactor 2 › S4 S4-partial-entry matches the C3 reference
E2 S4 dsf2: mismatchRatio=0.06828295454545455 (6.828%), mismatchedPixels=60089/880000, pass=false

  10) [app] › tests/e2e/visual.spec.ts:161:7 › E2 visual states — deviceScaleFactor 2 › S4 S4-partial-entry matches the C3 reference 

    Error: S4 dsf2 mismatch ratio 6.828% (limit 2.000%)

    expect(received).toBeLessThanOrEqual(expected)

    Expected: <= 0.02
    Received:    0.06828295454545455

      183 |           report.mismatchRatio,
      184 |           `${spec.id} dsf${dsf} mismatch ratio ${ratioPercent.toFixed(3)}% (limit 2.000%)`,
    > 185 |         ).toBeLessThanOrEqual(report.passRatio);
          |           ^
      186 |         expect(report.pass).toBe(true);
      187 |       });
      188 |     }
        at /home/dev/kelimator-2012/tests/e2e/visual.spec.ts:185:11

    Error Context: test-results/tests-e2e-visual-E2-visual-ac5b8-ry-matches-the-C3-reference-app/error-context.md


[13/17] [app] › tests/e2e/visual.spec.ts:161:7 › E2 visual states — deviceScaleFactor 2 › S5 S5-valid-word matches the C3 reference
[app] › tests/e2e/visual.spec.ts:161:7 › E2 visual states — deviceScaleFactor 2 › S5 S5-valid-word matches the C3 reference
E2 S5 dsf2: mismatchRatio=0.058182954545454545 (5.818%), mismatchedPixels=51201/880000, pass=false

  11) [app] › tests/e2e/visual.spec.ts:161:7 › E2 visual states — deviceScaleFactor 2 › S5 S5-valid-word matches the C3 reference 

    Error: S5 dsf2 mismatch ratio 5.818% (limit 2.000%)

    expect(received).toBeLessThanOrEqual(expected)

    Expected: <= 0.02
    Received:    0.058182954545454545

      183 |           report.mismatchRatio,
      184 |           `${spec.id} dsf${dsf} mismatch ratio ${ratioPercent.toFixed(3)}% (limit 2.000%)`,
    > 185 |         ).toBeLessThanOrEqual(report.passRatio);
          |           ^
      186 |         expect(report.pass).toBe(true);
      187 |       });
      188 |     }
        at /home/dev/kelimator-2012/tests/e2e/visual.spec.ts:185:11

    Error Context: test-results/tests-e2e-visual-E2-visual-b082b-rd-matches-the-C3-reference-app/error-context.md


[14/17] [app] › tests/e2e/visual.spec.ts:161:7 › E2 visual states — deviceScaleFactor 2 › S6 S6-invalid-word matches the C3 reference
[app] › tests/e2e/visual.spec.ts:161:7 › E2 visual states — deviceScaleFactor 2 › S6 S6-invalid-word matches the C3 reference
E2 S6 dsf2: mismatchRatio=0.069125 (6.913%), mismatchedPixels=60830/880000, pass=false

  12) [app] › tests/e2e/visual.spec.ts:161:7 › E2 visual states — deviceScaleFactor 2 › S6 S6-invalid-word matches the C3 reference 

    Error: S6 dsf2 mismatch ratio 6.913% (limit 2.000%)

    expect(received).toBeLessThanOrEqual(expected)

    Expected: <= 0.02
    Received:    0.069125

      183 |           report.mismatchRatio,
      184 |           `${spec.id} dsf${dsf} mismatch ratio ${ratioPercent.toFixed(3)}% (limit 2.000%)`,
    > 185 |         ).toBeLessThanOrEqual(report.passRatio);
          |           ^
      186 |         expect(report.pass).toBe(true);
      187 |       });
      188 |     }
        at /home/dev/kelimator-2012/tests/e2e/visual.spec.ts:185:11

    Error Context: test-results/tests-e2e-visual-E2-visual-dff5a-rd-matches-the-C3-reference-app/error-context.md


[15/17] [app] › tests/e2e/visual.spec.ts:161:7 › E2 visual states — deviceScaleFactor 2 › S7 S7-bonus-word matches the C3 reference
[app] › tests/e2e/visual.spec.ts:161:7 › E2 visual states — deviceScaleFactor 2 › S7 S7-bonus-word matches the C3 reference
E2 S7 dsf2: mismatchRatio=0.05924431818181818 (5.924%), mismatchedPixels=52135/880000, pass=false

  13) [app] › tests/e2e/visual.spec.ts:161:7 › E2 visual states — deviceScaleFactor 2 › S7 S7-bonus-word matches the C3 reference 

    Error: S7 dsf2 mismatch ratio 5.924% (limit 2.000%)

    expect(received).toBeLessThanOrEqual(expected)

    Expected: <= 0.02
    Received:    0.05924431818181818

      183 |           report.mismatchRatio,
      184 |           `${spec.id} dsf${dsf} mismatch ratio ${ratioPercent.toFixed(3)}% (limit 2.000%)`,
    > 185 |         ).toBeLessThanOrEqual(report.passRatio);
          |           ^
      186 |         expect(report.pass).toBe(true);
      187 |       });
      188 |     }
        at /home/dev/kelimator-2012/tests/e2e/visual.spec.ts:185:11

    Error Context: test-results/tests-e2e-visual-E2-visual-da2bd-rd-matches-the-C3-reference-app/error-context.md


[16/17] [app] › tests/e2e/visual.spec.ts:161:7 › E2 visual states — deviceScaleFactor 2 › S10 S10-next-round matches the C3 reference
[app] › tests/e2e/visual.spec.ts:161:7 › E2 visual states — deviceScaleFactor 2 › S10 S10-next-round matches the C3 reference
E2 S10 dsf2: mismatchRatio=0.06124318181818182 (6.124%), mismatchedPixels=53894/880000, pass=false

  14) [app] › tests/e2e/visual.spec.ts:161:7 › E2 visual states — deviceScaleFactor 2 › S10 S10-next-round matches the C3 reference 

    Error: S10 dsf2 mismatch ratio 6.124% (limit 2.000%)

    expect(received).toBeLessThanOrEqual(expected)

    Expected: <= 0.02
    Received:    0.06124318181818182

      183 |           report.mismatchRatio,
      184 |           `${spec.id} dsf${dsf} mismatch ratio ${ratioPercent.toFixed(3)}% (limit 2.000%)`,
    > 185 |         ).toBeLessThanOrEqual(report.passRatio);
          |           ^
      186 |         expect(report.pass).toBe(true);
      187 |       });
      188 |     }
        at /home/dev/kelimator-2012/tests/e2e/visual.spec.ts:185:11

    Error Context: test-results/tests-e2e-visual-E2-visual-190c3-nd-matches-the-C3-reference-app/error-context.md


[17/17] [app] › tests/e2e/visual.spec.ts:231:3 › E2 V7 layout cross-consistency › rendered boxes and text styles equal src/data/layout.json
  14 failed
    [app] › tests/e2e/visual.spec.ts:161:7 › E2 visual states — deviceScaleFactor 1 › S2 S2-idle-board matches the C3 reference 
    [app] › tests/e2e/visual.spec.ts:161:7 › E2 visual states — deviceScaleFactor 1 › S3 S3-scrambled matches the C3 reference 
    [app] › tests/e2e/visual.spec.ts:161:7 › E2 visual states — deviceScaleFactor 1 › S4 S4-partial-entry matches the C3 reference 
    [app] › tests/e2e/visual.spec.ts:161:7 › E2 visual states — deviceScaleFactor 1 › S5 S5-valid-word matches the C3 reference 
    [app] › tests/e2e/visual.spec.ts:161:7 › E2 visual states — deviceScaleFactor 1 › S6 S6-invalid-word matches the C3 reference 
    [app] › tests/e2e/visual.spec.ts:161:7 › E2 visual states — deviceScaleFactor 1 › S7 S7-bonus-word matches the C3 reference 
    [app] › tests/e2e/visual.spec.ts:161:7 › E2 visual states — deviceScaleFactor 1 › S10 S10-next-round matches the C3 reference 
    [app] › tests/e2e/visual.spec.ts:161:7 › E2 visual states — deviceScaleFactor 2 › S2 S2-idle-board matches the C3 reference 
    [app] › tests/e2e/visual.spec.ts:161:7 › E2 visual states — deviceScaleFactor 2 › S3 S3-scrambled matches the C3 reference 
    [app] › tests/e2e/visual.spec.ts:161:7 › E2 visual states — deviceScaleFactor 2 › S4 S4-partial-entry matches the C3 reference 
    [app] › tests/e2e/visual.spec.ts:161:7 › E2 visual states — deviceScaleFactor 2 › S5 S5-valid-word matches the C3 reference 
    [app] › tests/e2e/visual.spec.ts:161:7 › E2 visual states — deviceScaleFactor 2 › S6 S6-invalid-word matches the C3 reference 
    [app] › tests/e2e/visual.spec.ts:161:7 › E2 visual states — deviceScaleFactor 2 › S7 S7-bonus-word matches the C3 reference 
    [app] › tests/e2e/visual.spec.ts:161:7 › E2 visual states — deviceScaleFactor 2 › S10 S10-next-round matches the C3 reference 
  3 passed (11.7s)
