
> kelimator-2012@0.0.0 e2e
> playwright test visual -g deviceScaleFactor 1 --reporter=line


Running 8 tests using 1 worker

[1/8] [app] › tests/e2e/visual.spec.ts:161:7 › E2 visual states — deviceScaleFactor 1 › S1 S1-boot matches the C3 reference
[app] › tests/e2e/visual.spec.ts:161:7 › E2 visual states — deviceScaleFactor 1 › S1 S1-boot matches the C3 reference
E2 S1 dsf1: mismatchRatio=0.12475 (12.475%), mismatchedPixels=27445/220000, pass=false

  1) [app] › tests/e2e/visual.spec.ts:161:7 › E2 visual states — deviceScaleFactor 1 › S1 S1-boot matches the C3 reference 

    Error: S1 dsf1 mismatch ratio 12.475% (limit 2.000%)

    expect(received).toBeLessThanOrEqual(expected)

    Expected: <= 0.02
    Received:    0.12475

      183 |           report.mismatchRatio,
      184 |           `${spec.id} dsf${dsf} mismatch ratio ${ratioPercent.toFixed(3)}% (limit 2.000%)`,
    > 185 |         ).toBeLessThanOrEqual(report.passRatio);
          |           ^
      186 |         expect(report.pass).toBe(true);
      187 |       });
      188 |     }
        at /home/dev/kelimator-2012/tests/e2e/visual.spec.ts:185:11

    Error Context: test-results/tests-e2e-visual-E2-visual-3f0de-ot-matches-the-C3-reference-app/error-context.md


[2/8] [app] › tests/e2e/visual.spec.ts:161:7 › E2 visual states — deviceScaleFactor 1 › S2 S2-idle-board matches the C3 reference
[app] › tests/e2e/visual.spec.ts:161:7 › E2 visual states — deviceScaleFactor 1 › S2 S2-idle-board matches the C3 reference
E2 S2 dsf1: mismatchRatio=0.05529090909090909 (5.529%), mismatchedPixels=12164/220000, pass=false

  2) [app] › tests/e2e/visual.spec.ts:161:7 › E2 visual states — deviceScaleFactor 1 › S2 S2-idle-board matches the C3 reference 

    Error: S2 dsf1 mismatch ratio 5.529% (limit 2.000%)

    expect(received).toBeLessThanOrEqual(expected)

    Expected: <= 0.02
    Received:    0.05529090909090909

      183 |           report.mismatchRatio,
      184 |           `${spec.id} dsf${dsf} mismatch ratio ${ratioPercent.toFixed(3)}% (limit 2.000%)`,
    > 185 |         ).toBeLessThanOrEqual(report.passRatio);
          |           ^
      186 |         expect(report.pass).toBe(true);
      187 |       });
      188 |     }
        at /home/dev/kelimator-2012/tests/e2e/visual.spec.ts:185:11

    Error Context: test-results/tests-e2e-visual-E2-visual-373b3-rd-matches-the-C3-reference-app/error-context.md


[3/8] [app] › tests/e2e/visual.spec.ts:161:7 › E2 visual states — deviceScaleFactor 1 › S3 S3-scrambled matches the C3 reference
[app] › tests/e2e/visual.spec.ts:161:7 › E2 visual states — deviceScaleFactor 1 › S3 S3-scrambled matches the C3 reference
E2 S3 dsf1: mismatchRatio=0.05525 (5.525%), mismatchedPixels=12155/220000, pass=false

  3) [app] › tests/e2e/visual.spec.ts:161:7 › E2 visual states — deviceScaleFactor 1 › S3 S3-scrambled matches the C3 reference 

    Error: S3 dsf1 mismatch ratio 5.525% (limit 2.000%)

    expect(received).toBeLessThanOrEqual(expected)

    Expected: <= 0.02
    Received:    0.05525

      183 |           report.mismatchRatio,
      184 |           `${spec.id} dsf${dsf} mismatch ratio ${ratioPercent.toFixed(3)}% (limit 2.000%)`,
    > 185 |         ).toBeLessThanOrEqual(report.passRatio);
          |           ^
      186 |         expect(report.pass).toBe(true);
      187 |       });
      188 |     }
        at /home/dev/kelimator-2012/tests/e2e/visual.spec.ts:185:11

    Error Context: test-results/tests-e2e-visual-E2-visual-4cc6d-ed-matches-the-C3-reference-app/error-context.md


[4/8] [app] › tests/e2e/visual.spec.ts:161:7 › E2 visual states — deviceScaleFactor 1 › S4 S4-partial-entry matches the C3 reference
[app] › tests/e2e/visual.spec.ts:161:7 › E2 visual states — deviceScaleFactor 1 › S4 S4-partial-entry matches the C3 reference
E2 S4 dsf1: mismatchRatio=0.06995454545454545 (6.995%), mismatchedPixels=15390/220000, pass=false

  4) [app] › tests/e2e/visual.spec.ts:161:7 › E2 visual states — deviceScaleFactor 1 › S4 S4-partial-entry matches the C3 reference 

    Error: S4 dsf1 mismatch ratio 6.995% (limit 2.000%)

    expect(received).toBeLessThanOrEqual(expected)

    Expected: <= 0.02
    Received:    0.06995454545454545

      183 |           report.mismatchRatio,
      184 |           `${spec.id} dsf${dsf} mismatch ratio ${ratioPercent.toFixed(3)}% (limit 2.000%)`,
    > 185 |         ).toBeLessThanOrEqual(report.passRatio);
          |           ^
      186 |         expect(report.pass).toBe(true);
      187 |       });
      188 |     }
        at /home/dev/kelimator-2012/tests/e2e/visual.spec.ts:185:11

    Error Context: test-results/tests-e2e-visual-E2-visual-1e0f5-ry-matches-the-C3-reference-app/error-context.md


[5/8] [app] › tests/e2e/visual.spec.ts:161:7 › E2 visual states — deviceScaleFactor 1 › S5 S5-valid-word matches the C3 reference
[app] › tests/e2e/visual.spec.ts:161:7 › E2 visual states — deviceScaleFactor 1 › S5 S5-valid-word matches the C3 reference
E2 S5 dsf1: mismatchRatio=0.05674545454545454 (5.675%), mismatchedPixels=12484/220000, pass=false

  5) [app] › tests/e2e/visual.spec.ts:161:7 › E2 visual states — deviceScaleFactor 1 › S5 S5-valid-word matches the C3 reference 

    Error: S5 dsf1 mismatch ratio 5.675% (limit 2.000%)

    expect(received).toBeLessThanOrEqual(expected)

    Expected: <= 0.02
    Received:    0.05674545454545454

      183 |           report.mismatchRatio,
      184 |           `${spec.id} dsf${dsf} mismatch ratio ${ratioPercent.toFixed(3)}% (limit 2.000%)`,
    > 185 |         ).toBeLessThanOrEqual(report.passRatio);
          |           ^
      186 |         expect(report.pass).toBe(true);
      187 |       });
      188 |     }
        at /home/dev/kelimator-2012/tests/e2e/visual.spec.ts:185:11

    Error Context: test-results/tests-e2e-visual-E2-visual-e07c1-rd-matches-the-C3-reference-app/error-context.md


[6/8] [app] › tests/e2e/visual.spec.ts:161:7 › E2 visual states — deviceScaleFactor 1 › S6 S6-invalid-word matches the C3 reference
[app] › tests/e2e/visual.spec.ts:161:7 › E2 visual states — deviceScaleFactor 1 › S6 S6-invalid-word matches the C3 reference
E2 S6 dsf1: mismatchRatio=0.07087272727272727 (7.087%), mismatchedPixels=15592/220000, pass=false

  6) [app] › tests/e2e/visual.spec.ts:161:7 › E2 visual states — deviceScaleFactor 1 › S6 S6-invalid-word matches the C3 reference 

    Error: S6 dsf1 mismatch ratio 7.087% (limit 2.000%)

    expect(received).toBeLessThanOrEqual(expected)

    Expected: <= 0.02
    Received:    0.07087272727272727

      183 |           report.mismatchRatio,
      184 |           `${spec.id} dsf${dsf} mismatch ratio ${ratioPercent.toFixed(3)}% (limit 2.000%)`,
    > 185 |         ).toBeLessThanOrEqual(report.passRatio);
          |           ^
      186 |         expect(report.pass).toBe(true);
      187 |       });
      188 |     }
        at /home/dev/kelimator-2012/tests/e2e/visual.spec.ts:185:11

    Error Context: test-results/tests-e2e-visual-E2-visual-00c27-rd-matches-the-C3-reference-app/error-context.md


[7/8] [app] › tests/e2e/visual.spec.ts:161:7 › E2 visual states — deviceScaleFactor 1 › S7 S7-bonus-word matches the C3 reference
[app] › tests/e2e/visual.spec.ts:161:7 › E2 visual states — deviceScaleFactor 1 › S7 S7-bonus-word matches the C3 reference
E2 S7 dsf1: mismatchRatio=0.05818636363636363 (5.819%), mismatchedPixels=12801/220000, pass=false

  7) [app] › tests/e2e/visual.spec.ts:161:7 › E2 visual states — deviceScaleFactor 1 › S7 S7-bonus-word matches the C3 reference 

    Error: S7 dsf1 mismatch ratio 5.819% (limit 2.000%)

    expect(received).toBeLessThanOrEqual(expected)

    Expected: <= 0.02
    Received:    0.05818636363636363

      183 |           report.mismatchRatio,
      184 |           `${spec.id} dsf${dsf} mismatch ratio ${ratioPercent.toFixed(3)}% (limit 2.000%)`,
    > 185 |         ).toBeLessThanOrEqual(report.passRatio);
          |           ^
      186 |         expect(report.pass).toBe(true);
      187 |       });
      188 |     }
        at /home/dev/kelimator-2012/tests/e2e/visual.spec.ts:185:11

    Error Context: test-results/tests-e2e-visual-E2-visual-7382f-rd-matches-the-C3-reference-app/error-context.md


[8/8] [app] › tests/e2e/visual.spec.ts:161:7 › E2 visual states — deviceScaleFactor 1 › S10 S10-next-round matches the C3 reference
[app] › tests/e2e/visual.spec.ts:161:7 › E2 visual states — deviceScaleFactor 1 › S10 S10-next-round matches the C3 reference
E2 S10 dsf1: mismatchRatio=0.05953181818181818 (5.953%), mismatchedPixels=13097/220000, pass=false

  8) [app] › tests/e2e/visual.spec.ts:161:7 › E2 visual states — deviceScaleFactor 1 › S10 S10-next-round matches the C3 reference 

    Error: S10 dsf1 mismatch ratio 5.953% (limit 2.000%)

    expect(received).toBeLessThanOrEqual(expected)

    Expected: <= 0.02
    Received:    0.05953181818181818

      183 |           report.mismatchRatio,
      184 |           `${spec.id} dsf${dsf} mismatch ratio ${ratioPercent.toFixed(3)}% (limit 2.000%)`,
    > 185 |         ).toBeLessThanOrEqual(report.passRatio);
          |           ^
      186 |         expect(report.pass).toBe(true);
      187 |       });
      188 |     }
        at /home/dev/kelimator-2012/tests/e2e/visual.spec.ts:185:11

    Error Context: test-results/tests-e2e-visual-E2-visual-146e0-nd-matches-the-C3-reference-app/error-context.md


  8 failed
    [app] › tests/e2e/visual.spec.ts:161:7 › E2 visual states — deviceScaleFactor 1 › S1 S1-boot matches the C3 reference 
    [app] › tests/e2e/visual.spec.ts:161:7 › E2 visual states — deviceScaleFactor 1 › S2 S2-idle-board matches the C3 reference 
    [app] › tests/e2e/visual.spec.ts:161:7 › E2 visual states — deviceScaleFactor 1 › S3 S3-scrambled matches the C3 reference 
    [app] › tests/e2e/visual.spec.ts:161:7 › E2 visual states — deviceScaleFactor 1 › S4 S4-partial-entry matches the C3 reference 
    [app] › tests/e2e/visual.spec.ts:161:7 › E2 visual states — deviceScaleFactor 1 › S5 S5-valid-word matches the C3 reference 
    [app] › tests/e2e/visual.spec.ts:161:7 › E2 visual states — deviceScaleFactor 1 › S6 S6-invalid-word matches the C3 reference 
    [app] › tests/e2e/visual.spec.ts:161:7 › E2 visual states — deviceScaleFactor 1 › S7 S7-bonus-word matches the C3 reference 
    [app] › tests/e2e/visual.spec.ts:161:7 › E2 visual states — deviceScaleFactor 1 › S10 S10-next-round matches the C3 reference 
