
> kelimator-2012@0.0.0 e2e
> playwright test visual -g S1-boot|S2-idle|S4-partial --reporter=line


Running 6 tests using 1 worker

[1/6] [app] › tests/e2e/visual.spec.ts:161:7 › E2 visual states — deviceScaleFactor 1 › S1 S1-boot matches the C3 reference
[app] › tests/e2e/visual.spec.ts:161:7 › E2 visual states — deviceScaleFactor 1 › S1 S1-boot matches the C3 reference
E2 S1 dsf1: mismatchRatio=0.03845909090909091 (3.846%), mismatchedPixels=8461/220000, pass=false

  1) [app] › tests/e2e/visual.spec.ts:161:7 › E2 visual states — deviceScaleFactor 1 › S1 S1-boot matches the C3 reference 

    Error: S1 dsf1 mismatch ratio 3.846% (limit 2.000%)

    expect(received).toBeLessThanOrEqual(expected)

    Expected: <= 0.02
    Received:    0.03845909090909091

      183 |           report.mismatchRatio,
      184 |           `${spec.id} dsf${dsf} mismatch ratio ${ratioPercent.toFixed(3)}% (limit 2.000%)`,
    > 185 |         ).toBeLessThanOrEqual(report.passRatio);
          |           ^
      186 |         expect(report.pass).toBe(true);
      187 |       });
      188 |     }
        at /home/dev/kelimator-2012/tests/e2e/visual.spec.ts:185:11

    Error Context: test-results/tests-e2e-visual-E2-visual-3f0de-ot-matches-the-C3-reference-app/error-context.md


[2/6] [app] › tests/e2e/visual.spec.ts:161:7 › E2 visual states — deviceScaleFactor 1 › S2 S2-idle-board matches the C3 reference
[app] › tests/e2e/visual.spec.ts:161:7 › E2 visual states — deviceScaleFactor 1 › S2 S2-idle-board matches the C3 reference
E2 S2 dsf1: mismatchRatio=0.04936818181818182 (4.937%), mismatchedPixels=10861/220000, pass=false

  2) [app] › tests/e2e/visual.spec.ts:161:7 › E2 visual states — deviceScaleFactor 1 › S2 S2-idle-board matches the C3 reference 

    Error: S2 dsf1 mismatch ratio 4.937% (limit 2.000%)

    expect(received).toBeLessThanOrEqual(expected)

    Expected: <= 0.02
    Received:    0.04936818181818182

      183 |           report.mismatchRatio,
      184 |           `${spec.id} dsf${dsf} mismatch ratio ${ratioPercent.toFixed(3)}% (limit 2.000%)`,
    > 185 |         ).toBeLessThanOrEqual(report.passRatio);
          |           ^
      186 |         expect(report.pass).toBe(true);
      187 |       });
      188 |     }
        at /home/dev/kelimator-2012/tests/e2e/visual.spec.ts:185:11

    Error Context: test-results/tests-e2e-visual-E2-visual-373b3-rd-matches-the-C3-reference-app/error-context.md


[3/6] [app] › tests/e2e/visual.spec.ts:161:7 › E2 visual states — deviceScaleFactor 1 › S4 S4-partial-entry matches the C3 reference
[app] › tests/e2e/visual.spec.ts:161:7 › E2 visual states — deviceScaleFactor 1 › S4 S4-partial-entry matches the C3 reference
E2 S4 dsf1: mismatchRatio=0.06430909090909091 (6.431%), mismatchedPixels=14148/220000, pass=false

  3) [app] › tests/e2e/visual.spec.ts:161:7 › E2 visual states — deviceScaleFactor 1 › S4 S4-partial-entry matches the C3 reference 

    Error: S4 dsf1 mismatch ratio 6.431% (limit 2.000%)

    expect(received).toBeLessThanOrEqual(expected)

    Expected: <= 0.02
    Received:    0.06430909090909091

      183 |           report.mismatchRatio,
      184 |           `${spec.id} dsf${dsf} mismatch ratio ${ratioPercent.toFixed(3)}% (limit 2.000%)`,
    > 185 |         ).toBeLessThanOrEqual(report.passRatio);
          |           ^
      186 |         expect(report.pass).toBe(true);
      187 |       });
      188 |     }
        at /home/dev/kelimator-2012/tests/e2e/visual.spec.ts:185:11

    Error Context: test-results/tests-e2e-visual-E2-visual-1e0f5-ry-matches-the-C3-reference-app/error-context.md


[4/6] [app] › tests/e2e/visual.spec.ts:161:7 › E2 visual states — deviceScaleFactor 2 › S1 S1-boot matches the C3 reference
[app] › tests/e2e/visual.spec.ts:161:7 › E2 visual states — deviceScaleFactor 2 › S1 S1-boot matches the C3 reference
E2 S1 dsf2: mismatchRatio=0.05425 (5.425%), mismatchedPixels=47740/880000, pass=false

  4) [app] › tests/e2e/visual.spec.ts:161:7 › E2 visual states — deviceScaleFactor 2 › S1 S1-boot matches the C3 reference 

    Error: S1 dsf2 mismatch ratio 5.425% (limit 2.000%)

    expect(received).toBeLessThanOrEqual(expected)

    Expected: <= 0.02
    Received:    0.05425

      183 |           report.mismatchRatio,
      184 |           `${spec.id} dsf${dsf} mismatch ratio ${ratioPercent.toFixed(3)}% (limit 2.000%)`,
    > 185 |         ).toBeLessThanOrEqual(report.passRatio);
          |           ^
      186 |         expect(report.pass).toBe(true);
      187 |       });
      188 |     }
        at /home/dev/kelimator-2012/tests/e2e/visual.spec.ts:185:11

    Error Context: test-results/tests-e2e-visual-E2-visual-a8731-ot-matches-the-C3-reference-app/error-context.md


[5/6] [app] › tests/e2e/visual.spec.ts:161:7 › E2 visual states — deviceScaleFactor 2 › S2 S2-idle-board matches the C3 reference
[app] › tests/e2e/visual.spec.ts:161:7 › E2 visual states — deviceScaleFactor 2 › S2 S2-idle-board matches the C3 reference
E2 S2 dsf2: mismatchRatio=0.08434431818181819 (8.434%), mismatchedPixels=74223/880000, pass=false

  5) [app] › tests/e2e/visual.spec.ts:161:7 › E2 visual states — deviceScaleFactor 2 › S2 S2-idle-board matches the C3 reference 

    Error: S2 dsf2 mismatch ratio 8.434% (limit 2.000%)

    expect(received).toBeLessThanOrEqual(expected)

    Expected: <= 0.02
    Received:    0.08434431818181819

      183 |           report.mismatchRatio,
      184 |           `${spec.id} dsf${dsf} mismatch ratio ${ratioPercent.toFixed(3)}% (limit 2.000%)`,
    > 185 |         ).toBeLessThanOrEqual(report.passRatio);
          |           ^
      186 |         expect(report.pass).toBe(true);
      187 |       });
      188 |     }
        at /home/dev/kelimator-2012/tests/e2e/visual.spec.ts:185:11

    Error Context: test-results/tests-e2e-visual-E2-visual-5e819-rd-matches-the-C3-reference-app/error-context.md


[6/6] [app] › tests/e2e/visual.spec.ts:161:7 › E2 visual states — deviceScaleFactor 2 › S4 S4-partial-entry matches the C3 reference
[app] › tests/e2e/visual.spec.ts:161:7 › E2 visual states — deviceScaleFactor 2 › S4 S4-partial-entry matches the C3 reference
E2 S4 dsf2: mismatchRatio=0.09608181818181818 (9.608%), mismatchedPixels=84552/880000, pass=false

  6) [app] › tests/e2e/visual.spec.ts:161:7 › E2 visual states — deviceScaleFactor 2 › S4 S4-partial-entry matches the C3 reference 

    Error: S4 dsf2 mismatch ratio 9.608% (limit 2.000%)

    expect(received).toBeLessThanOrEqual(expected)

    Expected: <= 0.02
    Received:    0.09608181818181818

      183 |           report.mismatchRatio,
      184 |           `${spec.id} dsf${dsf} mismatch ratio ${ratioPercent.toFixed(3)}% (limit 2.000%)`,
    > 185 |         ).toBeLessThanOrEqual(report.passRatio);
          |           ^
      186 |         expect(report.pass).toBe(true);
      187 |       });
      188 |     }
        at /home/dev/kelimator-2012/tests/e2e/visual.spec.ts:185:11

    Error Context: test-results/tests-e2e-visual-E2-visual-ac5b8-ry-matches-the-C3-reference-app/error-context.md


  6 failed
    [app] › tests/e2e/visual.spec.ts:161:7 › E2 visual states — deviceScaleFactor 1 › S1 S1-boot matches the C3 reference 
    [app] › tests/e2e/visual.spec.ts:161:7 › E2 visual states — deviceScaleFactor 1 › S2 S2-idle-board matches the C3 reference 
    [app] › tests/e2e/visual.spec.ts:161:7 › E2 visual states — deviceScaleFactor 1 › S4 S4-partial-entry matches the C3 reference 
    [app] › tests/e2e/visual.spec.ts:161:7 › E2 visual states — deviceScaleFactor 2 › S1 S1-boot matches the C3 reference 
    [app] › tests/e2e/visual.spec.ts:161:7 › E2 visual states — deviceScaleFactor 2 › S2 S2-idle-board matches the C3 reference 
    [app] › tests/e2e/visual.spec.ts:161:7 › E2 visual states — deviceScaleFactor 2 › S4 S4-partial-entry matches the C3 reference 
