# E3 artifact hashes (2026-09-28T20:09:28Z)
# (this log file itself is excluded from the listing)

## Sources
db4a2a5801f9b948f6b31591b41bf429f05858ce7578f77220e32f88dcc4b1ef  src/ui/animations.ts
0375a170cf71ddd60cf10c49741d11ec8a2edabb97fbba16149c71a500ac88e3  src/styles/animations.css
7078f62036193e0b5c477a124db1a449cc89b4fcdac06b7c5da7985d075fa750  src/main.ts
a8f1be77e8df5b9f7d248e8d10d14dfb2aa5371ecf1ea27c207d89d048968633  tests/e2e/animations/animations.spec.ts
8b5d16b3e4e8781c6b73d6581c198e00f3f72b6378e64cf0f2824bb45d2f8366  tests/e2e/animations/scenarios/board.json
7110c1ef6384d41476d56688ad833a7bb564a6cab68b33d46a78d1688fde06c7  tests/e2e/animations/scenarios/wordball.json

## Reference captures (C3 scenario mode)
4a6f9bfdd04c85b64465a3cf1e902c6ff8a45538b6b71bcbefc21af252865339  tests/fixtures/reference/animations/board/board-0.0.png
7f90d0ad2c48e886e5e28ac420201b17b4418cb0c202a6adc23026154d20d2c1  tests/fixtures/reference/animations/board/scenario-report.json
48d10c482eb332bba8380c541a4cfea2e67c32d6717b50a4623910cde7014d89  tests/fixtures/reference/animations/sprite_wordball_timeline/wordball-0.0.png
26a9ec5333f13cb1c2ece1b5dd569d57dad529f3334ef7f00d5d84b32d9650f3  tests/fixtures/reference/animations/sprite_wordball_timeline/wordball-0.25.png
26a9ec5333f13cb1c2ece1b5dd569d57dad529f3334ef7f00d5d84b32d9650f3  tests/fixtures/reference/animations/sprite_wordball_timeline/wordball-0.5278.png
26a9ec5333f13cb1c2ece1b5dd569d57dad529f3334ef7f00d5d84b32d9650f3  tests/fixtures/reference/animations/sprite_wordball_timeline/wordball-0.8056.png
f13dd44619394ead9e24da005d94a14f32554cce06bba0b64aba6b991075cec9  tests/fixtures/reference/animations/sprite_wordball_timeline/wordball-1.0556.png
469713a3ad8da52d20592ddda8211b702f213ff0a1e2cf40701bff29662999a9  tests/fixtures/reference/animations/sprite_wordball_timeline/scenario-report.json

## Evidence captures/reports (V5)
0fd278d2c2b52bd63db1ae09126d3237c0c4c1718b83adfc71eec1ab54a12ee3  evidence/visual/E3/board/0.0.heatmap.png
c2740f3796eb2207a81cf90e579b388f3af36d002c223767c9aab9f80038b4ac  evidence/visual/E3/board/0.0.png
10438a3a0d69e134e7de8b395a63822d365dd9eff3140c635577c6e8ec0239a0  evidence/visual/E3/sprite_wordball_timeline/0.25.heatmap.png
2846a696bf592f53714d0f28cf3a47866eae25b843df48b2a2e6ca6c76254343  evidence/visual/E3/sprite_wordball_timeline/0.25.png
10438a3a0d69e134e7de8b395a63822d365dd9eff3140c635577c6e8ec0239a0  evidence/visual/E3/sprite_wordball_timeline/0.5278.heatmap.png
2846a696bf592f53714d0f28cf3a47866eae25b843df48b2a2e6ca6c76254343  evidence/visual/E3/sprite_wordball_timeline/0.5278.png
10438a3a0d69e134e7de8b395a63822d365dd9eff3140c635577c6e8ec0239a0  evidence/visual/E3/sprite_wordball_timeline/0.8056.heatmap.png
2846a696bf592f53714d0f28cf3a47866eae25b843df48b2a2e6ca6c76254343  evidence/visual/E3/sprite_wordball_timeline/0.8056.png
d33b5b16f0a3cfdc0f519466cdea496c1ac8a1724e2db88ef1318c20cd05f878  evidence/visual/E3/sprite_wordball_timeline/1.0556.heatmap.png
48da97e7c9e7aea7f83ce265e3d4e00369987dd6d2b0d5f5ed00b326c8d946cc  evidence/visual/E3/sprite_wordball_timeline/1.0556.png
9d715d1489d40db30dab259aba2f0e99ef18c074d1f3e2c30a43b2f20e53a649  evidence/visual/E3/board/0.0.report.json
482b3ffe5150ab37506dd6e321366b4e4386330a676f24690ce229a77cb6e022  evidence/visual/E3/sprite_wordball_timeline/0.25.report.json
482b3ffe5150ab37506dd6e321366b4e4386330a676f24690ce229a77cb6e022  evidence/visual/E3/sprite_wordball_timeline/0.5278.report.json
482b3ffe5150ab37506dd6e321366b4e4386330a676f24690ce229a77cb6e022  evidence/visual/E3/sprite_wordball_timeline/0.8056.report.json
b80d8d884ff43fa5a9e20abe95c2f7f4c3e79c54d085168897ca0adef6d0f7e0  evidence/visual/E3/sprite_wordball_timeline/1.0556.report.json

## Inputs (unchanged)
c263ed44b8d352ed72757821f0fd3cbebd58e5c5883dd124ec2229343ce9794e  data/animation.json
c263ed44b8d352ed72757821f0fd3cbebd58e5c5883dd124ec2229343ce9794e  src/data/animation.json
fb31fbca633c70682dce34d6c6f27388391da9ad44510ef4486f4a1198297b09  data/sound-map.json

## Logs
cfc281bc2ba51d59d2d3bf0174485750df162f5c178d4f98fa3a05ecabee4a48  evidence/logs/E3-capture-board.log
40e2b9b7f0c535cc81133a9bdba630f12c46aa6540e1bd432865e497f6502741  evidence/logs/E3-capture-wordball.log
8c1a6de5fd6857ca7f54118b964cfb2fb7272cdc567fa34258cba1f9b39e6ae4  evidence/logs/E3-e2e-animation-iter1.log
adcc46c0367e8018c9c93924c444ed0d7d22f94ce22cab42d7bb53ac51b833cc  evidence/logs/E3-e2e-animation-iter2.log
20c3c24a100c086f3e320ed9e66c09ddb95636a7bc25502e8ee5c02ddb158bf0  evidence/logs/E3-e2e-animation-recorded.log
3927df8890c08f830f98f88491b73e53aff5b636a0bcbae510490d431bae8687  evidence/logs/E3-e2e-animation-final.log
ba2e1aae7b4687427aacad4ea9ceb6d8a6e9cebfb392d4e2d7bfab665671897d  evidence/logs/E3-e2e-animation-bare.log
4cbc97efc379d0fe986f5e4382f478a893dab7049d79cccb6e1cd9acfc586e39  evidence/logs/E3-e2e-visual-regression.log
85c6929e4ef5a2fae31f5062b1ead101d5a6cfc63ddba93b8a3969eca712334b  evidence/logs/E3-e2e-playthrough-regression.log
591c374634ed1cb98c00974895d38a3803b53591300aa0b6d7cc84ea84b9dddb  evidence/logs/E3-test-full.log
1127abec44245b91cc3e51990e56293ddb992d67248afcfa1440f5ffa3f11ad1  evidence/logs/E3-lint.log
ac82c4d09cca0e8a431b78cd9c23ba644a1c73cc1b71b5c20ad910e2b1527497  evidence/logs/E3-build.log
