
> kelimator-2012@0.0.0 e2e
> playwright test animation --reporter=line


Running 8 tests using 1 worker

(node:21695) Warning: The 'NO_COLOR' env is ignored due to the 'FORCE_COLOR' env being set.
(Use `node --trace-warnings ...` to show where the warning was created)


(node:21695) Warning: The 'NO_COLOR' env is ignored due to the 'FORCE_COLOR' env being set.
(Use `node --trace-warnings ...` to show where the warning was created)


[1/8] [app] › tests/e2e/animations/animations.spec.ts:198:3 › E3 V2 — animation timings equal the catalog › code durations/keyframes equal data/animation.json
[2/8] [app] › tests/e2e/animations/animations.spec.ts:259:3 › E3 V7 — animation triggers › trigger names come from D5 lifecycle events and D4 audio events
[3/8] [app] › tests/e2e/animations/animations.spec.ts:314:3 › E3 V7 — animation triggers › entry change starts the wordball slide and delete slides it out
[4/8] [app] › tests/e2e/animations/animations.spec.ts:346:5 › E3 V5 — animation keyframes › board @ 0.0 s matches the reference capture
[app] › tests/e2e/animations/animations.spec.ts:346:5 › E3 V5 — animation keyframes › board @ 0.0 s matches the reference capture
E3 board @ 0.0s: raw=4.846% (10661/220000 px), tolerant=1.011% (2225 px), pass=true

[5/8] [app] › tests/e2e/animations/animations.spec.ts:346:5 › E3 V5 — animation keyframes › sprite_wordball_timeline @ 0.25 s matches the reference capture
[app] › tests/e2e/animations/animations.spec.ts:346:5 › E3 V5 — animation keyframes › sprite_wordball_timeline @ 0.25 s matches the reference capture
E3 sprite_wordball_timeline @ 0.25s: raw=5.158% (11347/220000 px), tolerant=1.103% (2427 px), pass=true

[6/8] [app] › tests/e2e/animations/animations.spec.ts:346:5 › E3 V5 — animation keyframes › sprite_wordball_timeline @ 0.5278 s matches the reference capture
[app] › tests/e2e/animations/animations.spec.ts:346:5 › E3 V5 — animation keyframes › sprite_wordball_timeline @ 0.5278 s matches the reference capture
E3 sprite_wordball_timeline @ 0.5278s: raw=5.158% (11347/220000 px), tolerant=1.103% (2427 px), pass=true

[7/8] [app] › tests/e2e/animations/animations.spec.ts:346:5 › E3 V5 — animation keyframes › sprite_wordball_timeline @ 0.8056 s matches the reference capture
[app] › tests/e2e/animations/animations.spec.ts:346:5 › E3 V5 — animation keyframes › sprite_wordball_timeline @ 0.8056 s matches the reference capture
E3 sprite_wordball_timeline @ 0.8056s: raw=5.158% (11347/220000 px), tolerant=1.103% (2427 px), pass=true

[8/8] [app] › tests/e2e/animations/animations.spec.ts:346:5 › E3 V5 — animation keyframes › sprite_wordball_timeline @ 1.0556 s matches the reference capture
[app] › tests/e2e/animations/animations.spec.ts:346:5 › E3 V5 — animation keyframes › sprite_wordball_timeline @ 1.0556 s matches the reference capture
E3 sprite_wordball_timeline @ 1.0556s: raw=5.165% (11362/220000 px), tolerant=1.104% (2429 px), pass=true

  8 passed (17.5s)
