89dc4bcf1415ad5e9c76cc1570a96568b9a32a13ddf99648b7bae573d44c2b75  verify/diff/diff.mjs
5908d2f5680192ffdb6a0892b24f3fd4c6ffe0ad2c08f5d3495127eefc0d1dcc  verify/diff/fixtures.mjs
ab33e0b656cc7e4e56337f29336e7b9dc2bfe000de6ce895fb29ec3039918f70  verify/diff/diff.test.mjs
d6b098fd7cfd524312677a2ff2e3ee5563b139271e81c0a71ce3e266ad54762e  verify/diff/README.md
f256d4a52fd2ce0988aaa3f2347bdb6b2dd32bafb36be20939eb964f5cafd838  evidence/F1-artifacts/base.png
dbb35de6bc45f612fb486a0016b26b71dded6b6a051a611d13dae53d834f8ba8  evidence/F1-artifacts/mutated.png
17e668b8990f179b61108a91cb3d9ffeeede06d1c6f05bccbcd1c24a39d7ce1c  evidence/F1-artifacts/mutated-run-1/report.json
a7e7dc1edf64e0f24bc05939b3fe2fbbdf93cc0986e7e778c6063785faf2dabc  evidence/F1-artifacts/mutated-run-1/heatmap.png
17e668b8990f179b61108a91cb3d9ffeeede06d1c6f05bccbcd1c24a39d7ce1c  evidence/F1-artifacts/mutated-run-2/report.json
a7e7dc1edf64e0f24bc05939b3fe2fbbdf93cc0986e7e778c6063785faf2dabc  evidence/F1-artifacts/mutated-run-2/heatmap.png
b99589dee0f3def7067bb2c6c830314d54365dd625a4d596953619ddcd76d545  evidence/F1-artifacts/identical-run/report.json
b01bd3da03f0c3bab3489c758998093d8c045602c6974f0eb31e6cb4e4276bbd  evidence/F1-artifacts/identical-run/heatmap.png

# Follow-up (lint fix), 2026-09-28T13:27:46Z — appended
# verify/diff/diff.mjs gained { cause } on 3 rethrows (ESLint preserve-caught-error);
# behavior/messages unchanged. Supersedes the diff.mjs line above.
616f265556d94a78b01ef925eccbd6e93c97e8cf6c1d9a68f28689a6be96af87  verify/diff/diff.mjs
17e668b8990f179b61108a91cb3d9ffeeede06d1c6f05bccbcd1c24a39d7ce1c  evidence/F1-artifacts/mutated-run-1/report.json  (re-verified unchanged, follow-up rerun)
a7e7dc1edf64e0f24bc05939b3fe2fbbdf93cc0986e7e778c6063785faf2dabc  evidence/F1-artifacts/mutated-run-1/heatmap.png  (re-verified unchanged, follow-up rerun)

# Follow-up (tolerant metric, schema v2), 2026-09-28T17:06:02Z — appended
# Supersedes the diff.mjs/fixtures.mjs/diff.test.mjs/README.md lines above and the v1 artifacts.
f211ed94002d1220b7c48951c4e63bca55316e73669b0fa1b976be572ffec148  verify/diff/diff.mjs
7069c569188ca8d1b40d782e7c6c985e8e94450568adaed82451d57b190f0b52  verify/diff/fixtures.mjs
cf32eba80c5ac9042b4d9cff2f61734877746aff130dd42e0e77bf00efeb92ce  verify/diff/diff.test.mjs
0c5b04cfe3fdb9fe5fd299236ba8e7a05d08ce1bf99d9c55e27e5202674b07d5  verify/diff/README.md
4936fcfb6029d5ef4848298708490c7c1e5e23246663870ed8e2dfefff843175  evidence/F1-artifacts/tolerance/base.png
f1d05dbf79ed7f7a0e91ef3b15272f7d3b384ca70aab53fa87f4e4e05995ef0c  evidence/F1-artifacts/tolerance/mutated.png
394d5b0441846f75d23a7d5dbc52656f67dbb4a4cdd54b24dc8cf0c1c5ba3270  evidence/F1-artifacts/tolerance/run-1/report.json
23ea004d3dd09f58ae92a18f1406046fee82908dee88bae94e7059e9846d20b3  evidence/F1-artifacts/tolerance/run-1/heatmap.png
394d5b0441846f75d23a7d5dbc52656f67dbb4a4cdd54b24dc8cf0c1c5ba3270  evidence/F1-artifacts/tolerance/run-2/report.json
23ea004d3dd09f58ae92a18f1406046fee82908dee88bae94e7059e9846d20b3  evidence/F1-artifacts/tolerance/run-2/heatmap.png
35eaeab20324a1bec3fe5c1ad541ffa348cdd75f03d797fb3c825fdd9b40dc27  evidence/F1-artifacts/tolerance/identical-run/report.json
4d6e279f8f81225af1378304dbed82ed1ed194c102f3e93f77488f3c7b90b36d  evidence/F1-artifacts/tolerance/identical-run/heatmap.png
