# F1 tolerant-metric follow-up — v2 fixture evidence and V8 determinism

$ node verify/diff/fixtures.mjs evidence/F1-artifacts/tolerance
fixtures: wrote evidence/F1-artifacts/tolerance/base.png and evidence/F1-artifacts/tolerance/mutated.png (550x400)
exit=0

$ node verify/diff/diff.mjs evidence/F1-artifacts/tolerance/base.png evidence/F1-artifacts/tolerance/mutated.png evidence/F1-artifacts/tolerance/run-1
diff: mismatchedPixels=100 totalPixels=220000 mismatchRatio=0.00045454545454545455 pass=true -> evidence/F1-artifacts/tolerance/run-1/report.json
exit=0

$ node verify/diff/diff.mjs evidence/F1-artifacts/tolerance/base.png evidence/F1-artifacts/tolerance/mutated.png evidence/F1-artifacts/tolerance/run-2
diff: mismatchedPixels=100 totalPixels=220000 mismatchRatio=0.00045454545454545455 pass=true -> evidence/F1-artifacts/tolerance/run-2/report.json
exit=0

$ node verify/diff/diff.mjs evidence/F1-artifacts/tolerance/base.png evidence/F1-artifacts/tolerance/base.png evidence/F1-artifacts/tolerance/identical-run
diff: mismatchedPixels=0 totalPixels=220000 mismatchRatio=0 pass=true -> evidence/F1-artifacts/tolerance/identical-run/report.json
exit=0

$ shasum -a 256 evidence/F1-artifacts/tolerance/run-{1,2}/report.json evidence/F1-artifacts/tolerance/run-{1,2}/heatmap.png
394d5b0441846f75d23a7d5dbc52656f67dbb4a4cdd54b24dc8cf0c1c5ba3270  evidence/F1-artifacts/tolerance/run-1/report.json
394d5b0441846f75d23a7d5dbc52656f67dbb4a4cdd54b24dc8cf0c1c5ba3270  evidence/F1-artifacts/tolerance/run-2/report.json
23ea004d3dd09f58ae92a18f1406046fee82908dee88bae94e7059e9846d20b3  evidence/F1-artifacts/tolerance/run-1/heatmap.png
23ea004d3dd09f58ae92a18f1406046fee82908dee88bae94e7059e9846d20b3  evidence/F1-artifacts/tolerance/run-2/heatmap.png
exit=0

$ cmp -s evidence/F1-artifacts/tolerance/run-1/report.json evidence/F1-artifacts/tolerance/run-2/report.json
cmp exit=0

$ node -e <parse run-1 and identical-run reports>
run-1: {"schemaVersion":2,"tool":"verify/diff/diff.mjs","width":550,"height":400,"totalPixels":220000,"mismatchThreshold":30,"passRatio":0.02,"tolerantRadius":2,"mismatchedPixels":100,"mismatchRatio":0.00045454545454545455,"maxDistance":173.20508075688772,"meanDistance":0.07872958216222185,"mismatchBBox":{"x":123,"y":45,"width":10,"height":10},"tolerantMismatchedPixels":36,"tolerantMismatchRatio":0.00016363636363636363,"tolerantMismatchBBox":{"x":125,"y":47,"width":6,"height":6},"pass":true}
identical-run: {"schemaVersion":2,"tool":"verify/diff/diff.mjs","width":550,"height":400,"totalPixels":220000,"mismatchThreshold":30,"passRatio":0.02,"tolerantRadius":2,"mismatchedPixels":0,"mismatchRatio":0,"maxDistance":0,"meanDistance":0,"mismatchBBox":null,"tolerantMismatchedPixels":0,"tolerantMismatchRatio":0,"tolerantMismatchBBox":null,"pass":true}
exit=0

$ node verify/diff/diff.mjs evidence/F1-artifacts/base.png evidence/F1-artifacts/mutated.png $TMPDIR/f1-crosscheck/v1-inputs-v2-tool
diff: mismatchedPixels=100 totalPixels=220000 mismatchRatio=0.00045454545454545455 pass=true -> /var/folders/kt/hj1k21b96gx5hctjhpjk1m3c0000gn/T/f1-crosscheck/v1-inputs-v2-tool/report.json
exit=0
v1 pattern inputs under v2 tool: raw={"mismatchedPixels":100,"mismatchRatio":0.00045454545454545455,"maxDistance":173.20508075688772,"meanDistance":0.07872958216222185,"mismatchBBox":{"x":123,"y":45,"width":10,"height":10}} tolerant=39 tolerantBox={"x":125,"y":46,"width":6,"height":7}
exit=0
