e6bc7c3459c5a436203539675ed4b7528e6ec8e8272c1363b8f056f2b14cdc7f  evidence/F2-playthrough.md
4dd333cd33c36bdcd87c3acadf0de95baf6485d12880683e15004ab919366820  evidence/F2-report.json
aa8a1e4f89dc5e2876c9285c155a188fb899145b45de47be2e285223b3267558  tests/fixtures/playthrough.json
6d6ee47ec527cb052af808b24bb24f75d9d324e81b192ab2d0121e0d9044fea8  tests/e2e/playthrough/playthrough.spec.ts
372c6e07b9d7d8e990065b0b6c21b098f5d9b1ee431f2b9214a68e323caa3b99  tests/e2e/playthrough/build-scenario.mjs
24ba7cf11264f9ee7351357e4feb7f964e0ded071a6475abe69134c1127e5736  tests/fixtures/reference/playthrough/deck-match.json
e822c93ad2ad6be759bb15a7044656b49b7551dd3cddc67759446e76389b0445  tests/fixtures/reference/playthrough/scenarios/playthrough.json
6d85b62f5349bdca97e9934d4e504d0c2a0c37bdbd41efbd240080c693694a44  tests/fixtures/reference/playthrough/scenarios/timeout.json
cfdc5773dd68c072db0bc6fa6b9868263dda3dea345806c17e8719efa7170334  tests/fixtures/reference/playthrough/scenario-report.json
f85d43abb3b0af4fd36cb3babc35a798da93acee55bea0c0341d4dd55262e006  tests/fixtures/reference/playthrough/interaction-log.json
af6c4d01528509d49faa8794996338651cf31a2994e716ba2364ecb5f5203218  tests/fixtures/reference/playthrough/timeout/scenario-report.json
20596e199148f26275c06b1eb3b4ad3f0649b7555e8dd281f000eed4e7fd47b7  tests/fixtures/reference/playthrough/timeout/timeout.png
726a9124be47ad4d05ace56ef31b6797e48bf8334dc0254c5bfd1d0c41396b91  evidence/visual/F2/timeout/report.json
9aa4d65afc4ce6b7a66631c9f6bdf692ea7189232b32f3a20fdf94904ead6f86  evidence/visual/F2/19-bonus-entry-pre-submit-scoped-out/report.json
aaf78136235f26fd391ab216ab7f0317fc5eecf08d6e58883ca8d4b23cc21d53  evidence/visual/F2/00-selected/report.json
bbbcdfd240449fa3e047614ee92d29bef3da57a79edf31f7ff0c227e645456e2  evidence/visual/F2/39-complete/step.json
050421b3c441edf936d86b7baee5e7958f7aaa46d1c3f507b6111a73db671185  evidence/logs/F2-e2e-playthrough.log
a7147c252dfd12830165398393c97c21a299bc4353f22d706fa1674df14ee823  evidence/logs/F2-e2e-record.log
1eeca5bd423a95a15f5cdfc50a68fef1e3bff53d871b4c6f31c7c0278d90def9  evidence/logs/F2-e2e-visual.log
26bc9801d00e5df28ca8e4506299248d6e323a38379264e23356bc76f6c72de5  evidence/logs/F2-e2e-interaction.log
1337072bb0db308a0cf059ea91b46352de3905e80401e0a3d13f165d3859c80c  evidence/logs/F2-reference-playthrough.log
283fc31eca2e23196913e170ce6b9c6d2ac2f2876eae6712ae93193cc6cee8d3  evidence/logs/F2-reference-timeout.log
0beafdadd2cd5be07117f5b97ff9e6624579b5c5fc675d1ed7eb33f7e58f97b3  evidence/logs/F2-step-table.log
473de6483967259e0bb74f4bd7d221de51c4069fa7ccd3c136b304cbaad1bbd0  evidence/logs/F2-test-full.log
1127abec44245b91cc3e51990e56293ddb992d67248afcfa1440f5ffa3f11ad1  evidence/logs/F2-lint.log
7467340e94471729cf022ca98a5baf5cadb7a9997cb173522244e00ed445becb  evidence/logs/F2-build.log
