[C3 scenario] step 0 waitForState: ok (8577 ms)
[C3 scenario] step 1 waitStable: ok (973 ms)
[C3 scenario] step 2 capture: ok (76 ms)
[C3 scenario] step 3 key: ok (293 ms)
[C3 scenario] step 4 waitMs: ok (21 ms)
[C3 scenario] step 5 key: ok (21 ms)
[C3 scenario] step 6 waitMs: ok (21 ms)
[C3 scenario] step 7 key: ok (11 ms)
[C3 scenario] step 8 waitMs: ok (21 ms)
[C3 scenario] step 9 key: ok (29 ms)
[C3 scenario] step 10 waitStable: ok (764 ms)
[C3 scenario] step 11 capture: ok (75 ms)
[C3 scenario] step 12 key: ok (2 ms)
[C3 scenario] step 13 waitMs: ok (22 ms)
[C3 scenario] step 14 key: ok (2 ms)
[C3 scenario] step 15 waitMs: ok (20 ms)
[C3 scenario] step 16 key: ok (32 ms)
[C3 scenario] step 17 waitMs: ok (20 ms)
[C3 scenario] step 18 waitStable: ok (784 ms)
[C3 scenario] step 19 capture: ok (78 ms)
[C3 scenario] step 20 key: ok (37 ms)
[C3 scenario] step 21 waitMs: ok (21 ms)
[C3 scenario] step 22 key: ok (10 ms)
[C3 scenario] step 23 waitMs: ok (21 ms)
[C3 scenario] step 24 key: ok (28 ms)
[C3 scenario] step 25 waitMs: ok (20 ms)
[C3 scenario] step 26 key: ok (15 ms)
[C3 scenario] step 27 waitForState: ok (250 ms)
[C3 scenario] step 28 waitStable: ok (1346 ms)
[C3 scenario] step 29 capture: ok (74 ms)
[C3 scenario] step 30 key: ok (2 ms)
[C3 scenario] step 31 waitMs: ok (20 ms)
[C3 scenario] step 32 key: ok (21 ms)
[C3 scenario] step 33 waitMs: ok (21 ms)
[C3 scenario] step 34 key: ok (14 ms)
[C3 scenario] step 35 waitMs: ok (21 ms)
[C3 scenario] step 36 key: ok (31 ms)
[C3 scenario] step 37 waitStable: ok (670 ms)
[C3 scenario] step 38 capture: ok (43 ms)
[C3 scenario] step 39 key: ok (35 ms)
[C3 scenario] step 40 waitMs: ok (21 ms)
[C3 scenario] step 41 key: ok (13 ms)
[C3 scenario] step 42 waitMs: ok (22 ms)
[C3 scenario] step 43 key: ok (28 ms)
[C3 scenario] step 44 waitMs: ok (21 ms)
[C3 scenario] step 45 waitStable: ok (921 ms)
[C3 scenario] step 46 capture: ok (107 ms)
[C3 scenario] step 47 key: ok (37 ms)
[C3 scenario] step 48 waitMs: ok (21 ms)
[C3 scenario] step 49 key: ok (13 ms)
[C3 scenario] step 50 waitMs: ok (21 ms)
[C3 scenario] step 51 key: ok (27 ms)
[C3 scenario] step 52 waitMs: ok (20 ms)
[C3 scenario] step 53 key: ok (12 ms)
[C3 scenario] step 54 waitForState: ok (240 ms)
[C3 scenario] step 55 waitStable: ok (1397 ms)
[C3 scenario] step 56 capture: ok (44 ms)
[C3 scenario] step 57 key: ok (51 ms)
[C3 scenario] step 58 waitMs: ok (21 ms)
[C3 scenario] step 59 key: ok (2 ms)
[C3 scenario] step 60 waitMs: ok (21 ms)
[C3 scenario] step 61 key: ok (23 ms)
[C3 scenario] step 62 waitMs: ok (21 ms)
[C3 scenario] step 63 key: ok (14 ms)
[C3 scenario] step 64 waitForState: ok (248 ms)
[C3 scenario] step 65 waitStable: ok (1600 ms)
[C3 scenario] step 66 capture: ok (88 ms)
[C3 scenario] step 67 key: ok (35 ms)
[C3 scenario] step 68 waitMs: ok (21 ms)
[C3 scenario] step 69 key: ok (12 ms)
[C3 scenario] step 70 waitMs: ok (21 ms)
[C3 scenario] step 71 key: ok (26 ms)
[C3 scenario] step 72 waitMs: ok (20 ms)
[C3 scenario] step 73 key: ok (19 ms)
[C3 scenario] step 74 waitForState: ok (305 ms)
[C3 scenario] step 75 waitStable: ok (1453 ms)
[C3 scenario] step 76 capture: ok (111 ms)
[C3 scenario] step 77 key: ok (50 ms)
[C3 scenario] step 78 waitMs: ok (21 ms)
[C3 scenario] step 79 key: ok (23 ms)
[C3 scenario] step 80 waitMs: ok (21 ms)
[C3 scenario] step 81 key: ok (11 ms)
[C3 scenario] step 82 waitMs: ok (22 ms)
[C3 scenario] step 83 key: ok (38 ms)
[C3 scenario] step 84 waitForState: ok (157 ms)
[C3 scenario] step 85 waitStable: ok (1829 ms)
[C3 scenario] step 86 capture: ok (108 ms)
[C3 scenario] step 87 key: ok (23 ms)
[C3 scenario] step 88 waitMs: ok (21 ms)
[C3 scenario] step 89 key: ok (17 ms)
[C3 scenario] step 90 waitMs: ok (21 ms)
[C3 scenario] step 91 key: ok (13 ms)
[C3 scenario] step 92 waitMs: ok (21 ms)
[C3 scenario] step 93 key: ok (42 ms)
[C3 scenario] step 94 waitForState: ok (103 ms)
[C3 scenario] step 95 waitStable: ok (1428 ms)
[C3 scenario] step 96 capture: ok (84 ms)
[C3 scenario] step 97 key: ok (37 ms)
[C3 scenario] step 98 waitMs: ok (21 ms)
[C3 scenario] step 99 key: ok (9 ms)
[C3 scenario] step 100 waitMs: ok (21 ms)
[C3 scenario] step 101 key: ok (30 ms)
[C3 scenario] step 102 waitMs: ok (21 ms)
[C3 scenario] step 103 key: ok (10 ms)
[C3 scenario] step 104 waitForState: ok (448 ms)
[C3 scenario] step 105 waitStable: ok (1167 ms)
[C3 scenario] step 106 capture: ok (75 ms)
[C3 scenario] step 107 key: ok (3 ms)
[C3 scenario] step 108 waitMs: ok (21 ms)
[C3 scenario] step 109 key: ok (19 ms)
[C3 scenario] step 110 waitMs: ok (21 ms)
[C3 scenario] step 111 key: ok (12 ms)
[C3 scenario] step 112 waitMs: ok (21 ms)
[C3 scenario] step 113 key: ok (30 ms)
[C3 scenario] step 114 waitForState: ok (68 ms)
[C3 scenario] step 115 waitStable: ok (1885 ms)
[C3 scenario] step 116 capture: ok (50 ms)
[C3 scenario] step 117 key: ok (34 ms)
[C3 scenario] step 118 waitMs: ok (21 ms)
[C3 scenario] step 119 key: ok (9 ms)
[C3 scenario] step 120 waitMs: ok (21 ms)
[C3 scenario] step 121 key: ok (29 ms)
[C3 scenario] step 122 waitMs: ok (21 ms)
[C3 scenario] step 123 key: ok (12 ms)
[C3 scenario] step 124 waitForState: ok (216 ms)
[C3 scenario] step 125 waitStable: ok (1717 ms)
[C3 scenario] step 126 capture: ok (105 ms)
[C3 scenario] step 127 key: ok (16 ms)
[C3 scenario] step 128 waitMs: ok (21 ms)
[C3 scenario] step 129 key: ok (11 ms)
[C3 scenario] step 130 waitMs: ok (21 ms)
[C3 scenario] step 131 key: ok (26 ms)
[C3 scenario] step 132 waitMs: ok (21 ms)
[C3 scenario] step 133 key: ok (16 ms)
[C3 scenario] step 134 waitForState: ok (279 ms)
[C3 scenario] step 135 waitStable: ok (1348 ms)
[C3 scenario] step 136 capture: ok (79 ms)
[C3 scenario] step 137 key: ok (19 ms)
[C3 scenario] step 138 waitMs: ok (21 ms)
[C3 scenario] step 139 key: ok (3 ms)
[C3 scenario] step 140 waitMs: ok (21 ms)
[C3 scenario] step 141 key: ok (28 ms)
[C3 scenario] step 142 waitMs: ok (21 ms)
[C3 scenario] step 143 key: ok (12 ms)
[C3 scenario] step 144 waitMs: ok (21 ms)
[C3 scenario] step 145 key: ok (35 ms)
[C3 scenario] step 146 waitForState: ok (91 ms)
[C3 scenario] step 147 waitStable: ok (1554 ms)
[C3 scenario] step 148 capture: ok (44 ms)
[C3 scenario] step 149 key: ok (20 ms)
[C3 scenario] step 150 waitMs: ok (20 ms)
[C3 scenario] step 151 key: ok (2 ms)
[C3 scenario] step 152 waitMs: ok (21 ms)
[C3 scenario] step 153 key: ok (4 ms)
[C3 scenario] step 154 waitMs: ok (21 ms)
[C3 scenario] step 155 key: ok (27 ms)
[C3 scenario] step 156 waitMs: ok (21 ms)
[C3 scenario] step 157 key: ok (15 ms)
[C3 scenario] step 158 waitForState: ok (224 ms)
[C3 scenario] step 159 waitStable: ok (1546 ms)
[C3 scenario] step 160 capture: ok (81 ms)
[C3 scenario] step 161 key: ok (34 ms)
[C3 scenario] step 162 waitMs: ok (21 ms)
[C3 scenario] step 163 key: ok (11 ms)
[C3 scenario] step 164 waitMs: ok (21 ms)
[C3 scenario] step 165 key: ok (12 ms)
[C3 scenario] step 166 waitMs: ok (20 ms)
[C3 scenario] step 167 key: ok (13 ms)
[C3 scenario] step 168 waitMs: ok (21 ms)
[C3 scenario] step 169 key: ok (32 ms)
[C3 scenario] step 170 waitForState: ok (103 ms)
[C3 scenario] step 171 waitStable: ok (1685 ms)
[C3 scenario] step 172 capture: ok (67 ms)
[C3 scenario] step 173 key: ok (2 ms)
[C3 scenario] step 174 waitMs: ok (21 ms)
[C3 scenario] step 175 key: ok (4 ms)
[C3 scenario] step 176 waitMs: ok (20 ms)
[C3 scenario] step 177 key: ok (26 ms)
[C3 scenario] step 178 waitMs: ok (21 ms)
[C3 scenario] step 179 key: ok (16 ms)
[C3 scenario] step 180 waitMs: ok (21 ms)
[C3 scenario] step 181 key: ok (33 ms)
[C3 scenario] step 182 waitForState: ok (82 ms)
[C3 scenario] step 183 waitStable: ok (1629 ms)
[C3 scenario] step 184 capture: ok (81 ms)
[C3 scenario] step 185 key: ok (35 ms)
[C3 scenario] step 186 waitMs: ok (22 ms)
[C3 scenario] step 187 key: ok (12 ms)
[C3 scenario] step 188 waitMs: ok (20 ms)
[C3 scenario] step 189 key: ok (27 ms)
[C3 scenario] step 190 waitMs: ok (21 ms)
[C3 scenario] step 191 key: ok (13 ms)
[C3 scenario] step 192 waitMs: ok (21 ms)
[C3 scenario] step 193 key: ok (13 ms)
[C3 scenario] step 194 waitForState: ok (418 ms)
[C3 scenario] step 195 waitStable: ok (1484 ms)
[C3 scenario] step 196 capture: ok (82 ms)
[C3 scenario] step 197 key: ok (33 ms)
[C3 scenario] step 198 waitMs: ok (21 ms)
[C3 scenario] step 199 key: ok (14 ms)
[C3 scenario] step 200 waitMs: ok (22 ms)
[C3 scenario] step 201 key: ok (26 ms)
[C3 scenario] step 202 waitMs: ok (21 ms)
[C3 scenario] step 203 key: ok (13 ms)
[C3 scenario] step 204 waitMs: ok (21 ms)
[C3 scenario] step 205 key: ok (33 ms)
[C3 scenario] step 206 waitForState: ok (79 ms)
[C3 scenario] step 207 waitStable: ok (1549 ms)
[C3 scenario] step 208 capture: ok (84 ms)
[C3 scenario] step 209 key: ok (33 ms)
[C3 scenario] step 210 waitMs: ok (21 ms)
[C3 scenario] step 211 key: ok (14 ms)
[C3 scenario] step 212 waitMs: ok (21 ms)
[C3 scenario] step 213 key: ok (33 ms)
[C3 scenario] step 214 waitMs: ok (20 ms)
[C3 scenario] step 215 key: ok (10 ms)
[C3 scenario] step 216 waitMs: ok (21 ms)
[C3 scenario] step 217 key: ok (33 ms)
[C3 scenario] step 218 waitForState: ok (79 ms)
[C3 scenario] step 219 waitStable: ok (1589 ms)
[C3 scenario] step 220 capture: ok (43 ms)
[C3 scenario] step 221 key: ok (39 ms)
[C3 scenario] step 222 waitMs: ok (21 ms)
[C3 scenario] step 223 key: ok (7 ms)
[C3 scenario] step 224 waitMs: ok (21 ms)
[C3 scenario] step 225 key: ok (33 ms)
[C3 scenario] step 226 waitMs: ok (21 ms)
[C3 scenario] step 227 key: ok (6 ms)
[C3 scenario] step 228 waitMs: ok (21 ms)
[C3 scenario] step 229 key: ok (37 ms)
[C3 scenario] step 230 waitForState: ok (91 ms)
[C3 scenario] step 231 waitStable: ok (6998 ms)
[C3 scenario] step 232 capture: ok (99 ms)
[C3 scenario] step 233 key: ok (74 ms)
[C3 scenario] step 234 waitMs: ok (22 ms)
[C3 scenario] step 235 key: ok (27 ms)
[C3 scenario] step 236 waitMs: ok (20 ms)
[C3 scenario] step 237 key: ok (26 ms)
[C3 scenario] step 238 waitMs: ok (21 ms)
[C3 scenario] step 239 key: ok (4 ms)
[C3 scenario] step 240 waitMs: ok (21 ms)
[C3 scenario] step 241 key: ok (13 ms)
[C3 scenario] step 242 waitForState: ok (123 ms)
[C3 scenario] step 243 waitStable: ok (2630 ms)
[C3 scenario] step 244 capture: ok (157 ms)
[C3 scenario] step 245 key: ok (40 ms)
[C3 scenario] step 246 waitMs: ok (21 ms)
[C3 scenario] step 247 key: ok (237 ms)
[C3 scenario] step 248 waitMs: ok (21 ms)
[C3 scenario] step 249 key: ok (52 ms)
[C3 scenario] step 250 waitMs: ok (22 ms)
[C3 scenario] step 251 key: ok (84 ms)
[C3 scenario] step 252 waitMs: ok (21 ms)
[C3 scenario] step 253 key: ok (173 ms)
[C3 scenario] step 254 waitForState: ok (306 ms)
[C3 scenario] step 255 waitStable: ok (1885 ms)
[C3 scenario] step 256 capture: ok (293 ms)
[C3 scenario] step 257 key: ok (64 ms)
[C3 scenario] step 258 waitMs: ok (21 ms)
[C3 scenario] step 259 key: ok (394 ms)
[C3 scenario] step 260 waitMs: ok (22 ms)
[C3 scenario] step 261 key: ok (84 ms)
[C3 scenario] step 262 waitMs: ok (21 ms)
[C3 scenario] step 263 key: ok (53 ms)
[C3 scenario] step 264 waitMs: ok (21 ms)
[C3 scenario] step 265 key: ok (46 ms)
[C3 scenario] step 266 waitMs: ok (20 ms)
[C3 scenario] step 267 key: ok (28 ms)
[C3 scenario] step 268 waitForState: ok (307 ms)
[C3 scenario] step 269 waitStable: ok (1338 ms)
[C3 scenario] step 270 capture: ok (52 ms)
[C3 scenario] step 271 key: ok (59 ms)
[C3 scenario] step 272 waitMs: ok (21 ms)
[C3 scenario] step 273 key: ok (5 ms)
[C3 scenario] step 274 waitMs: ok (22 ms)
[C3 scenario] step 275 key: ok (2 ms)
[C3 scenario] step 276 waitMs: ok (21 ms)
[C3 scenario] step 277 key: ok (54 ms)
[C3 scenario] step 278 waitMs: ok (22 ms)
[C3 scenario] step 279 key: ok (30 ms)
[C3 scenario] step 280 waitMs: ok (21 ms)
[C3 scenario] step 281 key: ok (21 ms)
[C3 scenario] step 282 waitForState: ok (153 ms)
[C3 scenario] step 283 waitStable: ok (1645 ms)
[C3 scenario] step 284 capture: ok (155 ms)
[C3 scenario] step 285 key: ok (56 ms)
[C3 scenario] step 286 waitMs: ok (21 ms)
[C3 scenario] step 287 key: ok (2 ms)
[C3 scenario] step 288 waitMs: ok (20 ms)
[C3 scenario] step 289 key: ok (152 ms)
[C3 scenario] step 290 waitMs: ok (20 ms)
[C3 scenario] step 291 key: ok (36 ms)
[C3 scenario] step 292 waitMs: ok (21 ms)
[C3 scenario] step 293 key: ok (50 ms)
[C3 scenario] step 294 waitMs: ok (21 ms)
[C3 scenario] step 295 key: ok (36 ms)
[C3 scenario] step 296 waitForState: ok (366 ms)
[C3 scenario] step 297 waitStable: ok (1903 ms)
[C3 scenario] step 298 capture: ok (83 ms)
[C3 scenario] step 299 key: ok (56 ms)
[C3 scenario] step 300 waitMs: ok (21 ms)
[C3 scenario] step 301 key: ok (35 ms)
[C3 scenario] step 302 waitMs: ok (21 ms)
[C3 scenario] step 303 key: ok (18 ms)
[C3 scenario] step 304 waitMs: ok (21 ms)
[C3 scenario] step 305 key: ok (30 ms)
[C3 scenario] step 306 waitMs: ok (21 ms)
[C3 scenario] step 307 key: ok (13 ms)
[C3 scenario] step 308 waitMs: ok (21 ms)
[C3 scenario] step 309 key: ok (30 ms)
[C3 scenario] step 310 waitForState: ok (85 ms)
[C3 scenario] step 311 waitStable: ok (1679 ms)
[C3 scenario] step 312 capture: ok (85 ms)
[C3 scenario] step 313 key: ok (39 ms)
[C3 scenario] step 314 waitMs: ok (21 ms)
[C3 scenario] step 315 key: ok (28 ms)
[C3 scenario] step 316 waitMs: ok (21 ms)
[C3 scenario] step 317 key: ok (8 ms)
[C3 scenario] step 318 waitMs: ok (21 ms)
[C3 scenario] step 319 key: ok (13 ms)
[C3 scenario] step 320 waitMs: ok (20 ms)
[C3 scenario] step 321 key: ok (27 ms)
[C3 scenario] step 322 waitMs: ok (21 ms)
[C3 scenario] step 323 key: ok (19 ms)
[C3 scenario] step 324 waitForState: ok (157 ms)
[C3 scenario] step 325 waitStable: ok (1266 ms)
[C3 scenario] step 326 capture: ok (84 ms)
[C3 scenario] step 327 key: ok (40 ms)
[C3 scenario] step 328 waitMs: ok (22 ms)
[C3 scenario] step 329 key: ok (6 ms)
[C3 scenario] step 330 waitMs: ok (22 ms)
[C3 scenario] step 331 key: ok (44 ms)
[C3 scenario] step 332 waitMs: ok (21 ms)
[C3 scenario] step 333 key: ok (2 ms)
[C3 scenario] step 334 waitMs: ok (21 ms)
[C3 scenario] step 335 key: ok (26 ms)
[C3 scenario] step 336 waitMs: ok (21 ms)
[C3 scenario] step 337 key: ok (15 ms)
[C3 scenario] step 338 waitForState: ok (248 ms)
[C3 scenario] step 339 waitStable: ok (1469 ms)
[C3 scenario] step 340 capture: ok (43 ms)
[C3 scenario] step 341 key: ok (36 ms)
[C3 scenario] step 342 waitMs: ok (21 ms)
[C3 scenario] step 343 key: ok (11 ms)
[C3 scenario] step 344 waitMs: ok (21 ms)
[C3 scenario] step 345 key: ok (29 ms)
[C3 scenario] step 346 waitMs: ok (21 ms)
[C3 scenario] step 347 key: ok (12 ms)
[C3 scenario] step 348 waitMs: ok (21 ms)
[C3 scenario] step 349 key: ok (28 ms)
[C3 scenario] step 350 waitMs: ok (21 ms)
[C3 scenario] step 351 key: ok (14 ms)
[C3 scenario] step 352 waitForState: ok (384 ms)
[C3 scenario] step 353 waitStable: ok (1466 ms)
[C3 scenario] step 354 capture: ok (82 ms)
[C3 scenario] step 355 key: ok (39 ms)
[C3 scenario] step 356 waitMs: ok (21 ms)
[C3 scenario] step 357 key: ok (7 ms)
[C3 scenario] step 358 waitMs: ok (21 ms)
[C3 scenario] step 359 key: ok (29 ms)
[C3 scenario] step 360 waitMs: ok (21 ms)
[C3 scenario] step 361 key: ok (12 ms)
[C3 scenario] step 362 waitMs: ok (21 ms)
[C3 scenario] step 363 key: ok (28 ms)
[C3 scenario] step 364 waitMs: ok (20 ms)
[C3 scenario] step 365 key: ok (13 ms)
[C3 scenario] step 366 waitForState: ok (387 ms)
[C3 scenario] step 367 waitStable: ok (1168 ms)
[C3 scenario] step 368 capture: ok (467 ms)
[C3 scenario] step 369 key: ok (43 ms)
[C3 scenario] step 370 waitMs: ok (21 ms)
[C3 scenario] step 371 key: ok (78 ms)
[C3 scenario] step 372 waitMs: ok (21 ms)
[C3 scenario] step 373 key: ok (45 ms)
[C3 scenario] step 374 waitMs: ok (21 ms)
[C3 scenario] step 375 key: ok (37 ms)
[C3 scenario] step 376 waitMs: ok (21 ms)
[C3 scenario] step 377 key: ok (55 ms)
[C3 scenario] step 378 waitMs: ok (22 ms)
[C3 scenario] step 379 key: ok (60 ms)
[C3 scenario] step 380 waitForState: ok (231 ms)
[C3 scenario] step 381 waitStable: ok (1795 ms)
[C3 scenario] step 382 capture: ok (45 ms)
[C3 scenario] step 383 key: ok (38 ms)
[C3 scenario] step 384 waitMs: ok (21 ms)
[C3 scenario] step 385 key: ok (7 ms)
[C3 scenario] step 386 waitMs: ok (21 ms)
[C3 scenario] step 387 key: ok (31 ms)
[C3 scenario] step 388 waitMs: ok (21 ms)
[C3 scenario] step 389 key: ok (13 ms)
[C3 scenario] step 390 waitMs: ok (22 ms)
[C3 scenario] step 391 key: ok (32 ms)
[C3 scenario] step 392 waitMs: ok (21 ms)
[C3 scenario] step 393 key: ok (6 ms)
[C3 scenario] step 394 waitForState: ok (249 ms)
[C3 scenario] step 395 waitStable: ok (1556 ms)
[C3 scenario] step 396 capture: ok (44 ms)
[C3 scenario] step 397 key: ok (34 ms)
[C3 scenario] step 398 waitMs: ok (21 ms)
[C3 scenario] step 399 key: ok (12 ms)
[C3 scenario] step 400 waitMs: ok (21 ms)
[C3 scenario] step 401 key: ok (31 ms)
[C3 scenario] step 402 waitMs: ok (20 ms)
[C3 scenario] step 403 key: ok (14 ms)
[C3 scenario] step 404 waitMs: ok (21 ms)
[C3 scenario] step 405 key: ok (28 ms)
[C3 scenario] step 406 waitMs: ok (21 ms)
[C3 scenario] step 407 key: ok (10 ms)
[C3 scenario] step 408 waitMs: ok (21 ms)
[C3 scenario] step 409 key: ok (32 ms)
[C3 scenario] step 410 waitForState: ok (82 ms)
[C3 scenario] step 411 waitStable: ok (1569 ms)
[C3 scenario] step 412 capture: ok (91 ms)
[C3 scenario] step 413 key: ok (16 ms)
[C3 scenario] step 414 waitMs: ok (21 ms)
[C3 scenario] step 415 key: ok (4 ms)
[C3 scenario] step 416 waitMs: ok (21 ms)
[C3 scenario] step 417 key: ok (34 ms)
[C3 scenario] step 418 waitMs: ok (21 ms)
[C3 scenario] step 419 key: ok (59 ms)
[C3 scenario] step 420 waitMs: ok (21 ms)
[C3 scenario] step 421 key: ok (31 ms)
[C3 scenario] step 422 waitMs: ok (21 ms)
[C3 scenario] step 423 key: ok (19 ms)
[C3 scenario] step 424 waitMs: ok (21 ms)
[C3 scenario] step 425 key: ok (4 ms)
[C3 scenario] step 426 waitForState: ok (329 ms)
[C3 scenario] step 427 waitStable: ok (1349 ms)
[C3 scenario] step 428 capture: ok (104 ms)
[C3 scenario] step 429 key: ok (15 ms)
[C3 scenario] step 430 waitMs: ok (21 ms)
[C3 scenario] step 431 key: ok (10 ms)
[C3 scenario] step 432 waitMs: ok (22 ms)
[C3 scenario] step 433 key: ok (34 ms)
[C3 scenario] step 434 waitMs: ok (21 ms)
[C3 scenario] step 435 key: ok (14 ms)
[C3 scenario] step 436 waitMs: ok (21 ms)
[C3 scenario] step 437 key: ok (22 ms)
[C3 scenario] step 438 waitMs: ok (21 ms)
[C3 scenario] step 439 key: ok (13 ms)
[C3 scenario] step 440 waitMs: ok (21 ms)
[C3 scenario] step 441 key: ok (29 ms)
[C3 scenario] step 442 waitForState: ok (86 ms)
[C3 scenario] step 443 waitStable: ok (1771 ms)
[C3 scenario] step 444 capture: ok (158 ms)
[C3 scenario] step 445 key: ok (18 ms)
[C3 scenario] step 446 waitMs: ok (20 ms)
[C3 scenario] step 447 key: ok (38 ms)
[C3 scenario] step 448 waitMs: ok (21 ms)
[C3 scenario] step 449 key: ok (7 ms)
[C3 scenario] step 450 waitMs: ok (20 ms)
[C3 scenario] step 451 key: ok (49 ms)
[C3 scenario] step 452 waitMs: ok (21 ms)
[C3 scenario] step 453 key: ok (2 ms)
[C3 scenario] step 454 waitMs: ok (21 ms)
[C3 scenario] step 455 key: ok (25 ms)
[C3 scenario] step 456 waitMs: ok (20 ms)
[C3 scenario] step 457 key: ok (8 ms)
[C3 scenario] step 458 waitForState: ok (249 ms)
[C3 scenario] step 459 waitStable: ok (1346 ms)
[C3 scenario] step 460 capture: ok (84 ms)
[C3 scenario] step 461 key: ok (41 ms)
[C3 scenario] step 462 waitMs: ok (20 ms)
[C3 scenario] step 463 key: ok (7 ms)
[C3 scenario] step 464 waitMs: ok (21 ms)
[C3 scenario] step 465 key: ok (27 ms)
[C3 scenario] step 466 waitMs: ok (21 ms)
[C3 scenario] step 467 key: ok (15 ms)
[C3 scenario] step 468 waitMs: ok (21 ms)
[C3 scenario] step 469 key: ok (34 ms)
[C3 scenario] step 470 waitMs: ok (21 ms)
[C3 scenario] step 471 key: ok (6 ms)
[C3 scenario] step 472 waitMs: ok (21 ms)
[C3 scenario] step 473 key: ok (26 ms)
[C3 scenario] step 474 waitMs: ok (22 ms)
[C3 scenario] step 475 key: ok (11 ms)
[C3 scenario] step 476 waitMs: ok (21 ms)
[C3 scenario] step 477 key: ok (14 ms)
[C3 scenario] step 478 waitForState: ok (3129 ms)
[C3 scenario] step 479 capture: ok (54 ms)
[C3 scenario] f2-playthrough run 1: OK (40 captures, 480 steps)
