F2 step table — app vs reference (F1 diff; tolerant pass basis <= 2.000%)
Run: 2026-09-29 F2_RECORD=1 NO_COLOR=1 npm run e2e -- playthrough --reporter=line (exit 0)

| # | step | action | word | expected score | app score | found | raw % | tolerant % | pass | stable |
|---|---|---|---|---|---|---|---|---|---|---|
| 0 | 00-selected | select |  | 0 | 0 | 0 | 4.211 | 0.973 | true | y |
| 1 | 01-invalid | submit | FZM | 0 | 0 | 0 | 5.684 | 1.323 | true | y |
| 2 | 02-invalid-cleared | clear |  | 0 | 0 | 0 | 4.209 | 0.975 | true | y |
| 3 | 03-valid-FAL | submit | FAL | 450 | 450 | 1 | 4.285 | 0.977 | true | y |
| 4 | 04-duplicate-FAL | submit | FAL | 450 | 450 | 1 | 6.315 | 1.740 | true | y |
| 5 | 05-duplicate-cleared | clear |  | 450 | 450 | 1 | 4.295 | 0.977 | true | y |
| 6 | 06-valid | submit | AFİ | 900 | 900 | 2 | 4.389 | 0.981 | true | y |
| 7 | 07-valid | submit | ALİ | 1350 | 1350 | 3 | 4.471 | 0.985 | true | y |
| 8 | 08-valid | submit | ANİ | 1800 | 1800 | 4 | 4.555 | 0.989 | true | y |
| 9 | 09-valid | submit | FAN | 2250 | 2250 | 5 | 4.637 | 0.998 | true | y |
| 10 | 10-valid | submit | FAZ | 2700 | 2700 | 6 | 4.712 | 0.999 | true | y |
| 11 | 11-valid | submit | FİL | 3150 | 3150 | 7 | 4.775 | 1.010 | true | y |
| 12 | 12-valid | submit | FİN | 3600 | 3600 | 8 | 4.871 | 1.006 | true | y |
| 13 | 13-valid | submit | LAF | 4050 | 4050 | 9 | 4.930 | 1.009 | true | y |
| 14 | 14-valid | submit | LAM | 4500 | 4500 | 10 | 5.013 | 1.012 | true | y |
| 15 | 15-valid | submit | ALİM | 5300 | 5300 | 11 | 5.139 | 1.025 | true | y |
| 16 | 16-valid | submit | AMFİ | 6100 | 6100 | 12 | 5.256 | 1.030 | true | y |
| 17 | 17-valid | submit | AMİL | 6900 | 6900 | 13 | 5.375 | 1.044 | true | y |
| 18 | 18-valid | submit | AMİN | 7700 | 7700 | 14 | 5.485 | 1.055 | true | y |
| 19 | 19-bonus-word | submit | ANİF | 13500 | 13500 | 15 | 5.631 | 1.060 | true | y |
| 20 | 20-valid | submit | AZİL | 14300 | 14300 | 16 | 5.723 | 1.070 | true | y |
| 21 | 21-valid | submit | AZİM | 15100 | 15100 | 17 | 5.824 | 1.075 | true | y |
| 22 | 22-valid | submit | FANİ | 15900 | 15900 | 18 | 5.962 | 1.097 | true | y |
| 23 | 23-valid | submit | FAİL | 16700 | 16700 | 19 | 6.068 | 1.116 | true | y |
| 24 | 24-valid | submit | FAİZ | 17500 | 17500 | 20 | 6.184 | 1.123 | true | y |
| 25 | 25-valid | submit | AFİLİ | 18750 | 18750 | 21 | 6.298 | 1.127 | true | y |
| 26 | 26-valid | submit | AZNİF | 20000 | 20000 | 22 | 6.457 | 1.145 | true | y |
| 27 | 27-valid | submit | FİLAN | 21250 | 21250 | 23 | 6.574 | 1.151 | true | y |
| 28 | 28-valid | submit | FİLİZ | 22500 | 22500 | 24 | 6.710 | 1.161 | true | y |
| 29 | 29-valid | submit | FİNAL | 23750 | 23750 | 25 | 6.828 | 1.161 | true | y |
| 30 | 30-valid | submit | LAFZİ | 25000 | 25000 | 26 | 6.984 | 1.171 | true | y |
| 31 | 31-valid | submit | LİMAN | 26250 | 26250 | 27 | 7.125 | 1.169 | true | y |
| 32 | 32-valid | submit | MİZAN | 27500 | 27500 | 28 | 7.271 | 1.186 | true | y |
| 33 | 33-valid | submit | NAFİZ | 33750 | 33750 | 29 | 7.388 | 1.191 | true | y |
| 34 | 34-valid | submit | NAZİL | 35000 | 35000 | 30 | 7.511 | 1.191 | true | y |
| 35 | 35-valid | submit | AZİMLİ | 36800 | 36800 | 31 | 7.690 | 1.205 | true | y |
| 36 | 36-valid | submit | FAİZLİ | 38600 | 38600 | 32 | 7.835 | 1.211 | true | y |
| 37 | 37-valid | submit | NİZAMİ | 40400 | 40400 | 33 | 8.000 | 1.220 | true | y |
| 38 | 38-valid | submit | İNFİAL | 47200 | 47200 | 34 | 8.164 | 1.223 | true | y |
| 39 | 39-complete | submit | FİNALİZM | 55400 | 71600 | 35 | excluded | excluded | excluded | y |
| 40 | S9-timeout | timeout |  | 0 | 0 | 0 | 7.730 | 0.901 | true | y |

Summary: {"steps":41,"compared":40,"passed":40,"excluded":1,"excludedIds":["39-complete"],"worstTolerantRatio":0.017395454545454544,"allChecks":true,"allComparedPass":true,"allPass":true}
S9 timeout: raw 7.730%, tolerant 0.901%, pass true, app wait 200505 ms, reference wait 199990 ms.
Regressions: visual 17/17; interaction 6/6; npm test 13 files / 227 tests; lint 0; build exit 0.
