
> kelimator-2012@0.0.0 e2e
> playwright test playthrough --reporter=line


Running 3 tests using 2 workers

(node:36576) Warning: The 'NO_COLOR' env is ignored due to the 'FORCE_COLOR' env being set.
(Use `node --trace-warnings ...` to show where the warning was created)


(node:36577) Warning: The 'NO_COLOR' env is ignored due to the 'FORCE_COLOR' env being set.
(Use `node --trace-warnings ...` to show where the warning was created)


(node:36577) Warning: The 'NO_COLOR' env is ignored due to the 'FORCE_COLOR' env being set.
(Use `node --trace-warnings ...` to show where the warning was created)


(node:36576) Warning: The 'NO_COLOR' env is ignored due to the 'FORCE_COLOR' env being set.
(Use `node --trace-warnings ...` to show where the warning was created)


[1/3] [app] › tests/e2e/playthrough/playthrough:basic.spec.ts:207:3 › D5 basic playthrough › FİNALİZM: scripted submissions fill every listed slot and complete
[2/3] [app] › tests/e2e/playthrough/playthrough.spec.ts:601:3 › F2 scripted playthrough › FİNALİZM: every step matches the docs/07 oracle and the reference capture
[app] › tests/e2e/playthrough/playthrough.spec.ts:601:3 › F2 scripted playthrough › FİNALİZM: every step matches the docs/07 oracle and the reference capture
F2 00-selected: raw=4.211% tolerant=0.973% pass=true stable=true

F2 01-invalid: raw=5.684% tolerant=1.323% pass=true stable=true

F2 02-invalid-cleared: raw=4.209% tolerant=0.975% pass=true stable=true

F2 03-valid-FAL: raw=4.285% tolerant=0.977% pass=true stable=true

F2 04-duplicate-FAL: raw=6.315% tolerant=1.740% pass=true stable=true

F2 05-duplicate-cleared: raw=4.295% tolerant=0.977% pass=true stable=true

F2 06-valid: raw=4.389% tolerant=0.981% pass=true stable=true

F2 07-valid: raw=4.471% tolerant=0.985% pass=true stable=true

F2 08-valid: raw=4.555% tolerant=0.989% pass=true stable=true

F2 09-valid: raw=4.637% tolerant=0.998% pass=true stable=true

F2 10-valid: raw=4.712% tolerant=0.999% pass=true stable=true

F2 11-valid: raw=4.775% tolerant=1.010% pass=true stable=true

F2 12-valid: raw=4.871% tolerant=1.006% pass=true stable=true

F2 13-valid: raw=4.930% tolerant=1.009% pass=true stable=true

F2 14-valid: raw=5.013% tolerant=1.012% pass=true stable=true

F2 15-valid: raw=5.139% tolerant=1.025% pass=true stable=true

F2 16-valid: raw=5.256% tolerant=1.030% pass=true stable=true

F2 17-valid: raw=5.375% tolerant=1.044% pass=true stable=true

F2 18-valid: raw=5.485% tolerant=1.055% pass=true stable=true

F2 19-bonus-word: raw=5.631% tolerant=1.060% pass=true stable=true

F2 20-valid: raw=5.723% tolerant=1.070% pass=true stable=true

F2 21-valid: raw=5.824% tolerant=1.075% pass=true stable=true

F2 22-valid: raw=5.962% tolerant=1.097% pass=true stable=true

F2 23-valid: raw=6.068% tolerant=1.116% pass=true stable=true

F2 24-valid: raw=6.184% tolerant=1.123% pass=true stable=true

F2 25-valid: raw=6.298% tolerant=1.127% pass=true stable=true

F2 26-valid: raw=6.457% tolerant=1.145% pass=true stable=true

F2 27-valid: raw=6.574% tolerant=1.151% pass=true stable=true

F2 28-valid: raw=6.710% tolerant=1.161% pass=true stable=true

F2 29-valid: raw=6.828% tolerant=1.161% pass=true stable=true

F2 30-valid: raw=6.984% tolerant=1.171% pass=true stable=true

F2 31-valid: raw=7.125% tolerant=1.169% pass=true stable=true

F2 32-valid: raw=7.271% tolerant=1.186% pass=true stable=true

F2 33-valid: raw=7.388% tolerant=1.191% pass=true stable=true

F2 34-valid: raw=7.511% tolerant=1.191% pass=true stable=true

F2 35-valid: raw=7.690% tolerant=1.205% pass=true stable=true

F2 36-valid: raw=7.835% tolerant=1.211% pass=true stable=true

F2 37-valid: raw=8.000% tolerant=1.220% pass=true stable=true

F2 38-valid: raw=8.164% tolerant=1.223% pass=true stable=true

F2 playthrough: 40 steps, worst tolerant ratio 1.740%

[3/3] [app] › tests/e2e/playthrough/playthrough.spec.ts:902:3 › F2 S9 timeout variant › FİNALİZM: the clock is waited out and the timeout state matches the reference
[app] › tests/e2e/playthrough/playthrough.spec.ts:902:3 › F2 S9 timeout variant › FİNALİZM: the clock is waited out and the timeout state matches the reference
F2 timeout: raw=7.730% tolerant=0.901% pass=true appWaitMs=200432 stable=true

  3 passed (4.1m)
