
> kelimator-2012@0.0.0 e2e
> playwright test playthrough --reporter=line

[WebServer] (node:92892) Warning: The 'NO_COLOR' env is ignored due to the 'FORCE_COLOR' env being set.
[WebServer] (Use `node --trace-warnings ...` to show where the warning was created)


Running 3 tests using 2 workers

(node:93162) Warning: The 'NO_COLOR' env is ignored due to the 'FORCE_COLOR' env being set.
(Use `node --trace-warnings ...` to show where the warning was created)


(node:93163) Warning: The 'NO_COLOR' env is ignored due to the 'FORCE_COLOR' env being set.
(Use `node --trace-warnings ...` to show where the warning was created)


(node:93163) Warning: The 'NO_COLOR' env is ignored due to the 'FORCE_COLOR' env being set.
(Use `node --trace-warnings ...` to show where the warning was created)


(node:93162) Warning: The 'NO_COLOR' env is ignored due to the 'FORCE_COLOR' env being set.
(Use `node --trace-warnings ...` to show where the warning was created)


[1/3] [app] › tests/e2e/playthrough/playthrough:basic.spec.ts:207:3 › D5 basic playthrough › FİNALİZM: scripted submissions fill every listed slot and complete
[2/3] [app] › tests/e2e/playthrough/playthrough.spec.ts:601:3 › F2 scripted playthrough › FİNALİZM: every step matches the docs/07 oracle and the reference capture
[app] › tests/e2e/playthrough/playthrough.spec.ts:601:3 › F2 scripted playthrough › FİNALİZM: every step matches the docs/07 oracle and the reference capture
F2 00-selected: raw=5.641% tolerant=1.160% pass=true stable=true

F2 01-invalid: raw=7.145% tolerant=1.510% pass=true stable=true

F2 02-invalid-cleared: raw=5.639% tolerant=1.161% pass=true stable=true

F2 03-valid-FAL: raw=5.711% tolerant=1.164% pass=true stable=true

F2 04-duplicate-FAL: raw=7.737% tolerant=1.918% pass=true stable=true

F2 05-duplicate-cleared: raw=5.713% tolerant=1.164% pass=true stable=true

F2 06-valid: raw=5.802% tolerant=1.169% pass=true stable=true

F2 07-valid: raw=5.878% tolerant=1.172% pass=true stable=true

F2 08-valid: raw=5.960% tolerant=1.177% pass=true stable=true

F2 09-valid: raw=6.036% tolerant=1.177% pass=true stable=true

F2 10-valid: raw=6.108% tolerant=1.179% pass=true stable=true

F2 11-valid: raw=6.170% tolerant=1.181% pass=true stable=true

F2 12-valid: raw=6.260% tolerant=1.177% pass=true stable=true

F2 13-valid: raw=6.317% tolerant=1.175% pass=true stable=true

F2 14-valid: raw=6.401% tolerant=1.177% pass=true stable=true

F2 15-valid: raw=6.510% tolerant=1.184% pass=true stable=true

F2 16-valid: raw=6.625% tolerant=1.187% pass=true stable=true

F2 17-valid: raw=6.738% tolerant=1.193% pass=true stable=true

F2 18-valid: raw=6.847% tolerant=1.198% pass=true stable=true

F2 19-bonus-word: raw=6.996% tolerant=1.201% pass=true stable=true

F2 20-valid: raw=7.075% tolerant=1.205% pass=true stable=true

F2 21-valid: raw=7.184% tolerant=1.209% pass=true stable=true

F2 22-valid: raw=7.313% tolerant=1.210% pass=true stable=true

F2 23-valid: raw=7.422% tolerant=1.222% pass=true stable=true

F2 24-valid: raw=7.533% tolerant=1.222% pass=true stable=true

F2 25-valid: raw=7.642% tolerant=1.217% pass=true stable=true

F2 26-valid: raw=7.787% tolerant=1.227% pass=true stable=true

F2 27-valid: raw=7.912% tolerant=1.232% pass=true stable=true

F2 28-valid: raw=8.037% tolerant=1.236% pass=true stable=true

F2 29-valid: raw=8.158% tolerant=1.236% pass=true stable=true

F2 30-valid: raw=8.305% tolerant=1.241% pass=true stable=true

F2 31-valid: raw=8.443% tolerant=1.239% pass=true stable=true

F2 32-valid: raw=8.577% tolerant=1.249% pass=true stable=true

F2 33-valid: raw=8.696% tolerant=1.253% pass=true stable=true

F2 34-valid: raw=8.821% tolerant=1.254% pass=true stable=true

F2 35-valid: raw=8.989% tolerant=1.260% pass=true stable=true

F2 36-valid: raw=9.130% tolerant=1.257% pass=true stable=true

F2 37-valid: raw=9.284% tolerant=1.260% pass=true stable=true

F2 38-valid: raw=9.451% tolerant=1.261% pass=true stable=true

F2 playthrough: 40 steps, worst tolerant ratio 1.918%

[3/3] [app] › tests/e2e/playthrough/playthrough.spec.ts:902:3 › F2 S9 timeout variant › FİNALİZM: the clock is waited out and the timeout state matches the reference
[app] › tests/e2e/playthrough/playthrough.spec.ts:902:3 › F2 S9 timeout variant › FİNALİZM: the clock is waited out and the timeout state matches the reference
F2 timeout: raw=9.186% tolerant=1.065% pass=true appWaitMs=200195 stable=true

  3 passed (4.9m)
