
> kelimator-2012@0.0.0 e2e
> playwright test animation --reporter=line

[WebServer] (node:8485) Warning: The 'NO_COLOR' env is ignored due to the 'FORCE_COLOR' env being set.
[WebServer] (Use `node --trace-warnings ...` to show where the warning was created)


Running 8 tests using 1 worker

(node:8486) Warning: The 'NO_COLOR' env is ignored due to the 'FORCE_COLOR' env being set.
(Use `node --trace-warnings ...` to show where the warning was created)


(node:8486) Warning: The 'NO_COLOR' env is ignored due to the 'FORCE_COLOR' env being set.
(Use `node --trace-warnings ...` to show where the warning was created)


[1/8] [app] › tests/e2e/animations/animations.spec.ts:210:3 › E3 V2 — animation timings equal the catalog › code durations/keyframes equal data/animation.json
[2/8] [app] › tests/e2e/animations/animations.spec.ts:271:3 › E3 V7 — animation triggers › trigger names come from D5 lifecycle events and D4 audio events
[3/8] [app] › tests/e2e/animations/animations.spec.ts:326:3 › E3 V7 — animation triggers › entry change starts the wordball slide and delete slides it out
[4/8] [app] › tests/e2e/animations/animations.spec.ts:358:5 › E3 V5 — animation keyframes › board @ 0.0 s matches the reference capture
[app] › tests/e2e/animations/animations.spec.ts:358:5 › E3 V5 — animation keyframes › board @ 0.0 s matches the reference capture
E3 board @ 0.0s: raw=3.857% (8486/220000 px), tolerant=0.737% (1621 px), ignoredPixels=62720, pass=true

[5/8] [app] › tests/e2e/animations/animations.spec.ts:358:5 › E3 V5 — animation keyframes › sprite_wordball_timeline @ 0.25 s matches the reference capture
[app] › tests/e2e/animations/animations.spec.ts:358:5 › E3 V5 — animation keyframes › sprite_wordball_timeline @ 0.25 s matches the reference capture
E3 sprite_wordball_timeline @ 0.25s: raw=4.135% (9097/220000 px), tolerant=1.031% (2268 px), ignoredPixels=62720, pass=true

[6/8] [app] › tests/e2e/animations/animations.spec.ts:358:5 › E3 V5 — animation keyframes › sprite_wordball_timeline @ 0.5278 s matches the reference capture
[app] › tests/e2e/animations/animations.spec.ts:358:5 › E3 V5 — animation keyframes › sprite_wordball_timeline @ 0.5278 s matches the reference capture
E3 sprite_wordball_timeline @ 0.5278s: raw=3.958% (8708/220000 px), tolerant=0.795% (1749 px), ignoredPixels=62720, pass=true

[7/8] [app] › tests/e2e/animations/animations.spec.ts:358:5 › E3 V5 — animation keyframes › sprite_wordball_timeline @ 0.8056 s matches the reference capture
[app] › tests/e2e/animations/animations.spec.ts:358:5 › E3 V5 — animation keyframes › sprite_wordball_timeline @ 0.8056 s matches the reference capture
E3 sprite_wordball_timeline @ 0.8056s: raw=3.958% (8708/220000 px), tolerant=0.795% (1749 px), ignoredPixels=62720, pass=true

[8/8] [app] › tests/e2e/animations/animations.spec.ts:358:5 › E3 V5 — animation keyframes › sprite_wordball_timeline @ 1.0556 s matches the reference capture
[app] › tests/e2e/animations/animations.spec.ts:358:5 › E3 V5 — animation keyframes › sprite_wordball_timeline @ 1.0556 s matches the reference capture
E3 sprite_wordball_timeline @ 1.0556s: raw=3.958% (8708/220000 px), tolerant=0.795% (1749 px), ignoredPixels=62720, pass=true

  8 passed (19.7s)
