fc2ec4e86e611659d826bf7f9c73055574e5e13e76acfddee649484dfbb19e85  src/ui/board.ts
75a2f27c5d62843a9d00f6311e4a1eb73724021fa587d905141c4e98a8920ae6  tools/process-assets.mjs
b06c67bea1a6559c2be2fac9f2e15234f6a9d07df06a40bbea4f8802f6a6cb93  src/assets/svg/s48_board_backdrop.svg
9538d9b7323ecf743ab128854cc03d8485f3ac385e2f460d0b172702658a8591  src/assets/svg/s90_btn_speaker.svg
15a32cc534f7ed41ea9f2c4761c50d48579ebd06f13d85a4fef1d5a62f42a801  src/assets/manifest.json
1548ca36e650c5ce11e399ebe9326742683244a9fff89202226e4fbf29dc9f42  verify/diff/diff.mjs
c28199207c60466d8a9dd446ead861cc37e91670fbb97d69f47a81df925c96d4  verify/diff/diff.test.mjs
ab40edf6a6dfd1d00de9e88ab5aa6fc366cde3b8e87556017caa710737e183b2  verify/diff/README.md
9ab46ffdb10221f97e48a3ac8221e3cd4467c0b34dc1e5feaf67f5a50ca1755b  tests/assets.test.mjs
17dd6bcb778fe5c0a7579a1cccb09afa14c1dad6fc004acaf13e61d0bd6b6d91  tests/e2e/visual.spec.ts
3336e00dc9a940f39388835fb78de3cc0a28fb4c434d50e94e8707c26d75a477  tests/e2e/visual-states.ts
bb52c8274c6ce3a179b0fa23a4811b18105e9bf74ae3e932635513d8777a6261  tests/e2e/animations/animations.spec.ts
c01feb2091d26c093faac9c3e3b6bbf0c5fdea5ef460963b01641a01b9800589  tests/e2e/playthrough/playthrough.spec.ts
f2ecb2b9178c6a9b30b2d6e5005604b0494165665c2118057085e06d97b2ecd3  tests/e2e/speaker/o25-recheck.mjs
298eebec798c5bc8b26dc826e8444a6670f99c65a03292ee60477a8b4b5beb01  evidence/visual/Y1/before/S2-dsf1-actual.png
0363f7656a589cefc284411aa70101c7228bafbd4e5dc1b41999dee4d1ddd184  evidence/visual/Y1/before/S2-dsf2-actual.png
8031e8d1872087fb26ad62d6f3e9bd45b3147e2caaa9562bcb8a32985aaa3fbf  evidence/visual/Y1/after-S2-dsf1-actual.png
d427613cf8d75debe8244e7515838f3d44f39413d864ffce088ca3566b6b5a8e  evidence/visual/Y1/after-S2-dsf2-actual.png
13d3d415c5252a0e02c180fe619feca87c59bdf436a4fba88bb4df9821a585f8  evidence/visual/Y1/before-S2-window1920.png
bfe0392b867f19f324de7eda58c7788d095160604c3c36d450c2a8ac32f94f87  evidence/visual/Y1/after-S2-window1920.png
f0fd54d1a0d07ff55d40fedacc5fae503951aa8b41f9e5548ff834884f19f758  evidence/visual/Y1/derivation/final-rects.json
b7fb086c3bd9fedfe4bc892ba7938a382ab7180bf33cb9788c4319db1e14002c  evidence/visual/Y1/derivation/final-rects-overlay.png
ea9e1c24c2c1fd0e1be0488f657cffb92dd0e0e46691736d82ee2f77c33d5336  evidence/visual/E1-svgo/s48_board_backdrop/before.png
ea9e1c24c2c1fd0e1be0488f657cffb92dd0e0e46691736d82ee2f77c33d5336  evidence/visual/E1-svgo/s48_board_backdrop/after.png
3fd04a9ed842a8235c983beb918ec459d84684fbf1f293e87081b18063e11202  evidence/visual/E1-svgo/s90_btn_speaker/before.png
3fd04a9ed842a8235c983beb918ec459d84684fbf1f293e87081b18063e11202  evidence/visual/E1-svgo/s90_btn_speaker/after.png
e989359381fd5b448194371683c69f1c1323b4c86587e148fb84c5b5a6543c68  evidence/visual/E1-svgo/summary.json
58ac94a053dc3133bde957c15f4b23d03e6b1a0cdc4de0d8ba89e65c63cb958e  artifacts/hd-assets/ai47-x4plus-8x.webp
888280e4484ae09b6a9a45fc37482e1afa5512092c2fdf62489da0512fb97662  artifacts/hd-assets/ai47-x4plus-4x.webp
490794263c69e920a8f061088c33dff5d63cc5f47f8937727cb15163273dfa2f  artifacts/hd-assets/ai86-8x.webp
efeaffcb940325693d3d93379402fa60820565d5266ebae27aeb70b28904c122  artifacts/hd-assets/ai47-x4plus-8x.png
c54856770aaba6148eb6d8e4a7dfa0d83dace39dde79ea9f12134ecfaef4ab3c  artifacts/hd-assets/ai47-x4plus-4x.png
8012f3d3a138a3e9c12e87b9d718804c2f4dda703409be33efdfbebf0a13ce04  artifacts/hd-assets/ai86-8x.png
0cf0eb8c76208f2acdebd449ccabe048ba4b8db593d36c6fdca582bde3053cd1  evidence/visual/Y1/o25/o25-summary.json
15cf49d0dbf077fb82b5d6374e187383109c7f7f836ab35b17e5308d7c82e3dd  evidence/visual/Y1/o25/app-speaker-on.png
9f245bc6b8912c08c03df23068938fafacb4d36714feed03ad7747379e85448c  evidence/visual/Y1/o25/app-speaker-off.png
d40ded66670cdb956aece66a54d8e8d4ab90add1090a744a7f52e88a1443ed61  evidence/visual/Y1/derivation/mask-newTarget-dsf1.png
34ef6ff3d6179d9c1dc93bd0a90266b2f8ef641c06cd1aea70ed27676154d17a  evidence/visual/Y1/derivation/mask-newTarget-dsf2.png
8593eb3f966f9f6fe57c1d08237ce25bb0e147a7d2a065ebf7c0f44db961cd0a  evidence/visual/Y1/preservation/preservation.json
09d96369e4a334bf99c2723fea8404fe7ca1a16d724a7d8d8dd192d18d87f47b  evidence/Y1-remaster.md
