
> kelimator-2012@0.0.0 e2e
> playwright test playthrough --reporter=line

[WebServer] (node:13730) Warning: The 'NO_COLOR' env is ignored due to the 'FORCE_COLOR' env being set.
[WebServer] (Use `node --trace-warnings ...` to show where the warning was created)


Running 3 tests using 2 workers

(node:13769) Warning: The 'NO_COLOR' env is ignored due to the 'FORCE_COLOR' env being set.
(Use `node --trace-warnings ...` to show where the warning was created)


(node:13768) Warning: The 'NO_COLOR' env is ignored due to the 'FORCE_COLOR' env being set.
(Use `node --trace-warnings ...` to show where the warning was created)


(node:13769) Warning: The 'NO_COLOR' env is ignored due to the 'FORCE_COLOR' env being set.
(Use `node --trace-warnings ...` to show where the warning was created)


(node:13768) Warning: The 'NO_COLOR' env is ignored due to the 'FORCE_COLOR' env being set.
(Use `node --trace-warnings ...` to show where the warning was created)


[1/3] [app] › tests/e2e/playthrough/playthrough:basic.spec.ts:207:3 › D5 basic playthrough › FİNALİZM: scripted submissions fill every listed slot and complete
[2/3] [app] › tests/e2e/playthrough/playthrough.spec.ts:615:3 › F2 scripted playthrough › FİNALİZM: every step matches the docs/07 oracle and the reference capture
[app] › tests/e2e/playthrough/playthrough.spec.ts:615:3 › F2 scripted playthrough › FİNALİZM: every step matches the docs/07 oracle and the reference capture
F2 00-selected: raw=3.300% tolerant=0.710% ignoredPixels=62720 pass=true stable=true

F2 01-invalid: raw=4.445% tolerant=0.966% ignoredPixels=62720 pass=true stable=true

F2 02-invalid-cleared: raw=3.296% tolerant=0.710% ignoredPixels=62720 pass=true stable=true

F2 03-valid-FAL: raw=3.377% tolerant=0.712% ignoredPixels=62720 pass=true stable=true

F2 04-duplicate-FAL: raw=4.979% tolerant=1.325% ignoredPixels=62720 pass=true stable=true

F2 05-duplicate-cleared: raw=3.378% tolerant=0.712% ignoredPixels=62720 pass=true stable=true

F2 06-valid: raw=3.473% tolerant=0.717% ignoredPixels=62720 pass=true stable=true

F2 07-valid: raw=3.548% tolerant=0.721% ignoredPixels=62720 pass=true stable=true

F2 08-valid: raw=3.630% tolerant=0.725% ignoredPixels=62720 pass=true stable=true

F2 09-valid: raw=3.703% tolerant=0.725% ignoredPixels=62720 pass=true stable=true

F2 10-valid: raw=3.775% tolerant=0.727% ignoredPixels=62720 pass=true stable=true

F2 11-valid: raw=3.836% tolerant=0.730% ignoredPixels=62720 pass=true stable=true

F2 12-valid: raw=3.933% tolerant=0.732% ignoredPixels=62720 pass=true stable=true

F2 13-valid: raw=3.990% tolerant=0.728% ignoredPixels=62720 pass=true stable=true

F2 14-valid: raw=4.071% tolerant=0.731% ignoredPixels=62720 pass=true stable=true

F2 15-valid: raw=4.185% tolerant=0.738% ignoredPixels=62720 pass=true stable=true

F2 16-valid: raw=4.300% tolerant=0.742% ignoredPixels=62720 pass=true stable=true

F2 17-valid: raw=4.418% tolerant=0.748% ignoredPixels=62720 pass=true stable=true

F2 18-valid: raw=4.519% tolerant=0.752% ignoredPixels=62720 pass=true stable=true

F2 19-bonus-word: raw=4.665% tolerant=0.755% ignoredPixels=62720 pass=true stable=true

F2 20-valid: raw=4.750% tolerant=0.759% ignoredPixels=62720 pass=true stable=true

F2 21-valid: raw=4.857% tolerant=0.763% ignoredPixels=62720 pass=true stable=true

F2 22-valid: raw=4.975% tolerant=0.764% ignoredPixels=62720 pass=true stable=true

F2 23-valid: raw=5.076% tolerant=0.768% ignoredPixels=62720 pass=true stable=true

F2 24-valid: raw=5.184% tolerant=0.768% ignoredPixels=62720 pass=true stable=true

F2 25-valid: raw=5.299% tolerant=0.771% ignoredPixels=62720 pass=true stable=true

F2 26-valid: raw=5.445% tolerant=0.781% ignoredPixels=62720 pass=true stable=true

F2 27-valid: raw=5.567% tolerant=0.787% ignoredPixels=62720 pass=true stable=true

F2 28-valid: raw=5.695% tolerant=0.791% ignoredPixels=62720 pass=true stable=true

F2 29-valid: raw=5.817% tolerant=0.791% ignoredPixels=62720 pass=true stable=true

F2 30-valid: raw=5.964% tolerant=0.795% ignoredPixels=62720 pass=true stable=true

F2 31-valid: raw=6.093% tolerant=0.785% ignoredPixels=62720 pass=true stable=true

F2 32-valid: raw=6.228% tolerant=0.795% ignoredPixels=62720 pass=true stable=true

F2 33-valid: raw=6.346% tolerant=0.797% ignoredPixels=62720 pass=true stable=true

F2 34-valid: raw=6.468% tolerant=0.798% ignoredPixels=62720 pass=true stable=true

F2 35-valid: raw=6.640% tolerant=0.804% ignoredPixels=62720 pass=true stable=true

F2 36-valid: raw=6.782% tolerant=0.810% ignoredPixels=62720 pass=true stable=true

F2 37-valid: raw=6.940% tolerant=0.812% ignoredPixels=62720 pass=true stable=true

F2 38-valid: raw=7.102% tolerant=0.815% ignoredPixels=62720 pass=true stable=true

F2 playthrough: 40 steps, worst tolerant ratio 1.325%

[3/3] [app] › tests/e2e/playthrough/playthrough.spec.ts:917:3 › F2 S9 timeout variant › FİNALİZM: the clock is waited out and the timeout state matches the reference
[app] › tests/e2e/playthrough/playthrough.spec.ts:917:3 › F2 S9 timeout variant › FİNALİZM: the clock is waited out and the timeout state matches the reference
F2 timeout: raw=6.987% tolerant=0.619% ignoredPixels=62720 pass=true appWaitMs=200265 stable=true

  3 passed (4.9m)
