{
  "dsf1": {
    "knobSvgBox": {
      "x": 0,
      "y": 0,
      "w": 21,
      "h": 29
    },
    "knobFootprint": {
      "gt0": {
        "count": 660,
        "bbox": {
          "x": 515,
          "y": 367,
          "w": 22,
          "h": 30
        },
        "maxDistance": 387.5267732686349
      },
      "gt30": {
        "count": 660,
        "bbox": {
          "x": 515,
          "y": 367,
          "w": 22,
          "h": 30
        },
        "maxDistance": 387.5267732686349
      }
    },
    "backdropFootprint": {
      "gt0": {
        "count": 160390,
        "bbox": {
          "x": 0,
          "y": 0,
          "w": 550,
          "h": 400
        },
        "maxDistance": 441.67295593006367
      },
      "gt30": {
        "count": 158639,
        "bbox": {
          "x": 0,
          "y": 0,
          "w": 550,
          "h": 400
        },
        "maxDistance": 441.67295593006367
      }
    }
  },
  "dsf2": {
    "knobSvgBox": {
      "x": 0,
      "y": 0,
      "w": 21,
      "h": 29
    },
    "knobFootprint": {
      "gt0": {
        "count": 2547,
        "bbox": {
          "x": 1030,
          "y": 735,
          "w": 44,
          "h": 58
        },
        "maxDistance": 387.5267732686349
      },
      "gt30": {
        "count": 2433,
        "bbox": {
          "x": 1031,
          "y": 735,
          "w": 42,
          "h": 58
        },
        "maxDistance": 387.5267732686349
      }
    },
    "backdropFootprint": {
      "gt0": {
        "count": 634319,
        "bbox": {
          "x": 0,
          "y": 0,
          "w": 1100,
          "h": 800
        },
        "maxDistance": 441.67295593006367
      },
      "gt30": {
        "count": 628472,
        "bbox": {
          "x": 0,
          "y": 0,
          "w": 1100,
          "h": 800
        },
        "maxDistance": 441.67295593006367
      }
    }
  }
}
