
> kelimator-2012@0.0.0 e2e
> playwright test playthrough --reporter=line

[WebServer] (node:9420) Warning: The 'NO_COLOR' env is ignored due to the 'FORCE_COLOR' env being set.
[WebServer] (Use `node --trace-warnings ...` to show where the warning was created)


Running 3 tests using 2 workers

(node:9773) Warning: The 'NO_COLOR' env is ignored due to the 'FORCE_COLOR' env being set.
(Use `node --trace-warnings ...` to show where the warning was created)


(node:9772) Warning: The 'NO_COLOR' env is ignored due to the 'FORCE_COLOR' env being set.
(Use `node --trace-warnings ...` to show where the warning was created)


(node:9772) Warning: The 'NO_COLOR' env is ignored due to the 'FORCE_COLOR' env being set.
(Use `node --trace-warnings ...` to show where the warning was created)


(node:9773) Warning: The 'NO_COLOR' env is ignored due to the 'FORCE_COLOR' env being set.
(Use `node --trace-warnings ...` to show where the warning was created)


[1/3] [app] › tests/e2e/playthrough/playthrough.spec.ts:615:3 › F2 scripted playthrough › FİNALİZM: every step matches the docs/07 oracle and the reference capture
[2/3] [app] › tests/e2e/playthrough/playthrough:basic.spec.ts:207:3 › D5 basic playthrough › FİNALİZM: scripted submissions fill every listed slot and complete
[app] › tests/e2e/playthrough/playthrough.spec.ts:615:3 › F2 scripted playthrough › FİNALİZM: every step matches the docs/07 oracle and the reference capture
F2 00-selected: raw=3.300% tolerant=0.710% ignoredPixels=62720 pass=true stable=true

F2 01-invalid: raw=4.445% tolerant=0.966% ignoredPixels=62720 pass=true stable=true

F2 02-invalid-cleared: raw=3.299% tolerant=0.710% ignoredPixels=62720 pass=true stable=true

F2 03-valid-FAL: raw=3.377% tolerant=0.712% ignoredPixels=62720 pass=true stable=true

F2 04-duplicate-FAL: raw=4.979% tolerant=1.325% ignoredPixels=62720 pass=true stable=true

F2 05-duplicate-cleared: raw=3.378% tolerant=0.712% ignoredPixels=62720 pass=true stable=true

F2 06-valid: raw=3.473% tolerant=0.717% ignoredPixels=62720 pass=true stable=true

F2 07-valid: raw=3.548% tolerant=0.721% ignoredPixels=62720 pass=true stable=true

F2 08-valid: raw=3.630% tolerant=0.725% ignoredPixels=62720 pass=true stable=true

F2 09-valid: raw=3.703% tolerant=0.725% ignoredPixels=62720 pass=true stable=true

F2 10-valid: raw=3.775% tolerant=0.727% ignoredPixels=62720 pass=true stable=true

F2 11-valid: raw=3.831% tolerant=0.730% ignoredPixels=62720 pass=true stable=true

F2 12-valid: raw=3.930% tolerant=0.732% ignoredPixels=62720 pass=true stable=true

F2 13-valid: raw=3.986% tolerant=0.729% ignoredPixels=62720 pass=true stable=true

F2 14-valid: raw=4.073% tolerant=0.731% ignoredPixels=62720 pass=true stable=true

F2 15-valid: raw=4.190% tolerant=0.738% ignoredPixels=62720 pass=true stable=true

F2 16-valid: raw=4.311% tolerant=0.742% ignoredPixels=62720 pass=true stable=true

F2 17-valid: raw=4.418% tolerant=0.748% ignoredPixels=62720 pass=true stable=true

F2 18-valid: raw=4.518% tolerant=0.752% ignoredPixels=62720 pass=true stable=true

F2 19-bonus-word: raw=4.667% tolerant=0.755% ignoredPixels=62720 pass=true stable=true

F2 20-valid: raw=4.748% tolerant=0.759% ignoredPixels=62720 pass=true stable=true

F2 21-valid: raw=4.859% tolerant=0.763% ignoredPixels=62720 pass=true stable=true

F2 22-valid: raw=4.981% tolerant=0.764% ignoredPixels=62720 pass=true stable=true

F2 23-valid: raw=5.081% tolerant=0.775% ignoredPixels=62720 pass=true stable=true

F2 24-valid: raw=5.191% tolerant=0.775% ignoredPixels=62720 pass=true stable=true

F2 25-valid: raw=5.305% tolerant=0.778% ignoredPixels=62720 pass=true stable=true

F2 26-valid: raw=5.456% tolerant=0.789% ignoredPixels=62720 pass=true stable=true

F2 27-valid: raw=5.574% tolerant=0.794% ignoredPixels=62720 pass=true stable=true

F2 28-valid: raw=5.700% tolerant=0.798% ignoredPixels=62720 pass=true stable=true

F2 29-valid: raw=5.820% tolerant=0.798% ignoredPixels=62720 pass=true stable=true

F2 30-valid: raw=5.967% tolerant=0.802% ignoredPixels=62720 pass=true stable=true

F2 31-valid: raw=6.107% tolerant=0.800% ignoredPixels=62720 pass=true stable=true

F2 32-valid: raw=6.235% tolerant=0.801% ignoredPixels=62720 pass=true stable=true

F2 33-valid: raw=6.353% tolerant=0.803% ignoredPixels=62720 pass=true stable=true

F2 34-valid: raw=6.476% tolerant=0.805% ignoredPixels=62720 pass=true stable=true

F2 35-valid: raw=6.645% tolerant=0.810% ignoredPixels=62720 pass=true stable=true

F2 36-valid: raw=6.788% tolerant=0.816% ignoredPixels=62720 pass=true stable=true

F2 37-valid: raw=6.950% tolerant=0.818% ignoredPixels=62720 pass=true stable=true

F2 38-valid: raw=7.105% tolerant=0.822% ignoredPixels=62720 pass=true stable=true

F2 playthrough: 40 steps, worst tolerant ratio 1.325%

[3/3] [app] › tests/e2e/playthrough/playthrough.spec.ts:917:3 › F2 S9 timeout variant › FİNALİZM: the clock is waited out and the timeout state matches the reference
  1) [app] › tests/e2e/playthrough/playthrough.spec.ts:917:3 › F2 S9 timeout variant › FİNALİZM: the clock is waited out and the timeout state matches the reference 

    Error: page.evaluate: TypeError: Cannot read properties of undefined (reading 'state')
        at eval (eval at evaluate (:311:30), <anonymous>:4:19)
        at UtilityScript.evaluate (<anonymous>:313:16)
        at UtilityScript.<anonymous> (<anonymous>:1:44)
        at eval (eval at evaluate (:311:30), <anonymous>:4:19)
        at UtilityScript.evaluate (<anonymous>:313:16)
        at UtilityScript.<anonymous> (<anonymous>:1:44)
        at readGame (/home/dev/kelimator-2012/tests/e2e/playthrough/playthrough.spec.ts:204:15)
        at expect.poll.timeout (/home/dev/kelimator-2012/tests/e2e/playthrough/playthrough.spec.ts:934:32)
        at /home/dev/kelimator-2012/tests/e2e/playthrough/playthrough.spec.ts:933:5

    Error Context: test-results/tests-e2e-playthrough-play-48412-state-matches-the-reference-app/error-context.md


  1 failed
    [app] › tests/e2e/playthrough/playthrough.spec.ts:917:3 › F2 S9 timeout variant › FİNALİZM: the clock is waited out and the timeout state matches the reference 
  2 passed (1.7m)
