
Running 3 tests using 2 workers

[1/3] [app] › tests/e2e/playthrough/playthrough:basic.spec.ts:207:3 › D5 basic playthrough › FİNALİZM: scripted submissions fill every listed slot and complete
[2/3] [app] › tests/e2e/playthrough/playthrough.spec.ts:618:3 › F2 scripted playthrough › FİNALİZM: every step matches the docs/07 oracle and the reference capture
[app] › tests/e2e/playthrough/playthrough.spec.ts:618:3 › F2 scripted playthrough › FİNALİZM: every step matches the docs/07 oracle and the reference capture
F2 00-selected: raw=2.520% tolerant=0.602% ignoredPixels=68023 pass=true stable=true

F2 01-invalid: raw=3.665% tolerant=0.859% ignoredPixels=68023 pass=true stable=true

F2 02-invalid-cleared: raw=2.516% tolerant=0.603% ignoredPixels=68023 pass=true stable=true

F2 03-valid-FAL: raw=2.595% tolerant=0.605% ignoredPixels=68023 pass=true stable=true

F2 04-duplicate-FAL: raw=3.884% tolerant=0.872% ignoredPixels=68023 pass=true stable=true

F2 05-duplicate-cleared: raw=2.601% tolerant=0.605% ignoredPixels=68023 pass=true stable=true

F2 06-valid: raw=2.693% tolerant=0.610% ignoredPixels=68023 pass=true stable=true

F2 07-valid: raw=2.768% tolerant=0.613% ignoredPixels=68023 pass=true stable=true

F2 08-valid: raw=2.850% tolerant=0.617% ignoredPixels=68023 pass=true stable=true

F2 09-valid: raw=2.923% tolerant=0.617% ignoredPixels=68023 pass=true stable=true

F2 10-valid: raw=2.995% tolerant=0.620% ignoredPixels=68023 pass=true stable=true

F2 11-valid: raw=3.056% tolerant=0.622% ignoredPixels=68023 pass=true stable=true

F2 12-valid: raw=3.153% tolerant=0.624% ignoredPixels=68023 pass=true stable=true

F2 13-valid: raw=3.210% tolerant=0.620% ignoredPixels=68023 pass=true stable=true

F2 14-valid: raw=3.291% tolerant=0.624% ignoredPixels=68023 pass=true stable=true

F2 15-valid: raw=3.405% tolerant=0.630% ignoredPixels=68023 pass=true stable=true

F2 16-valid: raw=3.520% tolerant=0.634% ignoredPixels=68023 pass=true stable=true

F2 17-valid: raw=3.638% tolerant=0.640% ignoredPixels=68023 pass=true stable=true

F2 18-valid: raw=3.739% tolerant=0.644% ignoredPixels=68023 pass=true stable=true

F2 19-bonus-word: raw=3.885% tolerant=0.648% ignoredPixels=68023 pass=true stable=true

F2 20-valid: raw=3.970% tolerant=0.651% ignoredPixels=68023 pass=true stable=true

F2 21-valid: raw=4.077% tolerant=0.655% ignoredPixels=68023 pass=true stable=true

F2 22-valid: raw=4.195% tolerant=0.656% ignoredPixels=68023 pass=true stable=true

F2 23-valid: raw=4.296% tolerant=0.660% ignoredPixels=68023 pass=true stable=true

F2 24-valid: raw=4.404% tolerant=0.660% ignoredPixels=68023 pass=true stable=true

F2 25-valid: raw=4.519% tolerant=0.663% ignoredPixels=68023 pass=true stable=true

F2 26-valid: raw=4.665% tolerant=0.674% ignoredPixels=68023 pass=true stable=true

F2 27-valid: raw=4.787% tolerant=0.679% ignoredPixels=68023 pass=true stable=true

F2 28-valid: raw=4.915% tolerant=0.683% ignoredPixels=68023 pass=true stable=true

F2 29-valid: raw=5.037% tolerant=0.683% ignoredPixels=68023 pass=true stable=true

F2 30-valid: raw=5.184% tolerant=0.687% ignoredPixels=68023 pass=true stable=true

F2 31-valid: raw=5.313% tolerant=0.678% ignoredPixels=68023 pass=true stable=true

F2 32-valid: raw=5.448% tolerant=0.687% ignoredPixels=68023 pass=true stable=true

F2 33-valid: raw=5.566% tolerant=0.689% ignoredPixels=68023 pass=true stable=true

F2 34-valid: raw=5.690% tolerant=0.691% ignoredPixels=68023 pass=true stable=true

F2 35-valid: raw=5.857% tolerant=0.696% ignoredPixels=68023 pass=true stable=true

F2 36-valid: raw=5.995% tolerant=0.696% ignoredPixels=68023 pass=true stable=true

F2 37-valid: raw=6.156% tolerant=0.698% ignoredPixels=68023 pass=true stable=true

F2 38-valid: raw=6.309% tolerant=0.701% ignoredPixels=68023 pass=true stable=true

F2 playthrough: 40 steps, worst tolerant ratio 0.872%

[3/3] [app] › tests/e2e/playthrough/playthrough.spec.ts:925:3 › F2 S9 timeout variant › FİNALİZM: the clock is waited out and the timeout state matches the reference
[app] › tests/e2e/playthrough/playthrough.spec.ts:925:3 › F2 S9 timeout variant › FİNALİZM: the clock is waited out and the timeout state matches the reference
F2 timeout: raw=6.207% tolerant=0.511% ignoredPixels=68023 pass=true appWaitMs=200381 stable=true

  Slow test file: [app] › tests/e2e/playthrough/playthrough.spec.ts (5.1m)
  Consider running tests from slow files in parallel. See: https://playwright.dev/docs/test-parallel
  3 passed (5.1m)
