tools/verify-all.sh — T15 final matrix (F3/G5)
started: 2026-09-30T03:28:59Z
log: artifacts/verify-all/F3-verify-all.log

===== [verify-all] STEP: lint =====
$ npm run lint

> kelimator-2012@0.0.0 lint
> eslint .

===== [verify-all] lint: PASS (exit 0) =====

===== [verify-all] STEP: unit/integration (npm test) =====
$ npm test

> kelimator-2012@0.0.0 test
> vitest run


[1m[30m[46m RUN [49m[39m[22m [36mv5.0.2 [39m[90m/home/dev/kelimator-2012[39m

 [32m✓[39m tests/assets.test.mjs [2m([22m[2m11 tests[22m[2m)[22m[32m 22[2mms[22m[39m
 [32m✓[39m tests/audio.test.ts [2m([22m[2m17 tests[22m[2m)[22m[32m 9[2mms[22m[39m
[90mstdout[2m | tests/rounds-fixtures.test.mjs
[22m[39m[B3] viroloji source: tests/fixtures/rounds/viroloji.xml sha256=594e6a5377fbe8edef05f93850ac9eea4fc50c25fd5e6e9facf33186d4cd8621

 [32m✓[39m tests/normalize-wordlist.test.mjs [2m([22m[2m19 tests[22m[2m)[22m[32m 98[2mms[22m[39m
[90mstdout[2m | tests/rounds-fixtures.test.mjs[2m > [22m[2mfixture: finalizm (archived xml.php, ISO-8859-9)[2m > [22m[2mis available and decodes byte-wise to FİNALİZM (plain text, not Base64)
[22m[39m[B3] finalizm source: ../kelimator-nostalji/calistir/xml.php sha256=854b7287c2e6878938671b7490f908605b9986ba28f4abe6f0eb2a62af3c2bed

[90mstdout[2m | tests/rounds-fixtures.test.mjs[2m > [22m[2mfixture: finalizm (archived xml.php, ISO-8859-9)[2m > [22m[2mpasses all structural checks (3–8 letters, multiset ⊂ main, main present, no duplicates)
[22m[39m[B3] finalizm structural: main=FİNALİZM counts(3..7)=28/41/17/4/0 total=91 sorted=false checksum=19c4701ab499f750987eebe0bff07f9c

[90mstdout[2m | tests/rounds-fixtures.test.mjs[2m > [22m[2mfixture: finalizm (archived xml.php, ISO-8859-9)[2m > [22m[2mxml.php and xml64.php are byte-identical (the two archived FİNALİZM copies)
[22m[39m[B3] xml.php = xml64.php sha256=854b7287c2e6878938671b7490f908605b9986ba28f4abe6f0eb2a62af3c2bed

[90mstdout[2m | tests/rounds-fixtures.test.mjs[2m > [22m[2mfixture: finalizm (archived xml.php, ISO-8859-9)[2m > [22m[2menumeration check: every archived subword present in the archived dictionary is producible from FİNALİZM
[22m[39m[B3] archived dictionary: /home/dev/kelimator-nostalji/kayitlar/sozluk_29749_kelime.xml sha256=558269a0fa7de05e90e96d62f583dcbb1c4a95510a0e7fe360629ffa40f47f00 raw=29749 uniqueRaw=27856 normalized=27814 droppedByPipeline=11 blocklisted=32
[B3] finalizm enumeration: fixtureWords=90 inDictionary=83 producible=83 exceptions=0
[B3] finalizm dictionary gaps (archived words absent from the archived dictionary): 7 -> ALİ, FAN, LAN, LİM, AMİN, İZAN, ZİFİN

[90mstdout[2m | tests/rounds-fixtures.test.mjs[2m > [22m[2mfixture: finalizm (archived xml.php, ISO-8859-9)[2m > [22m[2mthe bank round for FİNALİZM contains every archived subword present in tools/wordlist.txt
[22m[39m[B3] finalizm bank round: generated=90 archivedWordsInCurrentWordlist=89 missing=0 addedSince2007=1 -> ZİLİ

[90mstdout[2m | tests/rounds-fixtures.test.mjs[2m > [22m[2mfixture: leavings (archived xml_eng.php; English, no dictionary cross-check)[2m > [22m[2mis available and decodes to LEAVINGS
[22m[39m[B3] leavings source: ../kelimator-nostalji/calistir/xml_eng.php sha256=ba36b137fde8a4363e4435c0c48fc257fcbb1ac684e244b2062abc6140be7da8

[90mstdout[2m | tests/rounds-fixtures.test.mjs[2m > [22m[2mfixture: leavings (archived xml_eng.php; English, no dictionary cross-check)[2m > [22m[2mpasses all structural checks (3–8 letters, multiset ⊂ main, main present, no duplicates)
[22m[39m[B3] leavings structural: main=LEAVINGS counts(3..7)=19/41/24/8/0 total=93 sorted=true

[90mstdout[2m | tests/rounds-fixtures.test.mjs[2m > [22m[2mfixture: viroloji (Wayback xml.php capture 2007-05-14)[2m > [22m[2mpasses all structural checks (3–8 letters, multiset ⊂ main, main present, no duplicates)
[22m[39m[B3] viroloji structural: main=VİROLOJİ counts(3..7)=4/1/0/0/0

[90mstdout[2m | tests/rounds-fixtures.test.mjs[2m > [22m[2memitted bank (src/data/rounds.json; V2 invariants)[2m > [22m[2mevery round: total words ≥ configured T, and id = roundId(main)
[22m[39m[B3] bank: rounds=7393 T=30 perLength(3..8)=149345/178376/122758/37801/14571/7393

[90mstdout[2m | tests/rounds-fixtures.test.mjs[2m > [22m[2memitted bank (src/data/rounds.json; V2 invariants)[2m > [22m[2mrecords (does not resolve) id collisions of the docs/06 §4 rule
[22m[39m[B3] id collisions within the bank under the docs/06 §4 rule (spec defines no disambiguation; recorded in evidence/B3-bank.md): 33
[B3]   asabilme <- ASABİLME, AŞABİLME
[B3]   asilanma <- ASILANMA, AŞILANMA
[B3]   asiverme <- ASIVERME, AŞIVERME
[B3]   astirmak <- ASTIRMAK, AŞTIRMAK
[B3]   bahsedis <- BAHSEDİŞ, BAHŞEDİŞ
[B3]   bahsetme <- BAHSETME, BAHŞETME
[B3]   beslemek <- BESLEMEK, BEŞLEMEK
[B3]   estirmek <- ESTİRMEK, EŞTİRMEK
[B3]   fislamak <- FISLAMAK, FIŞLAMAK
[B3]   hafizali <- HAFIZALI, HAFIZALİ
[B3]   kasinmak <- KASINMAK, KAŞINMAK
[B3]   munakasa <- MÜNAKASA, MÜNAKAŞA
[B3]   mutevazi <- MÜTEVAZI, MÜTEVAZİ
[B3]   nakislik <- NAKISLIK, NAKIŞLIK
[B3]   sadiklik <- SADIKLIK, SADİKLİK
[B3]   suratsiz <- SURATSIZ, SÜRATSİZ
[B3]   taharrus <- TAHARRÜS, TAHARRÜŞ
[B3]   taslamak <- TASLAMAK, TAŞLAMAK
[B3]   taslatma <- TASLATMA, TAŞLATMA
[B3]   yaslanis <- YASLANIŞ, YAŞLANIŞ
[B3]   yaslanma <- YASLANMA, YAŞLANMA
[B3]   yaslilik <- YASLILIK, YAŞLILIK
[B3]   islenmek <- İSLENMEK, İŞLENMEK
[B3]   saklamak <- SAKLAMAK, ŞAKLAMAK
[B3]   saklatma <- SAKLATMA, ŞAKLATMA
[B3]   saklayis <- SAKLAYIŞ, ŞAKLAYIŞ
[B3]   samanlik <- SAMANLIK, ŞAMANLIK
[B3]   saplamak <- SAPLAMAK, ŞAPLAMAK
[B3]   saplatma <- SAPLATMA, ŞAPLATMA
[B3]   siklasma <- SIKLAŞMA, ŞIKLAŞMA
[B3]   sirlamak <- SIRLAMAK, ŞIRLAMAK
[B3]   sislemek <- SİSLEMEK, ŞİŞLEMEK
[B3]   sislenme <- SİSLENME, ŞİŞLENME

 [32m✓[39m tests/rounds-fixtures.test.mjs [2m([22m[2m20 tests[22m[2m)[22m[32m 112[2mms[22m[39m
 [32m✓[39m tests/timer.test.ts [2m([22m[2m17 tests[22m[2m)[22m[32m 8[2mms[22m[39m
 [32m✓[39m tests/stage.test.ts [2m([22m[2m11 tests[22m[2m)[22m[32m 4[2mms[22m[39m
 [32m✓[39m verify/diff/diff.test.mjs [2m([22m[2m25 tests[22m[2m)[22m[33m 1075[2mms[22m[39m
 [32m✓[39m tests/speaker.test.ts [2m([22m[2m9 tests[22m[2m)[22m[32m 4[2mms[22m[39m
 [32m✓[39m tests/constants.test.mjs [2m([22m[2m3 tests[22m[2m)[22m[32m 3[2mms[22m[39m
 [32m✓[39m tests/hud-controls.test.ts [2m([22m[2m3 tests[22m[2m)[22m[32m 5[2mms[22m[39m
 [32m✓[39m tests/input.test.ts [2m([22m[2m30 tests[22m[2m)[22m[32m 24[2mms[22m[39m
 [32m✓[39m tests/scoring.test.ts [2m([22m[2m17 tests[22m[2m)[22m[32m 12[2mms[22m[39m
 [32m✓[39m tests/e2e/intro/boot-sequence.test.ts [2m([22m[2m3 tests[22m[2m)[22m[32m 9[2mms[22m[39m
 [32m✓[39m tests/lifecycle.test.ts [2m([22m[2m23 tests[22m[2m)[22m[32m 53[2mms[22m[39m
 [32m✓[39m tests/round.test.ts [2m([22m[2m34 tests[22m[2m)[22m[32m 67[2mms[22m[39m

[2m Test Files [22m [1m[32m15 passed[39m[22m[90m (15)[39m
[2m      Tests [22m [1m[32m242 passed[39m[22m[90m (242)[39m
[2m   Start at [22m 06:29:01
[2m   Duration [22m 3.01s[2m (import 57%, transform 32%, tests 11%)[22m

[2m  Transform [22m [33mtransforming modules took 4.64s[39m[2m · 32% of tracked time, re-done on every run[22m
[2m            [22m [2mpersist transforms across runs with [22m[33mfsModuleCache: true[39m
[2m            [22m [2mlearn more: https://vitest.dev/guide/improving-performance#caching-between-reruns[22m

===== [verify-all] unit/integration (npm test): PASS (exit 0) =====

===== [verify-all] STEP: schema validations (T06) =====
$ step_schemas
--- T06: data/rounds.schema.json vs src/data/rounds.json
src/data/rounds.json valid
--- T06: data/constants.schema.json vs data/constants.json
data/constants.json valid
--- T06: data/sound-map.schema.json vs data/sound-map.json
data/sound-map.json valid
--- T06: data/layout.schema.json vs data/layout.json
data/layout.json valid
T06 PASS: all 4 schema/data pairs valid
===== [verify-all] schema validations (T06): PASS (exit 0) =====

===== [verify-all] STEP: fixtures (T07) =====
$ npm test -- fixtures

> kelimator-2012@0.0.0 test
> vitest run fixtures


[1m[30m[46m RUN [49m[39m[22m [36mv5.0.2 [39m[90m/home/dev/kelimator-2012[39m

[90mstdout[2m | tests/rounds-fixtures.test.mjs
[22m[39m[B3] viroloji source: tests/fixtures/rounds/viroloji.xml sha256=594e6a5377fbe8edef05f93850ac9eea4fc50c25fd5e6e9facf33186d4cd8621

[90mstdout[2m | tests/rounds-fixtures.test.mjs[2m > [22m[2mfixture: finalizm (archived xml.php, ISO-8859-9)[2m > [22m[2mis available and decodes byte-wise to FİNALİZM (plain text, not Base64)
[22m[39m[B3] finalizm source: ../kelimator-nostalji/calistir/xml.php sha256=854b7287c2e6878938671b7490f908605b9986ba28f4abe6f0eb2a62af3c2bed

[90mstdout[2m | tests/rounds-fixtures.test.mjs[2m > [22m[2mfixture: finalizm (archived xml.php, ISO-8859-9)[2m > [22m[2mpasses all structural checks (3–8 letters, multiset ⊂ main, main present, no duplicates)
[22m[39m[B3] finalizm structural: main=FİNALİZM counts(3..7)=28/41/17/4/0 total=91 sorted=false checksum=19c4701ab499f750987eebe0bff07f9c

[90mstdout[2m | tests/rounds-fixtures.test.mjs[2m > [22m[2mfixture: finalizm (archived xml.php, ISO-8859-9)[2m > [22m[2mxml.php and xml64.php are byte-identical (the two archived FİNALİZM copies)
[22m[39m[B3] xml.php = xml64.php sha256=854b7287c2e6878938671b7490f908605b9986ba28f4abe6f0eb2a62af3c2bed

[90mstdout[2m | tests/rounds-fixtures.test.mjs[2m > [22m[2mfixture: finalizm (archived xml.php, ISO-8859-9)[2m > [22m[2menumeration check: every archived subword present in the archived dictionary is producible from FİNALİZM
[22m[39m[B3] archived dictionary: /home/dev/kelimator-nostalji/kayitlar/sozluk_29749_kelime.xml sha256=558269a0fa7de05e90e96d62f583dcbb1c4a95510a0e7fe360629ffa40f47f00 raw=29749 uniqueRaw=27856 normalized=27814 droppedByPipeline=11 blocklisted=32
[B3] finalizm enumeration: fixtureWords=90 inDictionary=83 producible=83 exceptions=0
[B3] finalizm dictionary gaps (archived words absent from the archived dictionary): 7 -> ALİ, FAN, LAN, LİM, AMİN, İZAN, ZİFİN

[90mstdout[2m | tests/rounds-fixtures.test.mjs[2m > [22m[2mfixture: finalizm (archived xml.php, ISO-8859-9)[2m > [22m[2mthe bank round for FİNALİZM contains every archived subword present in tools/wordlist.txt
[22m[39m[B3] finalizm bank round: generated=90 archivedWordsInCurrentWordlist=89 missing=0 addedSince2007=1 -> ZİLİ

[90mstdout[2m | tests/rounds-fixtures.test.mjs[2m > [22m[2mfixture: leavings (archived xml_eng.php; English, no dictionary cross-check)[2m > [22m[2mis available and decodes to LEAVINGS
[22m[39m[B3] leavings source: ../kelimator-nostalji/calistir/xml_eng.php sha256=ba36b137fde8a4363e4435c0c48fc257fcbb1ac684e244b2062abc6140be7da8

[90mstdout[2m | tests/rounds-fixtures.test.mjs[2m > [22m[2mfixture: leavings (archived xml_eng.php; English, no dictionary cross-check)[2m > [22m[2mpasses all structural checks (3–8 letters, multiset ⊂ main, main present, no duplicates)
[22m[39m[B3] leavings structural: main=LEAVINGS counts(3..7)=19/41/24/8/0 total=93 sorted=true

[90mstdout[2m | tests/rounds-fixtures.test.mjs[2m > [22m[2mfixture: viroloji (Wayback xml.php capture 2007-05-14)[2m > [22m[2mpasses all structural checks (3–8 letters, multiset ⊂ main, main present, no duplicates)
[22m[39m[B3] viroloji structural: main=VİROLOJİ counts(3..7)=4/1/0/0/0

[90mstdout[2m | tests/rounds-fixtures.test.mjs[2m > [22m[2memitted bank (src/data/rounds.json; V2 invariants)[2m > [22m[2mevery round: total words ≥ configured T, and id = roundId(main)
[22m[39m[B3] bank: rounds=7393 T=30 perLength(3..8)=149345/178376/122758/37801/14571/7393

[90mstdout[2m | tests/rounds-fixtures.test.mjs[2m > [22m[2memitted bank (src/data/rounds.json; V2 invariants)[2m > [22m[2mrecords (does not resolve) id collisions of the docs/06 §4 rule
[22m[39m[B3] id collisions within the bank under the docs/06 §4 rule (spec defines no disambiguation; recorded in evidence/B3-bank.md): 33
[B3]   asabilme <- ASABİLME, AŞABİLME
[B3]   asilanma <- ASILANMA, AŞILANMA
[B3]   asiverme <- ASIVERME, AŞIVERME
[B3]   astirmak <- ASTIRMAK, AŞTIRMAK
[B3]   bahsedis <- BAHSEDİŞ, BAHŞEDİŞ
[B3]   bahsetme <- BAHSETME, BAHŞETME
[B3]   beslemek <- BESLEMEK, BEŞLEMEK
[B3]   estirmek <- ESTİRMEK, EŞTİRMEK
[B3]   fislamak <- FISLAMAK, FIŞLAMAK
[B3]   hafizali <- HAFIZALI, HAFIZALİ
[B3]   kasinmak <- KASINMAK, KAŞINMAK
[B3]   munakasa <- MÜNAKASA, MÜNAKAŞA
[B3]   mutevazi <- MÜTEVAZI, MÜTEVAZİ
[B3]   nakislik <- NAKISLIK, NAKIŞLIK
[B3]   sadiklik <- SADIKLIK, SADİKLİK
[B3]   suratsiz <- SURATSIZ, SÜRATSİZ
[B3]   taharrus <- TAHARRÜS, TAHARRÜŞ
[B3]   taslamak <- TASLAMAK, TAŞLAMAK
[B3]   taslatma <- TASLATMA, TAŞLATMA
[B3]   yaslanis <- YASLANIŞ, YAŞLANIŞ
[B3]   yaslanma <- YASLANMA, YAŞLANMA
[B3]   yaslilik <- YASLILIK, YAŞLILIK
[B3]   islenmek <- İSLENMEK, İŞLENMEK
[B3]   saklamak <- SAKLAMAK, ŞAKLAMAK
[B3]   saklatma <- SAKLATMA, ŞAKLATMA
[B3]   saklayis <- SAKLAYIŞ, ŞAKLAYIŞ
[B3]   samanlik <- SAMANLIK, ŞAMANLIK
[B3]   saplamak <- SAPLAMAK, ŞAPLAMAK
[B3]   saplatma <- SAPLATMA, ŞAPLATMA
[B3]   siklasma <- SIKLAŞMA, ŞIKLAŞMA
[B3]   sirlamak <- SIRLAMAK, ŞIRLAMAK
[B3]   sislemek <- SİSLEMEK, ŞİŞLEMEK
[B3]   sislenme <- SİSLENME, ŞİŞLENME

 [32m✓[39m tests/rounds-fixtures.test.mjs [2m([22m[2m20 tests[22m[2m)[22m[32m 94[2mms[22m[39m

[2m Test Files [22m [1m[32m1 passed[39m[22m[90m (1)[39m
[2m      Tests [22m [1m[32m20 passed[39m[22m[90m (20)[39m
[2m   Start at [22m 06:29:06
[2m   Duration [22m 279ms[2m (tests 44%, import 40%, transform 16%, worker 1%)[22m

===== [verify-all] fixtures (T07): PASS (exit 0) =====

===== [verify-all] STEP: idempotency (T10) =====
$ step_idempotency
--- T10: node tools/build-rounds.mjs (run 1)
[B3] wordlist: tools/wordlist.txt (62809 words, sha256=ac9987ce0d07688ce5db913f5cb112efe0e035f227d908431350c2d96fde8758)
[B3] batch: candidates(length 8)=9107 subwords(3..7)=22772
[B3] config: tools/build-config.json thresholdT=30 evidence=evidence/B3-threshold.md
[B3] rounds: 7393 (total words per round >= 30)
[B3] words length 3: total=149345 distinct=757
[B3] words length 4: total=178376 distinct=2053
[B3] words length 5: total=122758 distinct=5195
[B3] words length 6: total=37801 distinct=4581
[B3] words length 7: total=14571 distinct=3912
[B3] words length 8: total=7393 distinct=7393
[B3] words per round: min=30 max=268 mean=69.02
[B3] id collisions over all candidates: 45
[B3]   id collision: asabilme <- ASABİLME, AŞABİLME
[B3]   id collision: asilanis <- ASILANIŞ, AŞILANIŞ
[B3]   id collision: asilanma <- ASILANMA, AŞILANMA
[B3]   id collision: asiverme <- ASIVERME, AŞIVERME
[B3]   id collision: astirmak <- ASTIRMAK, AŞTIRMAK
[B3]   id collision: bahsedis <- BAHSEDİŞ, BAHŞEDİŞ
[B3]   id collision: bahsetme <- BAHSETME, BAHŞETME
[B3]   id collision: beslemek <- BESLEMEK, BEŞLEMEK
[B3]   id collision: bicirgan <- BICIRGAN, BIÇIRGAN
[B3]   id collision: burgusuz <- BURGUSUZ, BÜRGÜSÜZ
[B3]   id collision: estirmek <- ESTİRMEK, EŞTİRMEK
[B3]   id collision: fislamak <- FISLAMAK, FIŞLAMAK
[B3]   id collision: hafizali <- HAFIZALI, HAFIZALİ
[B3]   id collision: kasinmak <- KASINMAK, KAŞINMAK
[B3]   id collision: kopuksuz <- KOPUKSUZ, KÖPÜKSÜZ
[B3]   id collision: kusursuz <- KUSURSUZ, KÜSURSUZ
[B3]   id collision: kinlilik <- KINLILIK, KİNLİLİK
[B3]   id collision: munakasa <- MÜNAKASA, MÜNAKAŞA
[B3]   id collision: mutevazi <- MÜTEVAZI, MÜTEVAZİ
[B3]   id collision: nakislik <- NAKISLIK, NAKIŞLIK
[B3]   id collision: sadiklik <- SADIKLIK, SADİKLİK
[B3]   id collision: suratsiz <- SURATSIZ, SÜRATSİZ
[B3]   id collision: sinirsiz <- SINIRSIZ, SİNİRSİZ
[B3]   id collision: taharrus <- TAHARRÜS, TAHARRÜŞ
[B3]   id collision: taslamak <- TASLAMAK, TAŞLAMAK
[B3]   id collision: taslatma <- TASLATMA, TAŞLATMA
[B3]   id collision: tutturus <- TUTTURUŞ, TÜTTÜRÜŞ
[B3]   id collision: yaslanis <- YASLANIŞ, YAŞLANIŞ
[B3]   id collision: yaslanma <- YASLANMA, YAŞLANMA
[B3]   id collision: yaslilik <- YASLILIK, YAŞLILIK
[B3]   id collision: olgunluk <- OLGUNLUK, ÖLGÜNLÜK
[B3]   id collision: olmusluk <- OLMUŞLUK, ÖLMÜŞLÜK
[B3]   id collision: oluverme <- OLUVERME, ÖLÜVERME
[B3]   id collision: islenmek <- İSLENMEK, İŞLENMEK
[B3]   id collision: issizlik <- ISSIZLIK, İŞSİZLİK
[B3]   id collision: saklamak <- SAKLAMAK, ŞAKLAMAK
[B3]   id collision: saklatma <- SAKLATMA, ŞAKLATMA
[B3]   id collision: saklayis <- SAKLAYIŞ, ŞAKLAYIŞ
[B3]   id collision: samanlik <- SAMANLIK, ŞAMANLIK
[B3]   id collision: saplamak <- SAPLAMAK, ŞAPLAMAK
[B3]   id collision: saplatma <- SAPLATMA, ŞAPLATMA
[B3]   id collision: siklasma <- SIKLAŞMA, ŞIKLAŞMA
[B3]   id collision: sirlamak <- SIRLAMAK, ŞIRLAMAK
[B3]   id collision: sislemek <- SİSLEMEK, ŞİŞLEMEK
[B3]   id collision: sislenme <- SİSLENME, ŞİŞLENME
[B3] id collisions within the bank: 33
[B3]   bank id collision: asabilme <- ASABİLME, AŞABİLME
[B3]   bank id collision: asilanma <- ASILANMA, AŞILANMA
[B3]   bank id collision: asiverme <- ASIVERME, AŞIVERME
[B3]   bank id collision: astirmak <- ASTIRMAK, AŞTIRMAK
[B3]   bank id collision: bahsedis <- BAHSEDİŞ, BAHŞEDİŞ
[B3]   bank id collision: bahsetme <- BAHSETME, BAHŞETME
[B3]   bank id collision: beslemek <- BESLEMEK, BEŞLEMEK
[B3]   bank id collision: estirmek <- ESTİRMEK, EŞTİRMEK
[B3]   bank id collision: fislamak <- FISLAMAK, FIŞLAMAK
[B3]   bank id collision: hafizali <- HAFIZALI, HAFIZALİ
[B3]   bank id collision: kasinmak <- KASINMAK, KAŞINMAK
[B3]   bank id collision: munakasa <- MÜNAKASA, MÜNAKAŞA
[B3]   bank id collision: mutevazi <- MÜTEVAZI, MÜTEVAZİ
[B3]   bank id collision: nakislik <- NAKISLIK, NAKIŞLIK
[B3]   bank id collision: sadiklik <- SADIKLIK, SADİKLİK
[B3]   bank id collision: suratsiz <- SURATSIZ, SÜRATSİZ
[B3]   bank id collision: taharrus <- TAHARRÜS, TAHARRÜŞ
[B3]   bank id collision: taslamak <- TASLAMAK, TAŞLAMAK
[B3]   bank id collision: taslatma <- TASLATMA, TAŞLATMA
[B3]   bank id collision: yaslanis <- YASLANIŞ, YAŞLANIŞ
[B3]   bank id collision: yaslanma <- YASLANMA, YAŞLANMA
[B3]   bank id collision: yaslilik <- YASLILIK, YAŞLILIK
[B3]   bank id collision: islenmek <- İSLENMEK, İŞLENMEK
[B3]   bank id collision: saklamak <- SAKLAMAK, ŞAKLAMAK
[B3]   bank id collision: saklatma <- SAKLATMA, ŞAKLATMA
[B3]   bank id collision: saklayis <- SAKLAYIŞ, ŞAKLAYIŞ
[B3]   bank id collision: samanlik <- SAMANLIK, ŞAMANLIK
[B3]   bank id collision: saplamak <- SAPLAMAK, ŞAPLAMAK
[B3]   bank id collision: saplatma <- SAPLATMA, ŞAPLATMA
[B3]   bank id collision: siklasma <- SIKLAŞMA, ŞIKLAŞMA
[B3]   bank id collision: sirlamak <- SIRLAMAK, ŞIRLAMAK
[B3]   bank id collision: sislemek <- SİSLEMEK, ŞİŞLEMEK
[B3]   bank id collision: sislenme <- SİSLENME, ŞİŞLENME
[B3] output: src/data/rounds.json (12257523 bytes, sha256=7e4e149b3862b3f5ab77f755e8a8ae4215c2c8568a8ad30ee2311384b14b9a96)
--- T10: node tools/build-rounds.mjs (run 2)
[B3] wordlist: tools/wordlist.txt (62809 words, sha256=ac9987ce0d07688ce5db913f5cb112efe0e035f227d908431350c2d96fde8758)
[B3] batch: candidates(length 8)=9107 subwords(3..7)=22772
[B3] config: tools/build-config.json thresholdT=30 evidence=evidence/B3-threshold.md
[B3] rounds: 7393 (total words per round >= 30)
[B3] words length 3: total=149345 distinct=757
[B3] words length 4: total=178376 distinct=2053
[B3] words length 5: total=122758 distinct=5195
[B3] words length 6: total=37801 distinct=4581
[B3] words length 7: total=14571 distinct=3912
[B3] words length 8: total=7393 distinct=7393
[B3] words per round: min=30 max=268 mean=69.02
[B3] id collisions over all candidates: 45
[B3]   id collision: asabilme <- ASABİLME, AŞABİLME
[B3]   id collision: asilanis <- ASILANIŞ, AŞILANIŞ
[B3]   id collision: asilanma <- ASILANMA, AŞILANMA
[B3]   id collision: asiverme <- ASIVERME, AŞIVERME
[B3]   id collision: astirmak <- ASTIRMAK, AŞTIRMAK
[B3]   id collision: bahsedis <- BAHSEDİŞ, BAHŞEDİŞ
[B3]   id collision: bahsetme <- BAHSETME, BAHŞETME
[B3]   id collision: beslemek <- BESLEMEK, BEŞLEMEK
[B3]   id collision: bicirgan <- BICIRGAN, BIÇIRGAN
[B3]   id collision: burgusuz <- BURGUSUZ, BÜRGÜSÜZ
[B3]   id collision: estirmek <- ESTİRMEK, EŞTİRMEK
[B3]   id collision: fislamak <- FISLAMAK, FIŞLAMAK
[B3]   id collision: hafizali <- HAFIZALI, HAFIZALİ
[B3]   id collision: kasinmak <- KASINMAK, KAŞINMAK
[B3]   id collision: kopuksuz <- KOPUKSUZ, KÖPÜKSÜZ
[B3]   id collision: kusursuz <- KUSURSUZ, KÜSURSUZ
[B3]   id collision: kinlilik <- KINLILIK, KİNLİLİK
[B3]   id collision: munakasa <- MÜNAKASA, MÜNAKAŞA
[B3]   id collision: mutevazi <- MÜTEVAZI, MÜTEVAZİ
[B3]   id collision: nakislik <- NAKISLIK, NAKIŞLIK
[B3]   id collision: sadiklik <- SADIKLIK, SADİKLİK
[B3]   id collision: suratsiz <- SURATSIZ, SÜRATSİZ
[B3]   id collision: sinirsiz <- SINIRSIZ, SİNİRSİZ
[B3]   id collision: taharrus <- TAHARRÜS, TAHARRÜŞ
[B3]   id collision: taslamak <- TASLAMAK, TAŞLAMAK
[B3]   id collision: taslatma <- TASLATMA, TAŞLATMA
[B3]   id collision: tutturus <- TUTTURUŞ, TÜTTÜRÜŞ
[B3]   id collision: yaslanis <- YASLANIŞ, YAŞLANIŞ
[B3]   id collision: yaslanma <- YASLANMA, YAŞLANMA
[B3]   id collision: yaslilik <- YASLILIK, YAŞLILIK
[B3]   id collision: olgunluk <- OLGUNLUK, ÖLGÜNLÜK
[B3]   id collision: olmusluk <- OLMUŞLUK, ÖLMÜŞLÜK
[B3]   id collision: oluverme <- OLUVERME, ÖLÜVERME
[B3]   id collision: islenmek <- İSLENMEK, İŞLENMEK
[B3]   id collision: issizlik <- ISSIZLIK, İŞSİZLİK
[B3]   id collision: saklamak <- SAKLAMAK, ŞAKLAMAK
[B3]   id collision: saklatma <- SAKLATMA, ŞAKLATMA
[B3]   id collision: saklayis <- SAKLAYIŞ, ŞAKLAYIŞ
[B3]   id collision: samanlik <- SAMANLIK, ŞAMANLIK
[B3]   id collision: saplamak <- SAPLAMAK, ŞAPLAMAK
[B3]   id collision: saplatma <- SAPLATMA, ŞAPLATMA
[B3]   id collision: siklasma <- SIKLAŞMA, ŞIKLAŞMA
[B3]   id collision: sirlamak <- SIRLAMAK, ŞIRLAMAK
[B3]   id collision: sislemek <- SİSLEMEK, ŞİŞLEMEK
[B3]   id collision: sislenme <- SİSLENME, ŞİŞLENME
[B3] id collisions within the bank: 33
[B3]   bank id collision: asabilme <- ASABİLME, AŞABİLME
[B3]   bank id collision: asilanma <- ASILANMA, AŞILANMA
[B3]   bank id collision: asiverme <- ASIVERME, AŞIVERME
[B3]   bank id collision: astirmak <- ASTIRMAK, AŞTIRMAK
[B3]   bank id collision: bahsedis <- BAHSEDİŞ, BAHŞEDİŞ
[B3]   bank id collision: bahsetme <- BAHSETME, BAHŞETME
[B3]   bank id collision: beslemek <- BESLEMEK, BEŞLEMEK
[B3]   bank id collision: estirmek <- ESTİRMEK, EŞTİRMEK
[B3]   bank id collision: fislamak <- FISLAMAK, FIŞLAMAK
[B3]   bank id collision: hafizali <- HAFIZALI, HAFIZALİ
[B3]   bank id collision: kasinmak <- KASINMAK, KAŞINMAK
[B3]   bank id collision: munakasa <- MÜNAKASA, MÜNAKAŞA
[B3]   bank id collision: mutevazi <- MÜTEVAZI, MÜTEVAZİ
[B3]   bank id collision: nakislik <- NAKISLIK, NAKIŞLIK
[B3]   bank id collision: sadiklik <- SADIKLIK, SADİKLİK
[B3]   bank id collision: suratsiz <- SURATSIZ, SÜRATSİZ
[B3]   bank id collision: taharrus <- TAHARRÜS, TAHARRÜŞ
[B3]   bank id collision: taslamak <- TASLAMAK, TAŞLAMAK
[B3]   bank id collision: taslatma <- TASLATMA, TAŞLATMA
[B3]   bank id collision: yaslanis <- YASLANIŞ, YAŞLANIŞ
[B3]   bank id collision: yaslanma <- YASLANMA, YAŞLANMA
[B3]   bank id collision: yaslilik <- YASLILIK, YAŞLILIK
[B3]   bank id collision: islenmek <- İSLENMEK, İŞLENMEK
[B3]   bank id collision: saklamak <- SAKLAMAK, ŞAKLAMAK
[B3]   bank id collision: saklatma <- SAKLATMA, ŞAKLATMA
[B3]   bank id collision: saklayis <- SAKLAYIŞ, ŞAKLAYIŞ
[B3]   bank id collision: samanlik <- SAMANLIK, ŞAMANLIK
[B3]   bank id collision: saplamak <- SAPLAMAK, ŞAPLAMAK
[B3]   bank id collision: saplatma <- SAPLATMA, ŞAPLATMA
[B3]   bank id collision: siklasma <- SIKLAŞMA, ŞIKLAŞMA
[B3]   bank id collision: sirlamak <- SIRLAMAK, ŞIRLAMAK
[B3]   bank id collision: sislemek <- SİSLEMEK, ŞİŞLEMEK
[B3]   bank id collision: sislenme <- SİSLENME, ŞİŞLENME
[B3] output: src/data/rounds.json (12257523 bytes, sha256=7e4e149b3862b3f5ab77f755e8a8ae4215c2c8568a8ad30ee2311384b14b9a96)
T10 run 1 sha256=7e4e149b3862b3f5ab77f755e8a8ae4215c2c8568a8ad30ee2311384b14b9a96
T10 run 2 sha256=7e4e149b3862b3f5ab77f755e8a8ae4215c2c8568a8ad30ee2311384b14b9a96
T10 recorded  sha256=7e4e149b3862b3f5ab77f755e8a8ae4215c2c8568a8ad30ee2311384b14b9a96
T10 PASS: identical SHA-256 across the two rebuilds and the committed artifact
===== [verify-all] idempotency (T10): PASS (exit 0) =====

===== [verify-all] STEP: cross-consistency (T04/T05) =====
$ step_cross_consistency
--- T04: npm test -- constants

> kelimator-2012@0.0.0 test
> vitest run constants


[1m[30m[46m RUN [49m[39m[22m [36mv5.0.2 [39m[90m/home/dev/kelimator-2012[39m

 [32m✓[39m tests/constants.test.mjs [2m([22m[2m3 tests[22m[2m)[22m[32m 2[2mms[22m[39m

[2m Test Files [22m [1m[32m1 passed[39m[22m[90m (1)[39m
[2m      Tests [22m [1m[32m3 passed[39m[22m[90m (3)[39m
[2m   Start at [22m 06:29:08
[2m   Duration [22m 78ms[2m (transform 49%, import 29%, tests 12%, worker 9%)[22m

--- T05: npm test -- audio (amended command, docs/07 §1)

> kelimator-2012@0.0.0 test
> vitest run audio


[1m[30m[46m RUN [49m[39m[22m [36mv5.0.2 [39m[90m/home/dev/kelimator-2012[39m

 [32m✓[39m tests/audio.test.ts [2m([22m[2m17 tests[22m[2m)[22m[32m 7[2mms[22m[39m

[2m Test Files [22m [1m[32m1 passed[39m[22m[90m (1)[39m
[2m      Tests [22m [1m[32m17 passed[39m[22m[90m (17)[39m
[2m   Start at [22m 06:29:09
[2m   Duration [22m 110ms[2m (transform 65%, import 16%, tests 15%, worker 4%)[22m

T04/T05 PASS: constants and sound-map cross-consistency green
===== [verify-all] cross-consistency (T04/T05): PASS (exit 0) =====

===== [verify-all] STEP: visual (T11) =====
$ npm run e2e -- visual

> kelimator-2012@0.0.0 e2e
> playwright test visual


Running 18 tests using 1 worker

E2 S1 dsf1: raw=0.018477272727272728 (1.848%), tolerant=0.0006227272727272727 (0.062%), mismatchedPixels=4065/220000, tolerantMismatchedPixels=137, ignoredPixels=0, pass=true
  ✓   1 [app] › tests/e2e/visual.spec.ts:199:7 › E2 visual states — deviceScaleFactor 1 › S1 S1-boot matches the C3 reference (1.2s)
E2 S2 dsf1: raw=0.025154545454545454 (2.515%), tolerant=0.0060227272727272725 (0.602%), mismatchedPixels=5534/220000, tolerantMismatchedPixels=1325, ignoredPixels=68023, pass=true
  ✓   2 [app] › tests/e2e/visual.spec.ts:199:7 › E2 visual states — deviceScaleFactor 1 › S2 S2-idle-board matches the C3 reference (950ms)
E2 S3 dsf1: raw=0.02516818181818182 (2.517%), tolerant=0.0060272727272727275 (0.603%), mismatchedPixels=5537/220000, tolerantMismatchedPixels=1326, ignoredPixels=68023, pass=true
  ✓   3 [app] › tests/e2e/visual.spec.ts:199:7 › E2 visual states — deviceScaleFactor 1 › S3 S3-scrambled matches the C3 reference (980ms)
E2 S4 dsf1: raw=0.0372 (3.720%), tolerant=0.00890909090909091 (0.891%), mismatchedPixels=8184/220000, tolerantMismatchedPixels=1960, ignoredPixels=68023, pass=true
  ✓   4 [app] › tests/e2e/visual.spec.ts:199:7 › E2 visual states — deviceScaleFactor 1 › S4 S4-partial-entry matches the C3 reference (982ms)
E2 S5 dsf1: raw=0.025936363636363636 (2.594%), tolerant=0.00605 (0.605%), mismatchedPixels=5706/220000, tolerantMismatchedPixels=1331, ignoredPixels=68023, pass=true
  ✓   5 [app] › tests/e2e/visual.spec.ts:199:7 › E2 visual states — deviceScaleFactor 1 › S5 S5-valid-word matches the C3 reference (1.0s)
E2 S6 dsf1: raw=0.03726818181818182 (3.727%), tolerant=0.008304545454545455 (0.830%), mismatchedPixels=8199/220000, tolerantMismatchedPixels=1827, ignoredPixels=68023, pass=true
  ✓   6 [app] › tests/e2e/visual.spec.ts:199:7 › E2 visual states — deviceScaleFactor 1 › S6 S6-invalid-word matches the C3 reference (941ms)
E2 S7 dsf1: raw=0.0273 (2.730%), tolerant=0.006072727272727273 (0.607%), mismatchedPixels=6006/220000, tolerantMismatchedPixels=1336, ignoredPixels=68023, pass=true
  ✓   7 [app] › tests/e2e/visual.spec.ts:199:7 › E2 visual states — deviceScaleFactor 1 › S7 S7-bonus-word matches the C3 reference (972ms)
E2 S10 dsf1: raw=0.028463636363636365 (2.846%), tolerant=0.005613636363636364 (0.561%), mismatchedPixels=6262/220000, tolerantMismatchedPixels=1235, ignoredPixels=68023, pass=true
  ✓   8 [app] › tests/e2e/visual.spec.ts:199:7 › E2 visual states — deviceScaleFactor 1 › S10 S10-next-round matches the C3 reference (927ms)
E2 S1 dsf2: raw=0.014513636363636364 (1.451%), tolerant=0.0001534090909090909 (0.015%), mismatchedPixels=12772/880000, tolerantMismatchedPixels=135, ignoredPixels=0, pass=true
  ✓   9 [app] › tests/e2e/visual.spec.ts:199:7 › E2 visual states — deviceScaleFactor 2 › S1 S1-boot matches the C3 reference (777ms)
E2 S2 dsf2: raw=0.025139772727272726 (2.514%), tolerant=0.001703409090909091 (0.170%), mismatchedPixels=22123/880000, tolerantMismatchedPixels=1499, ignoredPixels=272092, pass=true
  ✓  10 [app] › tests/e2e/visual.spec.ts:199:7 › E2 visual states — deviceScaleFactor 2 › S2 S2-idle-board matches the C3 reference (1.1s)
E2 S3 dsf2: raw=0.025192045454545453 (2.519%), tolerant=0.001696590909090909 (0.170%), mismatchedPixels=22169/880000, tolerantMismatchedPixels=1493, ignoredPixels=272092, pass=true
  ✓  11 [app] › tests/e2e/visual.spec.ts:199:7 › E2 visual states — deviceScaleFactor 2 › S3 S3-scrambled matches the C3 reference (1.1s)
E2 S4 dsf2: raw=0.03451704545454545 (3.452%), tolerant=0.006345454545454546 (0.635%), mismatchedPixels=30375/880000, tolerantMismatchedPixels=5584, ignoredPixels=272092, pass=true
  ✓  12 [app] › tests/e2e/visual.spec.ts:199:7 › E2 visual states — deviceScaleFactor 2 › S4 S4-partial-entry matches the C3 reference (1.1s)
E2 S5 dsf2: raw=0.026013636363636364 (2.601%), tolerant=0.001815909090909091 (0.182%), mismatchedPixels=22892/880000, tolerantMismatchedPixels=1598, ignoredPixels=272092, pass=true
  ✓  13 [app] › tests/e2e/visual.spec.ts:199:7 › E2 visual states — deviceScaleFactor 2 › S5 S5-valid-word matches the C3 reference (1.1s)
E2 S6 dsf2: raw=0.035326136363636365 (3.533%), tolerant=0.006619318181818182 (0.662%), mismatchedPixels=31087/880000, tolerantMismatchedPixels=5825, ignoredPixels=272092, pass=true
  ✓  14 [app] › tests/e2e/visual.spec.ts:199:7 › E2 visual states — deviceScaleFactor 2 › S6 S6-invalid-word matches the C3 reference (1.1s)
E2 S7 dsf2: raw=0.027104545454545454 (2.710%), tolerant=0.0018715909090909091 (0.187%), mismatchedPixels=23852/880000, tolerantMismatchedPixels=1647, ignoredPixels=272092, pass=true
  ✓  15 [app] › tests/e2e/visual.spec.ts:199:7 › E2 visual states — deviceScaleFactor 2 › S7 S7-bonus-word matches the C3 reference (1.1s)
E2 S10 dsf2: raw=0.028567045454545456 (2.857%), tolerant=0.002702272727272727 (0.270%), mismatchedPixels=25139/880000, tolerantMismatchedPixels=2378, ignoredPixels=272092, pass=true
  ✓  16 [app] › tests/e2e/visual.spec.ts:199:7 › E2 visual states — deviceScaleFactor 2 › S10 S10-next-round matches the C3 reference (1.1s)
  ✓  17 [app] › tests/e2e/visual.spec.ts:299:3 › E2 V7 layout cross-consistency › rendered boxes and text styles equal src/data/layout.json (660ms)
  ✓  18 [app] › tests/e2e/visual.spec.ts:372:3 › Y2 credit omission › credit_line and credit_site are absent from the rendered board (586ms)

  18 passed (18.3s)
===== [verify-all] visual (T11): PASS (exit 0) =====

===== [verify-all] STEP: animation (T12) =====
$ npm run e2e -- animation

> kelimator-2012@0.0.0 e2e
> playwright test animation


Running 8 tests using 1 worker

  ✓  1 [app] › tests/e2e/animations/animations.spec.ts:222:3 › E3 V2 — animation timings equal the catalog › code durations/keyframes equal data/animation.json (767ms)
  ✓  2 [app] › tests/e2e/animations/animations.spec.ts:283:3 › E3 V7 — animation triggers › trigger names come from D5 lifecycle events and D4 audio events (591ms)
  ✓  3 [app] › tests/e2e/animations/animations.spec.ts:338:3 › E3 V7 — animation triggers › entry change starts the wordball slide and delete slides it out (2.7s)
E3 board @ 0.0s: raw=3.158% (6948/220000 px), tolerant=0.615% (1354 px), ignoredPixels=68023, pass=true
  ✓  4 [app] › tests/e2e/animations/animations.spec.ts:370:5 › E3 V5 — animation keyframes › board @ 0.0 s matches the reference capture (1.9s)
E3 sprite_wordball_timeline @ 0.25s: raw=3.659% (8050/220000 px), tolerant=0.974% (2142 px), ignoredPixels=68023, pass=true
  ✓  5 [app] › tests/e2e/animations/animations.spec.ts:370:5 › E3 V5 — animation keyframes › sprite_wordball_timeline @ 0.25 s matches the reference capture (2.1s)
E3 sprite_wordball_timeline @ 0.5278s: raw=3.434% (7554/220000 px), tolerant=0.693% (1524 px), ignoredPixels=68023, pass=true
  ✓  6 [app] › tests/e2e/animations/animations.spec.ts:370:5 › E3 V5 — animation keyframes › sprite_wordball_timeline @ 0.5278 s matches the reference capture (2.4s)
E3 sprite_wordball_timeline @ 0.8056s: raw=3.434% (7554/220000 px), tolerant=0.693% (1524 px), ignoredPixels=68023, pass=true
  ✓  7 [app] › tests/e2e/animations/animations.spec.ts:370:5 › E3 V5 — animation keyframes › sprite_wordball_timeline @ 0.8056 s matches the reference capture (2.7s)
E3 sprite_wordball_timeline @ 1.0556s: raw=3.434% (7554/220000 px), tolerant=0.693% (1524 px), ignoredPixels=68023, pass=true
  ✓  8 [app] › tests/e2e/animations/animations.spec.ts:370:5 › E3 V5 — animation keyframes › sprite_wordball_timeline @ 1.0556 s matches the reference capture (2.9s)

  8 passed (16.6s)
===== [verify-all] animation (T12): PASS (exit 0) =====

===== [verify-all] STEP: playthrough (T13) =====
$ npm run e2e -- playthrough

> kelimator-2012@0.0.0 e2e
> playwright test playthrough


Running 3 tests using 2 workers

F2 00-selected: raw=2.520% tolerant=0.602% ignoredPixels=68023 pass=true stable=true
F2 01-invalid: raw=3.665% tolerant=0.859% ignoredPixels=68023 pass=true stable=true
F2 02-invalid-cleared: raw=2.516% tolerant=0.603% ignoredPixels=68023 pass=true stable=true
F2 03-valid-FAL: raw=2.595% tolerant=0.605% ignoredPixels=68023 pass=true stable=true
F2 04-duplicate-FAL: raw=3.884% tolerant=0.872% ignoredPixels=68023 pass=true stable=true
F2 05-duplicate-cleared: raw=2.601% tolerant=0.605% ignoredPixels=68023 pass=true stable=true
F2 06-valid: raw=2.692% tolerant=0.610% ignoredPixels=68023 pass=true stable=true
F2 07-valid: raw=2.767% tolerant=0.614% ignoredPixels=68023 pass=true stable=true
F2 08-valid: raw=2.848% tolerant=0.618% ignoredPixels=68023 pass=true stable=true
F2 09-valid: raw=2.923% tolerant=0.617% ignoredPixels=68023 pass=true stable=true
  ✓  1 [app] › tests/e2e/playthrough/playthrough:basic.spec.ts:207:3 › D5 basic playthrough › FİNALİZM: scripted submissions fill every listed slot and complete (33.3s)
F2 10-valid: raw=2.995% tolerant=0.620% ignoredPixels=68023 pass=true stable=true
F2 11-valid: raw=3.056% tolerant=0.622% ignoredPixels=68023 pass=true stable=true
F2 12-valid: raw=3.153% tolerant=0.624% ignoredPixels=68023 pass=true stable=true
F2 13-valid: raw=3.210% tolerant=0.620% ignoredPixels=68023 pass=true stable=true
F2 14-valid: raw=3.291% tolerant=0.624% ignoredPixels=68023 pass=true stable=true
F2 15-valid: raw=3.405% tolerant=0.630% ignoredPixels=68023 pass=true stable=true
F2 16-valid: raw=3.520% tolerant=0.634% ignoredPixels=68023 pass=true stable=true
F2 17-valid: raw=3.638% tolerant=0.640% ignoredPixels=68023 pass=true stable=true
F2 18-valid: raw=3.739% tolerant=0.644% ignoredPixels=68023 pass=true stable=true
F2 19-bonus-word: raw=3.885% tolerant=0.648% ignoredPixels=68023 pass=true stable=true
F2 20-valid: raw=3.970% tolerant=0.651% ignoredPixels=68023 pass=true stable=true
F2 21-valid: raw=4.077% tolerant=0.655% ignoredPixels=68023 pass=true stable=true
F2 22-valid: raw=4.195% tolerant=0.656% ignoredPixels=68023 pass=true stable=true
F2 23-valid: raw=4.296% tolerant=0.660% ignoredPixels=68023 pass=true stable=true
F2 24-valid: raw=4.404% tolerant=0.660% ignoredPixels=68023 pass=true stable=true
F2 25-valid: raw=4.519% tolerant=0.663% ignoredPixels=68023 pass=true stable=true
F2 26-valid: raw=4.665% tolerant=0.674% ignoredPixels=68023 pass=true stable=true
F2 27-valid: raw=4.787% tolerant=0.679% ignoredPixels=68023 pass=true stable=true
F2 28-valid: raw=4.915% tolerant=0.683% ignoredPixels=68023 pass=true stable=true
F2 29-valid: raw=5.037% tolerant=0.683% ignoredPixels=68023 pass=true stable=true
F2 30-valid: raw=5.184% tolerant=0.687% ignoredPixels=68023 pass=true stable=true
F2 31-valid: raw=5.313% tolerant=0.678% ignoredPixels=68023 pass=true stable=true
F2 32-valid: raw=5.447% tolerant=0.688% ignoredPixels=68023 pass=true stable=true
F2 33-valid: raw=5.564% tolerant=0.690% ignoredPixels=68023 pass=true stable=true
F2 34-valid: raw=5.690% tolerant=0.691% ignoredPixels=68023 pass=true stable=true
F2 35-valid: raw=5.857% tolerant=0.696% ignoredPixels=68023 pass=true stable=true
F2 36-valid: raw=5.995% tolerant=0.696% ignoredPixels=68023 pass=true stable=true
F2 37-valid: raw=6.156% tolerant=0.698% ignoredPixels=68023 pass=true stable=true
F2 38-valid: raw=6.315% tolerant=0.701% ignoredPixels=68023 pass=true stable=true
F2 playthrough: 40 steps, worst tolerant ratio 0.872%
  ✓  2 [app] › tests/e2e/playthrough/playthrough.spec.ts:618:3 › F2 scripted playthrough › FİNALİZM: every step matches the docs/07 oracle and the reference capture (1.7m)
F2 timeout: raw=6.207% tolerant=0.511% ignoredPixels=68023 pass=true appWaitMs=200390 stable=true
  ✓  3 [app] › tests/e2e/playthrough/playthrough.spec.ts:925:3 › F2 S9 timeout variant › FİNALİZM: the clock is waited out and the timeout state matches the reference (3.4m)

  Slow test file: [app] › tests/e2e/playthrough/playthrough.spec.ts (5.1m)
  Consider running tests from slow files in parallel. See: https://playwright.dev/docs/test-parallel
  3 passed (5.1m)
===== [verify-all] playthrough (T13): PASS (exit 0) =====

===== [verify-all] STEP: offline (T14) =====
$ npm run e2e -- offline

> kelimator-2012@0.0.0 e2e
> playwright test offline


Running 1 test using 1 worker

[T14] dist: 18 files, index.html sha256=fe369ccadf6f7275350675164cff4e9d884d7a7a83238ee3a8c689318afefb56
[T14] requests: 10 observed, 0 non-local attempts
[T14] boot: state=playing roundId=abacilik tiles=8
[T14] interaction: tile 0 "C" → entry "C" → backspace → ""
[T14] PASS — zero non-local requests; app functional offline
[T14] report: {
  "schemaVersion": 1,
  "task": "F3/T14 runtime offline",
  "generatedAt": "2026-09-30T03:35:01.610Z",
  "build": {
    "command": "npm run build",
    "exitCode": 0,
    "durationMs": 2686,
    "distFiles": 18,
    "indexHtmlSha256": "fe369ccadf6f7275350675164cff4e9d884d7a7a83238ee3a8c689318afefb56"
  },
  "preview": {
    "command": "node_modules/.bin/vite preview --host 127.0.0.1 --port 5288 --strictPort",
    "url": "http://127.0.0.1:5288/",
    "readyMs": 267
  },
  "requests": {
    "observed": 10,
    "local": 10,
    "nonLocalAttempts": [],
    "byResourceType": {
      "document": 1,
      "script": 1,
      "image": 7,
      "media": 1
    }
  },
  "boot": {
    "state": "playing",
    "roundId": "abacilik",
    "boardVisible": true,
    "tileLetters": 8
  },
  "interaction": {
    "tile": 0,
    "letter": "C",
    "entryAfterClick": "C",
    "entryAfterDelete": ""
  },
  "pageErrors": [],
  "result": "PASS"
}
  ✓  1 [app] › tests/e2e/offline/offline.spec.ts:124:3 › T14 runtime offline (served dist/) › boots, interacts, and attempts zero non-local requests (7.7s)

  1 passed (8.3s)
===== [verify-all] offline (T14): PASS (exit 0) =====

===== [verify-all] STEP: frozen evidence check =====
$ step_frozen_evidence
evidence/ changed entries: 30 (expected 0)
FAIL: evidence/ was modified during the gate run:
?? evidence/Y10-celebration.md
?? evidence/logs/Y10-artifact-hashes.log
?? evidence/logs/Y10-build.log
?? evidence/logs/Y10-e2e-animation.log
?? evidence/logs/Y10-e2e-celebration-iter1.log
?? evidence/logs/Y10-e2e-celebration-keyframes-iter2.log
?? evidence/logs/Y10-e2e-celebration-recorded.log
?? evidence/logs/Y10-e2e-celebration-state-iter1.log
?? evidence/logs/Y10-e2e-controls.log
?? evidence/logs/Y10-e2e-interaction.log
?? evidence/logs/Y10-e2e-intro.log
?? evidence/logs/Y10-e2e-offline.log
?? evidence/logs/Y10-e2e-playthrough.log
?? evidence/logs/Y10-e2e-smoke.log
?? evidence/logs/Y10-e2e-speaker.log
?? evidence/logs/Y10-e2e-status.log
?? evidence/logs/Y10-e2e-timeout.log
?? evidence/logs/Y10-e2e-visual.log
?? evidence/logs/Y10-lint-iter1.log
?? evidence/logs/Y10-lint-iter2.log
?? evidence/logs/Y10-lint.log
?? evidence/logs/Y10-reference-capture-dsf1.log
?? evidence/logs/Y10-reference-capture-dsf2.log
?? evidence/logs/Y10-reference-capture.log
?? evidence/logs/Y10-svg-process.log
?? evidence/logs/Y10-test-full.log
?? evidence/logs/Y10-test-iter1.log
?? evidence/logs/Y10-verify-all.log
?? evidence/logs/Y10-win-series.json
?? evidence/visual/Y10/
===== [verify-all] frozen evidence check: FAIL (exit 1) =====

########## [verify-all] SUMMARY ##########
  PASS exit=0  lint
  PASS exit=0  unit/integration (npm test)
  PASS exit=0  schema validations (T06)
  PASS exit=0  fixtures (T07)
  PASS exit=0  idempotency (T10)
  PASS exit=0  cross-consistency (T04/T05)
  PASS exit=0  visual (T11)
  PASS exit=0  animation (T12)
  PASS exit=0  playthrough (T13)
  PASS exit=0  offline (T14)
  FAIL exit=1  frozen evidence check
steps: 11  failures: 1
finished: 2026-09-30T03:35:01Z
transcript: artifacts/verify-all/F3-verify-all.log (transient; copy to evidence/logs/F3-verify-all.log for the committed run log)
RESULT: FAIL
