[process-assets] svg s1_intro_backdrop.svg: 1662 -> 1503 bytes, ink=220800, mismatchedPixels=0
[process-assets] svg s3_logo_ornament.svg: 833 -> 728 bytes, ink=775, mismatchedPixels=0
[process-assets] svg s5_intro_sky.svg: 1009 -> 870 bytes, ink=132655, mismatchedPixels=0
[process-assets] svg s6_intro_ground.svg: 456 -> 316 bytes, ink=88320, mismatchedPixels=0
[process-assets] svg s8_intro_layer3.svg: 991 -> 855 bytes, ink=88160, mismatchedPixels=0
[process-assets] svg s12_preloader_progress.svg: 1412 -> 1228 bytes, ink=1206, mismatchedPixels=0
[process-assets] svg s20_intro_glow.svg: 972 -> 807 bytes, ink=6785, mismatchedPixels=0
[process-assets] svg s21_clip_timerr.svg: 308 -> 147 bytes, ink=0, mismatchedPixels=0
[process-assets] svg s23_clip_enter.svg: 308 -> 147 bytes, ink=0, mismatchedPixels=0
[process-assets] svg s25_clip_shuffle.svg: 308 -> 147 bytes, ink=0, mismatchedPixels=0
[process-assets] svg s27_clip_countdown.svg: 308 -> 147 bytes, ink=0, mismatchedPixels=0
[process-assets] svg s29_intro_logo.svg: 17464 -> 16134 bytes, ink=20213, mismatchedPixels=0
[process-assets] svg s31_clip_boing.svg: 308 -> 147 bytes, ink=0, mismatchedPixels=0
[process-assets] svg s33_clip_fanfare.svg: 308 -> 147 bytes, ink=0, mismatchedPixels=0
[process-assets] svg s35_clip_finishsound.svg: 308 -> 147 bytes, ink=0, mismatchedPixels=0
[process-assets] svg s37_clip_typer.svg: 308 -> 147 bytes, ink=0, mismatchedPixels=0
[process-assets] svg s39_clip_backspace.svg: 308 -> 147 bytes, ink=0, mismatchedPixels=0
[process-assets] svg s41_clip_buzz.svg: 308 -> 147 bytes, ink=0, mismatchedPixels=0
[process-assets] svg s46_wordball.svg: 3602 -> 3312 bytes, ink=0, mismatchedPixels=0
[process-assets] svg s48_board_backdrop.svg: 693201 -> 693116 bytes, ink=219999, mismatchedPixels=0
[process-assets] svg s58_letter_tile.svg: 39719 -> 34893 bytes, ink=5478, mismatchedPixels=0
[process-assets] svg s63_btn_kbuton.svg: 4936 -> 4507 bytes, ink=1219, mismatchedPixels=0
[process-assets] svg s65_btn_ebuton.svg: 2744 -> 2425 bytes, ink=1277, mismatchedPixels=0
[process-assets] svg s67_tile_socket.svg: 10941 -> 10189 bytes, ink=3529, mismatchedPixels=0
[process-assets] svg s71_btn_ybuton.svg: 4792 -> 4332 bytes, ink=1575, mismatchedPixels=0
[process-assets] svg s76_timer_bar.svg: 1928 -> 1743 bytes, ink=2153, mismatchedPixels=0
[process-assets] svg s84_loading_banner.svg: 14376 -> 12657 bytes, ink=34253, mismatchedPixels=0
[process-assets] svg s90_btn_speaker.svg: 14444 -> 14276 bytes, ink=582, mismatchedPixels=0
[process-assets] svg s97_credit_line.svg: 14348 -> 11933 bytes, ink=1645, mismatchedPixels=0
[process-assets] svg s103_credit_site.svg: 14090 -> 11679 bytes, ink=1587, mismatchedPixels=0
[process-assets] svg s105_btn_sbuton.svg: 2622 -> 2346 bytes, ink=1312, mismatchedPixels=0
[process-assets] svg s108_btn_top10.svg: 4154 -> 3792 bytes, ink=1615, mismatchedPixels=0
[process-assets] svg s111_score_feedback.svg: 471 -> 393 bytes, ink=0, mismatchedPixels=0
[process-assets] svg s123_status_ball.svg: 5961 -> 5415 bytes, ink=1032, mismatchedPixels=0
[process-assets] svg s166_hiscore_form.svg: 27668 -> 22911 bytes, ink=49397, mismatchedPixels=0
[process-assets] svg s170_bottom_marquee.svg: 478 -> 400 bytes, ink=0, mismatchedPixels=0
[process-assets] svg s123_status_ball_f2.svg: 6002 -> 5546 bytes, ink=1036, mismatchedPixels=0
[process-assets] svg s123_status_ball_f3.svg: 5995 -> 5554 bytes, ink=1036, mismatchedPixels=0
[process-assets] svg s168_havai_spark.svg: 809 -> 711 bytes, ink=38, mismatchedPixels=0
[process-assets] svg done: 36 layout + 2 status-ball frames + 1 win assets, 0 mismatched pixels, 888354 -> 864230 bytes, 23 non-blank renders
