
> kelimator-2012@0.0.0 e2e
> playwright test playthrough --reporter=line


Running 3 tests using 2 workers

[1/3] [app] › tests/e2e/playthrough/playthrough:basic.spec.ts:207:3 › D5 basic playthrough › FİNALİZM: scripted submissions fill every listed slot and complete
[2/3] [app] › tests/e2e/playthrough/playthrough.spec.ts:616:3 › F2 scripted playthrough › FİNALİZM: every step matches the docs/07 oracle and the reference capture
[app] › tests/e2e/playthrough/playthrough.spec.ts:616:3 › F2 scripted playthrough › FİNALİZM: every step matches the docs/07 oracle and the reference capture
F2 00-selected: raw=2.682% tolerant=0.658% ignoredPixels=65930 pass=true stable=true

F2 01-invalid: raw=3.827% tolerant=0.915% ignoredPixels=65930 pass=true stable=true

F2 02-invalid-cleared: raw=2.681% tolerant=0.658% ignoredPixels=65930 pass=true stable=true

F2 03-valid-FAL: raw=2.760% tolerant=0.660% ignoredPixels=65930 pass=true stable=true

F2 04-duplicate-FAL: raw=4.361% tolerant=1.273% ignoredPixels=65930 pass=true stable=true

F2 05-duplicate-cleared: raw=2.760% tolerant=0.660% ignoredPixels=65930 pass=true stable=true

F2 06-valid: raw=2.855% tolerant=0.665% ignoredPixels=65930 pass=true stable=true

F2 07-valid: raw=2.930% tolerant=0.669% ignoredPixels=65930 pass=true stable=true

F2 08-valid: raw=3.012% tolerant=0.673% ignoredPixels=65930 pass=true stable=true

F2 09-valid: raw=3.085% tolerant=0.673% ignoredPixels=65930 pass=true stable=true

F2 10-valid: raw=3.157% tolerant=0.675% ignoredPixels=65930 pass=true stable=true

F2 11-valid: raw=3.218% tolerant=0.678% ignoredPixels=65930 pass=true stable=true

F2 12-valid: raw=3.315% tolerant=0.680% ignoredPixels=65930 pass=true stable=true

F2 13-valid: raw=3.372% tolerant=0.676% ignoredPixels=65930 pass=true stable=true

F2 14-valid: raw=3.453% tolerant=0.680% ignoredPixels=65930 pass=true stable=true

F2 15-valid: raw=3.562% tolerant=0.687% ignoredPixels=65930 pass=true stable=true

F2 16-valid: raw=3.677% tolerant=0.690% ignoredPixels=65930 pass=true stable=true

F2 17-valid: raw=3.790% tolerant=0.696% ignoredPixels=65930 pass=true stable=true

F2 18-valid: raw=3.897% tolerant=0.700% ignoredPixels=65930 pass=true stable=true

F2 19-bonus-word: raw=4.047% tolerant=0.704% ignoredPixels=65930 pass=true stable=true

F2 20-valid: raw=4.126% tolerant=0.707% ignoredPixels=65930 pass=true stable=true

F2 21-valid: raw=4.234% tolerant=0.711% ignoredPixels=65930 pass=true stable=true

F2 22-valid: raw=4.362% tolerant=0.712% ignoredPixels=65930 pass=true stable=true

F2 23-valid: raw=4.463% tolerant=0.724% ignoredPixels=65930 pass=true stable=true

F2 24-valid: raw=4.571% tolerant=0.724% ignoredPixels=65930 pass=true stable=true

F2 25-valid: raw=4.681% tolerant=0.720% ignoredPixels=65930 pass=true stable=true

F2 26-valid: raw=4.826% tolerant=0.730% ignoredPixels=65930 pass=true stable=true

F2 27-valid: raw=4.951% tolerant=0.735% ignoredPixels=65930 pass=true stable=true

F2 28-valid: raw=5.077% tolerant=0.739% ignoredPixels=65930 pass=true stable=true

F2 29-valid: raw=5.198% tolerant=0.739% ignoredPixels=65930 pass=true stable=true

F2 30-valid: raw=5.344% tolerant=0.744% ignoredPixels=65930 pass=true stable=true

F2 31-valid: raw=5.481% tolerant=0.741% ignoredPixels=65930 pass=true stable=true

F2 32-valid: raw=5.614% tolerant=0.749% ignoredPixels=65930 pass=true stable=true

F2 33-valid: raw=5.732% tolerant=0.752% ignoredPixels=65930 pass=true stable=true

F2 34-valid: raw=5.856% tolerant=0.753% ignoredPixels=65930 pass=true stable=true

F2 35-valid: raw=6.023% tolerant=0.759% ignoredPixels=65930 pass=true stable=true

F2 36-valid: raw=6.165% tolerant=0.765% ignoredPixels=65930 pass=true stable=true

F2 37-valid: raw=6.333% tolerant=0.766% ignoredPixels=65930 pass=true stable=true

F2 38-valid: raw=6.485% tolerant=0.763% ignoredPixels=65930 pass=true stable=true

F2 playthrough: 40 steps, worst tolerant ratio 1.273%

[3/3] [app] › tests/e2e/playthrough/playthrough.spec.ts:918:3 › F2 S9 timeout variant › FİNALİZM: the clock is waited out and the timeout state matches the reference
[app] › tests/e2e/playthrough/playthrough.spec.ts:918:3 › F2 S9 timeout variant › FİNALİZM: the clock is waited out and the timeout state matches the reference
F2 timeout: raw=6.369% tolerant=0.567% ignoredPixels=65930 pass=true appWaitMs=200287 stable=true

  3 passed (4.9m)
