sha256 a5a840abdca472e96d07325b7b6281ad1b0ee22e13700dc64a377bc13da29c45 size 9086
{
 "webp": {
  "width": 168,
  "height": 232
 },
 "master": {
  "width": 168,
  "height": 232
 },
 "corners": {
  "webp": {
   "0,0": [
    0,
    0,
    0,
    0
   ],
   "167,0": [
    0,
    0,
    0,
    0
   ],
   "0,231": [
    0,
    0,
    0,
    0
   ],
   "167,231": [
    0,
    0,
    0,
    0
   ]
  },
  "master": {
   "0,0": [
    0,
    0,
    0,
    0
   ],
   "167,0": [
    0,
    0,
    0,
    0
   ],
   "0,231": [
    0,
    0,
    0,
    0
   ],
   "167,231": [
    0,
    0,
    0,
    0
   ]
  }
 },
 "stats": {
  "minA": 0,
  "maxA": 255,
  "transparent": 11014,
  "opaque": 21914,
  "meanDiffOpaque": 5.6883507921052,
  "over30": 70
 }
}
