
> kelimator-2012@0.0.0 e2e
> playwright test tests/e2e/speaker/corner-alpha.spec.ts


Running 2 tests using 1 worker

  ✘  1 [app] › tests/e2e/speaker/corner-alpha.spec.ts:75:5 › Y4 speaker-knob alpha (deviceScaleFactor 1) › the transparent knob corners render as background, not opaque black (1.4s)
  ✘  2 [app] › tests/e2e/speaker/corner-alpha.spec.ts:75:5 › Y4 speaker-knob alpha (deviceScaleFactor 2) › the transparent knob corners render as background, not opaque black (1.1s)


  1) [app] › tests/e2e/speaker/corner-alpha.spec.ts:75:5 › Y4 speaker-knob alpha (deviceScaleFactor 1) › the transparent knob corners render as background, not opaque black 

    Error: stage(517,369) = rgb(1,1,1) at dsf1 must not be opaque black

    expect(received).toBe(expected) // Object.is equality

    Expected: false
    Received: true

       97 |             const where = `stage(${px},${py}) = rgb(${r},${g},${b}) at dsf${dsf}`;
       98 |             // The defect: RGB payload → alpha-0 bitmap pixels paint opaque black.
    >  99 |             expect(isOpaqueBlack(r, g, b), `${where} must not be opaque black`).toBe(false);
          |                                                                                 ^
      100 |             // The measured post-fix background here is light (sum ≈ 600); the
      101 |             // defect renders sum ≈ 2. This upper guard catches a near-black
      102 |             // opaque regression that is not exactly 0,0,0.
        at /home/dev/kelimator-2012/tests/e2e/speaker/corner-alpha.spec.ts:99:81

    Error Context: test-results/tests-e2e-speaker-corner-a-d637d-background-not-opaque-black-app/error-context.md

  2) [app] › tests/e2e/speaker/corner-alpha.spec.ts:75:5 › Y4 speaker-knob alpha (deviceScaleFactor 2) › the transparent knob corners render as background, not opaque black 

    Error: stage(1034,738) = rgb(1,1,1) at dsf2 must not be opaque black

    expect(received).toBe(expected) // Object.is equality

    Expected: false
    Received: true

       97 |             const where = `stage(${px},${py}) = rgb(${r},${g},${b}) at dsf${dsf}`;
       98 |             // The defect: RGB payload → alpha-0 bitmap pixels paint opaque black.
    >  99 |             expect(isOpaqueBlack(r, g, b), `${where} must not be opaque black`).toBe(false);
          |                                                                                 ^
      100 |             // The measured post-fix background here is light (sum ≈ 600); the
      101 |             // defect renders sum ≈ 2. This upper guard catches a near-black
      102 |             // opaque regression that is not exactly 0,0,0.
        at /home/dev/kelimator-2012/tests/e2e/speaker/corner-alpha.spec.ts:99:81

    Error Context: test-results/tests-e2e-speaker-corner-a-133f0-background-not-opaque-black-app/error-context.md

  2 failed
    [app] › tests/e2e/speaker/corner-alpha.spec.ts:75:5 › Y4 speaker-knob alpha (deviceScaleFactor 1) › the transparent knob corners render as background, not opaque black 
    [app] › tests/e2e/speaker/corner-alpha.spec.ts:75:5 › Y4 speaker-knob alpha (deviceScaleFactor 2) › the transparent knob corners render as background, not opaque black 
