74cb5b105c7528115d816b89222ff8c64c46195dc83b301e77325974967a3a80  evidence/visual/E1-svgo/s103_credit_site/after.png
74cb5b105c7528115d816b89222ff8c64c46195dc83b301e77325974967a3a80  evidence/visual/E1-svgo/s103_credit_site/before.png
467546679d21ae3735e5e358d65de12b62627ec3b11e89ca667108fe830e9b52  evidence/visual/E1-svgo/s103_credit_site/report.json
2d67ff3b18990b9e506baa7fff069cce9980c344a7110bf8e15a3c316caea684  evidence/visual/E1-svgo/s105_btn_sbuton/after.png
2d67ff3b18990b9e506baa7fff069cce9980c344a7110bf8e15a3c316caea684  evidence/visual/E1-svgo/s105_btn_sbuton/before.png
72c1bc6f1ee92b15ac2facf81d73531809870ae52d2412539815a734c50a2570  evidence/visual/E1-svgo/s105_btn_sbuton/report.json
a983be6490c7c697d471a74bcd65aa6a2bb62e72ca37fe8d1d070d92fbe0b9f7  evidence/visual/E1-svgo/s108_btn_top10/after.png
a983be6490c7c697d471a74bcd65aa6a2bb62e72ca37fe8d1d070d92fbe0b9f7  evidence/visual/E1-svgo/s108_btn_top10/before.png
b452421d1bd2c5a9756bed490c0eb08ae5afca5903005635a620ca57fdc0cbe6  evidence/visual/E1-svgo/s108_btn_top10/report.json
b1bcd243de149cfd1252e25b6198175c328e6b2ed434a26184a370ed8f19a23f  evidence/visual/E1-svgo/s111_score_feedback/after.png
b1bcd243de149cfd1252e25b6198175c328e6b2ed434a26184a370ed8f19a23f  evidence/visual/E1-svgo/s111_score_feedback/before.png
a49a956575fafbdd90c2701b371c23c2f71ec832deda3f7b9be94bc63fcb0171  evidence/visual/E1-svgo/s111_score_feedback/report.json
fc7191db66fc75a2cca6a9f3adc7b6f544481eb31b2fa2b6d3684e3c355c782d  evidence/visual/E1-svgo/s123_status_ball/after.png
fc7191db66fc75a2cca6a9f3adc7b6f544481eb31b2fa2b6d3684e3c355c782d  evidence/visual/E1-svgo/s123_status_ball/before.png
bed99e250b500ebe57f553e59a1005005442768375459e8e47a731d6375598c3  evidence/visual/E1-svgo/s123_status_ball/report.json
0846cc3618c38cc94214875125a0b57d981f116638947b4259114ae3ecaf8a3d  evidence/visual/E1-svgo/s12_preloader_progress/after.png
0846cc3618c38cc94214875125a0b57d981f116638947b4259114ae3ecaf8a3d  evidence/visual/E1-svgo/s12_preloader_progress/before.png
bdc6e1ce427c069a954ca544ab86bd1f66f1e63a0b88950c95aa0807b80511aa  evidence/visual/E1-svgo/s12_preloader_progress/report.json
d60da7f3617b26f93cfeb50120b4706c269865fda5e1869fd7713ddf33a03d91  evidence/visual/E1-svgo/s166_hiscore_form/after.png
d60da7f3617b26f93cfeb50120b4706c269865fda5e1869fd7713ddf33a03d91  evidence/visual/E1-svgo/s166_hiscore_form/before.png
712c94d2478e1e7abf91213214d62c4c419a4c3298107bf1b348c428feb3d1ef  evidence/visual/E1-svgo/s166_hiscore_form/report.json
fcfe8914031f8c49dcbf14d8571556e9e501809606758e05b2514579e4bed3be  evidence/visual/E1-svgo/s170_bottom_marquee/after.png
fcfe8914031f8c49dcbf14d8571556e9e501809606758e05b2514579e4bed3be  evidence/visual/E1-svgo/s170_bottom_marquee/before.png
32110feb183705889dd7cde2e9b35a7c1572d0b14f6139550b9c7d5fca8e9e4c  evidence/visual/E1-svgo/s170_bottom_marquee/report.json
9a15c971c56ee8a7bb7f279ec925d346798b5e3ca15431fd6a4b58f7baa91f02  evidence/visual/E1-svgo/s1_intro_backdrop/after.png
9a15c971c56ee8a7bb7f279ec925d346798b5e3ca15431fd6a4b58f7baa91f02  evidence/visual/E1-svgo/s1_intro_backdrop/before.png
a58bfdcd12fec13bea975700975b9c756acc40e4dc26cda3b3487b1dd4b61ab6  evidence/visual/E1-svgo/s1_intro_backdrop/report.json
13a00af29824954f86dd30dc8f1271ac726522efd47320e94f3e7d9b08e8a7ba  evidence/visual/E1-svgo/s20_intro_glow/after.png
13a00af29824954f86dd30dc8f1271ac726522efd47320e94f3e7d9b08e8a7ba  evidence/visual/E1-svgo/s20_intro_glow/before.png
0ae0a049c7d079626ea66911e7a064cf1ab9aacded5350e42a7eec15dfa3f1db  evidence/visual/E1-svgo/s20_intro_glow/report.json
105f8e3b938821ba31292f629a130d0a05ba3c2e6412d5a39ef703954a3f1d39  evidence/visual/E1-svgo/s21_clip_timerr/after.png
105f8e3b938821ba31292f629a130d0a05ba3c2e6412d5a39ef703954a3f1d39  evidence/visual/E1-svgo/s21_clip_timerr/before.png
2a1abd19e555678812b7e8a4df819c829a68f85b5e5f0e6fd8cd6bc0fb516b70  evidence/visual/E1-svgo/s21_clip_timerr/report.json
105f8e3b938821ba31292f629a130d0a05ba3c2e6412d5a39ef703954a3f1d39  evidence/visual/E1-svgo/s23_clip_enter/after.png
105f8e3b938821ba31292f629a130d0a05ba3c2e6412d5a39ef703954a3f1d39  evidence/visual/E1-svgo/s23_clip_enter/before.png
2a1abd19e555678812b7e8a4df819c829a68f85b5e5f0e6fd8cd6bc0fb516b70  evidence/visual/E1-svgo/s23_clip_enter/report.json
105f8e3b938821ba31292f629a130d0a05ba3c2e6412d5a39ef703954a3f1d39  evidence/visual/E1-svgo/s25_clip_shuffle/after.png
105f8e3b938821ba31292f629a130d0a05ba3c2e6412d5a39ef703954a3f1d39  evidence/visual/E1-svgo/s25_clip_shuffle/before.png
2a1abd19e555678812b7e8a4df819c829a68f85b5e5f0e6fd8cd6bc0fb516b70  evidence/visual/E1-svgo/s25_clip_shuffle/report.json
105f8e3b938821ba31292f629a130d0a05ba3c2e6412d5a39ef703954a3f1d39  evidence/visual/E1-svgo/s27_clip_countdown/after.png
105f8e3b938821ba31292f629a130d0a05ba3c2e6412d5a39ef703954a3f1d39  evidence/visual/E1-svgo/s27_clip_countdown/before.png
2a1abd19e555678812b7e8a4df819c829a68f85b5e5f0e6fd8cd6bc0fb516b70  evidence/visual/E1-svgo/s27_clip_countdown/report.json
f44602bcf6584680986bf1c3e50af98fcda785bb7f7e6c261585ff777018530c  evidence/visual/E1-svgo/s29_intro_logo/after.png
f44602bcf6584680986bf1c3e50af98fcda785bb7f7e6c261585ff777018530c  evidence/visual/E1-svgo/s29_intro_logo/before.png
69e3a2f98532dba287815ac5fbaa7000bcb602a0c5e9e2b97f051c2bae085ad9  evidence/visual/E1-svgo/s29_intro_logo/report.json
105f8e3b938821ba31292f629a130d0a05ba3c2e6412d5a39ef703954a3f1d39  evidence/visual/E1-svgo/s31_clip_boing/after.png
105f8e3b938821ba31292f629a130d0a05ba3c2e6412d5a39ef703954a3f1d39  evidence/visual/E1-svgo/s31_clip_boing/before.png
2a1abd19e555678812b7e8a4df819c829a68f85b5e5f0e6fd8cd6bc0fb516b70  evidence/visual/E1-svgo/s31_clip_boing/report.json
105f8e3b938821ba31292f629a130d0a05ba3c2e6412d5a39ef703954a3f1d39  evidence/visual/E1-svgo/s33_clip_fanfare/after.png
105f8e3b938821ba31292f629a130d0a05ba3c2e6412d5a39ef703954a3f1d39  evidence/visual/E1-svgo/s33_clip_fanfare/before.png
2a1abd19e555678812b7e8a4df819c829a68f85b5e5f0e6fd8cd6bc0fb516b70  evidence/visual/E1-svgo/s33_clip_fanfare/report.json
105f8e3b938821ba31292f629a130d0a05ba3c2e6412d5a39ef703954a3f1d39  evidence/visual/E1-svgo/s35_clip_finishsound/after.png
105f8e3b938821ba31292f629a130d0a05ba3c2e6412d5a39ef703954a3f1d39  evidence/visual/E1-svgo/s35_clip_finishsound/before.png
2a1abd19e555678812b7e8a4df819c829a68f85b5e5f0e6fd8cd6bc0fb516b70  evidence/visual/E1-svgo/s35_clip_finishsound/report.json
105f8e3b938821ba31292f629a130d0a05ba3c2e6412d5a39ef703954a3f1d39  evidence/visual/E1-svgo/s37_clip_typer/after.png
105f8e3b938821ba31292f629a130d0a05ba3c2e6412d5a39ef703954a3f1d39  evidence/visual/E1-svgo/s37_clip_typer/before.png
2a1abd19e555678812b7e8a4df819c829a68f85b5e5f0e6fd8cd6bc0fb516b70  evidence/visual/E1-svgo/s37_clip_typer/report.json
105f8e3b938821ba31292f629a130d0a05ba3c2e6412d5a39ef703954a3f1d39  evidence/visual/E1-svgo/s39_clip_backspace/after.png
105f8e3b938821ba31292f629a130d0a05ba3c2e6412d5a39ef703954a3f1d39  evidence/visual/E1-svgo/s39_clip_backspace/before.png
2a1abd19e555678812b7e8a4df819c829a68f85b5e5f0e6fd8cd6bc0fb516b70  evidence/visual/E1-svgo/s39_clip_backspace/report.json
fa22763bb027a60df04da7bfb6afb441bf3f46253c5edeb46341e63e58631aca  evidence/visual/E1-svgo/s3_logo_ornament/after.png
fa22763bb027a60df04da7bfb6afb441bf3f46253c5edeb46341e63e58631aca  evidence/visual/E1-svgo/s3_logo_ornament/before.png
0d093894e738ae92a05f38959a2c43a52d7662c383e132a8f306c699bab1a015  evidence/visual/E1-svgo/s3_logo_ornament/report.json
105f8e3b938821ba31292f629a130d0a05ba3c2e6412d5a39ef703954a3f1d39  evidence/visual/E1-svgo/s41_clip_buzz/after.png
105f8e3b938821ba31292f629a130d0a05ba3c2e6412d5a39ef703954a3f1d39  evidence/visual/E1-svgo/s41_clip_buzz/before.png
2a1abd19e555678812b7e8a4df819c829a68f85b5e5f0e6fd8cd6bc0fb516b70  evidence/visual/E1-svgo/s41_clip_buzz/report.json
63b11ba52ae316062cf2fc38038aefa8e84eef53cb02bde9eafab0faf54ff6f8  evidence/visual/E1-svgo/s46_wordball/after.png
63b11ba52ae316062cf2fc38038aefa8e84eef53cb02bde9eafab0faf54ff6f8  evidence/visual/E1-svgo/s46_wordball/before.png
5b2d0bacaa161aaa7d99721c01037ee16fce362a50af8d4bb9f64ef124e9d190  evidence/visual/E1-svgo/s46_wordball/report.json
ea9e1c24c2c1fd0e1be0488f657cffb92dd0e0e46691736d82ee2f77c33d5336  evidence/visual/E1-svgo/s48_board_backdrop/after.png
ea9e1c24c2c1fd0e1be0488f657cffb92dd0e0e46691736d82ee2f77c33d5336  evidence/visual/E1-svgo/s48_board_backdrop/before.png
f2a984fc6e64ec56d527831a3ea2cbdb809e4f703bf1e9e80b99cd1fccf792c8  evidence/visual/E1-svgo/s48_board_backdrop/report.json
4808d9403b707a0fdf052821510d00f775b12abc3c9938487f32074cdf6e9343  evidence/visual/E1-svgo/s58_letter_tile/after.png
4808d9403b707a0fdf052821510d00f775b12abc3c9938487f32074cdf6e9343  evidence/visual/E1-svgo/s58_letter_tile/before.png
3f79772f9860b75ef74d3e3ab5bd4ecdd637658dff1b9c181444094b0e0f2271  evidence/visual/E1-svgo/s58_letter_tile/report.json
f486fc8a94397cd80d42e526c1de4ba8936f8a751d9817ff76961bd472a6b7ff  evidence/visual/E1-svgo/s5_intro_sky/after.png
f486fc8a94397cd80d42e526c1de4ba8936f8a751d9817ff76961bd472a6b7ff  evidence/visual/E1-svgo/s5_intro_sky/before.png
64898dde39c3c50f015b5bff85eb0444435377b3bb47fe5dd0bc08e6e41a367e  evidence/visual/E1-svgo/s5_intro_sky/report.json
4bab5f1b8db5752e1448430d48a6bc647d39c8f09b8a13e2d557f2cd0b114047  evidence/visual/E1-svgo/s63_btn_kbuton/after.png
4bab5f1b8db5752e1448430d48a6bc647d39c8f09b8a13e2d557f2cd0b114047  evidence/visual/E1-svgo/s63_btn_kbuton/before.png
f408edf6116ae6f9f5ff232adb26f9cbc2de0f2ba93b778658edb14cb8a8860d  evidence/visual/E1-svgo/s63_btn_kbuton/report.json
c6d28976ee8ced4c028f0d041a8da22d028facb08d7b4522961fcda3cf6cfbdd  evidence/visual/E1-svgo/s65_btn_ebuton/after.png
c6d28976ee8ced4c028f0d041a8da22d028facb08d7b4522961fcda3cf6cfbdd  evidence/visual/E1-svgo/s65_btn_ebuton/before.png
72c1bc6f1ee92b15ac2facf81d73531809870ae52d2412539815a734c50a2570  evidence/visual/E1-svgo/s65_btn_ebuton/report.json
c74b10396ce20a693bfea8e7469cb8141585ebfba8e606146a57c6ba24d90439  evidence/visual/E1-svgo/s67_tile_socket/after.png
c74b10396ce20a693bfea8e7469cb8141585ebfba8e606146a57c6ba24d90439  evidence/visual/E1-svgo/s67_tile_socket/before.png
e9753524648fb2c2873de6b17a553c0c7151cc6eb8d176f4925d6aa2f3d32ddb  evidence/visual/E1-svgo/s67_tile_socket/report.json
1c54a6e8abe458d5034c30947c81984389690f1f7f9b43cadf74b81f7f7de3ce  evidence/visual/E1-svgo/s6_intro_ground/after.png
1c54a6e8abe458d5034c30947c81984389690f1f7f9b43cadf74b81f7f7de3ce  evidence/visual/E1-svgo/s6_intro_ground/before.png
c2b8056955986ed4fec2083e1ff00251e14d483cc92d1df3e20519efd391f2be  evidence/visual/E1-svgo/s6_intro_ground/report.json
a12953d46a92e5deab9f27e0c8933badf781f913e288d03029b568e9dc5e98b6  evidence/visual/E1-svgo/s71_btn_ybuton/after.png
a12953d46a92e5deab9f27e0c8933badf781f913e288d03029b568e9dc5e98b6  evidence/visual/E1-svgo/s71_btn_ybuton/before.png
25120816486353e7c762fae7c48f7121586141c092149d7765b13771a6ba480a  evidence/visual/E1-svgo/s71_btn_ybuton/report.json
4f50ce9df5d44f3ea9f84aea474dd2e13280ccd6a1f13b34b53fd14782944b36  evidence/visual/E1-svgo/s76_timer_bar/after.png
4f50ce9df5d44f3ea9f84aea474dd2e13280ccd6a1f13b34b53fd14782944b36  evidence/visual/E1-svgo/s76_timer_bar/before.png
9607291eebee94472f6f2f39c7bc784e82bd092fe71a37c7d03527aea0b85063  evidence/visual/E1-svgo/s76_timer_bar/report.json
91d4a51fe7bf5a5d4a736b4f0c5d63904973946e5322b01989c1257bd22cd2e8  evidence/visual/E1-svgo/s84_loading_banner/after.png
91d4a51fe7bf5a5d4a736b4f0c5d63904973946e5322b01989c1257bd22cd2e8  evidence/visual/E1-svgo/s84_loading_banner/before.png
af1eff520d54947dbcb24a5e3819d8f56e21519ed77ba80533a5d696bf6c93e6  evidence/visual/E1-svgo/s84_loading_banner/report.json
a05a3a84a4316c6d2bb68b263685d6fe4f9e1c97a8fdf391c3f20f6da717d4c4  evidence/visual/E1-svgo/s8_intro_layer3/after.png
a05a3a84a4316c6d2bb68b263685d6fe4f9e1c97a8fdf391c3f20f6da717d4c4  evidence/visual/E1-svgo/s8_intro_layer3/before.png
ea75c9e3a01da976511811c500c8fef925fd638e9ddc1578816ba0c13527b184  evidence/visual/E1-svgo/s8_intro_layer3/report.json
3fd04a9ed842a8235c983beb918ec459d84684fbf1f293e87081b18063e11202  evidence/visual/E1-svgo/s90_btn_speaker/after.png
3fd04a9ed842a8235c983beb918ec459d84684fbf1f293e87081b18063e11202  evidence/visual/E1-svgo/s90_btn_speaker/before.png
0f49672e4fcec25c4352f5ff73140d83795c67f8a6ee97a736d0856932dd4867  evidence/visual/E1-svgo/s90_btn_speaker/report.json
bc30da542847d82ee60736f28b678468cf0182c63708e5a46d9d2ea011c8649f  evidence/visual/E1-svgo/s97_credit_line/after.png
bc30da542847d82ee60736f28b678468cf0182c63708e5a46d9d2ea011c8649f  evidence/visual/E1-svgo/s97_credit_line/before.png
a8444bd0ea12b205480a4dc9abd1f9b871b71e714aacedef9361774536852495  evidence/visual/E1-svgo/s97_credit_line/report.json
e989359381fd5b448194371683c69f1c1323b4c86587e148fb84c5b5a6543c68  evidence/visual/E1-svgo/summary.json
60c9386eb88938b38d97738a321e7ce12c568c0f9a1eb458d695c4e71b5870f9  src/assets/.DS_Store
366abdbfc11be54290e48f70d5c0104f0b5fcb47084fe76884c0183a0a84ee1a  src/assets/img/img_47_550x400.png
74710a87bbc5f61b3ab60d24d1c5b2892b3561b67b13bcb48ca2a559441cfa6e  src/assets/img/img_86_21x29.png
15a32cc534f7ed41ea9f2c4761c50d48579ebd06f13d85a4fef1d5a62f42a801  src/assets/manifest.json
1c3cd10320a9266fe1431d9aa46e8c6ec9d31add35313241d66f216ef0387fb2  src/assets/sfx/sfx_22_enter.mp3
370bbc2eadd4a88aaa473dfaa59f5da0fd37b175b1f726edd245356bfa28cc3d  src/assets/sfx/sfx_24_shuffle.mp3
0f878a5566c5931539b0ec8e0af9661a3447467235dc1443787f3f6e3ab350db  src/assets/sfx/sfx_26_countdown.mp3
da643f2b8afbbfb8fac1baf9e310fdec7f453514706ac4d2a8304467150ead37  src/assets/sfx/sfx_30_boing.mp3
3ddbd6215e6259957ff1c7d7df24d26119ad98c522e19a91c0bd0c255e966d68  src/assets/sfx/sfx_32_fanfare.mp3
5db9654e0feb324a975822726dc41507dc2f8f30ab9154d3b329fcf9764c4ba1  src/assets/sfx/sfx_34_finishsound.mp3
3f34ed813e98e8ac6df1d0f97540d4cd2e44242c8a28cda0ef345bacf7e242bf  src/assets/sfx/sfx_36_typer.mp3
0ed0e6eac39dac1391f26266c31604d54ba3dcfc1829826911cdb24e793f752f  src/assets/sfx/sfx_38_backspace.mp3
832f7980db3c1d1b8b12ff89c933d9d4e9281d60d3ba6b656ccd6760dcb39395  src/assets/sfx/sfx_40_buzz.mp3
58712f673207cd4acc3bad05a06e2437e4cadfc71ed76efeac57142bc687d94f  src/assets/svg/s103_credit_site.svg
8850b8744fd771b1e4cba5ae410373ebbb7de62c69a636eb879d1510d5eba03c  src/assets/svg/s105_btn_sbuton.svg
968d79293f07d1970a9698886351eefa3d5189b448a02226c2996d8a7f9a4f7f  src/assets/svg/s108_btn_top10.svg
edc0ecc17cfc6576520670a44360df5933a55445c3121f99062546847a0f982d  src/assets/svg/s111_score_feedback.svg
1125adfcd729ab4bd9b27d708d6576afc866057e18f6f476b6f10bc6bf9ec82d  src/assets/svg/s123_status_ball.svg
43a5f9b97e773f1d7a8db3e044b4ee9c61f4be7f9158a2da3f0a75d9d3151719  src/assets/svg/s12_preloader_progress.svg
fe2da4c2b8f642aee176146cced0a80cc276cf87e3d3b89963dbdeb34ef2466e  src/assets/svg/s166_hiscore_form.svg
ae41ccbd423340a6ef733c93448d6d42506536324543d9ca6b4ace7c0f31cfd6  src/assets/svg/s170_bottom_marquee.svg
e92f162dfba782a4d145d812decf512a76a54b3b918672a0d25a528bb1b48f06  src/assets/svg/s1_intro_backdrop.svg
87961cc404678e9a120559f5ab642c829c84b4a624ea1ba9f5882fe802a1f2e8  src/assets/svg/s20_intro_glow.svg
bc71b0d380cfd32105486c24062d2514f3118aaae7061ecdc18111c72f378528  src/assets/svg/s21_clip_timerr.svg
bc71b0d380cfd32105486c24062d2514f3118aaae7061ecdc18111c72f378528  src/assets/svg/s23_clip_enter.svg
bc71b0d380cfd32105486c24062d2514f3118aaae7061ecdc18111c72f378528  src/assets/svg/s25_clip_shuffle.svg
bc71b0d380cfd32105486c24062d2514f3118aaae7061ecdc18111c72f378528  src/assets/svg/s27_clip_countdown.svg
0e349e067d17c64e5874f73af754daffefce1ba3e80ac587d51219895b1b4323  src/assets/svg/s29_intro_logo.svg
bc71b0d380cfd32105486c24062d2514f3118aaae7061ecdc18111c72f378528  src/assets/svg/s31_clip_boing.svg
bc71b0d380cfd32105486c24062d2514f3118aaae7061ecdc18111c72f378528  src/assets/svg/s33_clip_fanfare.svg
bc71b0d380cfd32105486c24062d2514f3118aaae7061ecdc18111c72f378528  src/assets/svg/s35_clip_finishsound.svg
bc71b0d380cfd32105486c24062d2514f3118aaae7061ecdc18111c72f378528  src/assets/svg/s37_clip_typer.svg
bc71b0d380cfd32105486c24062d2514f3118aaae7061ecdc18111c72f378528  src/assets/svg/s39_clip_backspace.svg
f77c54f9e5231ab6228e54cb124dd4d6180e5e3588ab7546f58de289771bd39d  src/assets/svg/s3_logo_ornament.svg
bc71b0d380cfd32105486c24062d2514f3118aaae7061ecdc18111c72f378528  src/assets/svg/s41_clip_buzz.svg
f25873130dfab91477d1e572728ddd7e2155abfd53c517a5eabc0e5369b51c27  src/assets/svg/s46_wordball.svg
b06c67bea1a6559c2be2fac9f2e15234f6a9d07df06a40bbea4f8802f6a6cb93  src/assets/svg/s48_board_backdrop.svg
4a2510f29f029f7cd4f5acbfacb48f2bb71c7f6dffdb16756b9ad971f01062d0  src/assets/svg/s58_letter_tile.svg
6cb660a0a7416d3c67fef7584b58138849795b9804b2c435cca31566fab2a4e7  src/assets/svg/s5_intro_sky.svg
593b2f0c27382d85681d0cc472a87daa3ba51a358498814f4d2025bfeb61dd9a  src/assets/svg/s63_btn_kbuton.svg
44d6aefffd03fafcb999a5ebf8cbdafddd118f870c95f5cdf6c3709bb697fae7  src/assets/svg/s65_btn_ebuton.svg
abc8dada0257df954e5b9faf703898bee3bd0071c0a99f585e511bfc0961b394  src/assets/svg/s67_tile_socket.svg
fb21d4949ea1f319ee61abad8c07c1a28e3eda7ef760e48d4682527fc7c6c682  src/assets/svg/s6_intro_ground.svg
13c941d51366c9faccd4ca9b730d5023dddc8a782c38516540715a9188bb4e65  src/assets/svg/s71_btn_ybuton.svg
3616b85e620b625b91aeea9e4f88e9a83c6a02e36c7f330975c91d51adfdf9d6  src/assets/svg/s76_timer_bar.svg
11bd11dfd53eb0854b892b9765110dc72c4aebdf52083ded058c7618ec32d156  src/assets/svg/s84_loading_banner.svg
7a014bc53fcac0a305dc55e0b281b635ae783f1f41663d8a47777c3df3167af3  src/assets/svg/s8_intro_layer3.svg
9538d9b7323ecf743ab128854cc03d8485f3ac385e2f460d0b172702658a8591  src/assets/svg/s90_btn_speaker.svg
29ef27bfc18cad16e03a3ccebe79d046a78b2146f00be02530c88b3d8376c539  src/assets/svg/s97_credit_line.svg
e3b0c44298fc1c149afbf4c8996fb92427ae41e4649b934ca495991b7852b855  src/assets/text/112.txt
e3b0c44298fc1c149afbf4c8996fb92427ae41e4649b934ca495991b7852b855  src/assets/text/124.txt
e3b0c44298fc1c149afbf4c8996fb92427ae41e4649b934ca495991b7852b855  src/assets/text/125.txt
63da5e101298db1a17949928984a24ccea2e61bd129136efad9dc72fc68e2685  src/assets/text/127.txt
63da5e101298db1a17949928984a24ccea2e61bd129136efad9dc72fc68e2685  src/assets/text/128.txt
fbfceccd03c04d42f067a75626e504655ace250bc42f7a3ae15c6d08dd256505  src/assets/text/129.txt
fbfceccd03c04d42f067a75626e504655ace250bc42f7a3ae15c6d08dd256505  src/assets/text/130.txt
2cbc4cece9fd77290eca161eb0a416ff6d744fcaa3f9f36927d01631962c7775  src/assets/text/131.txt
c2fa99bedc4754b3c5a2124b6adc73048247803988fd8ee046e9e5edf0f5a729  src/assets/text/132.txt
cedb5c737f63857c1621557996df7b7982265a595a97aa5a6cab8eae29855071  src/assets/text/133.txt
545e328ee9f38a8f9f7ed8b3d01264a333c12d2c7bb00f903271eb8a8ac0b44c  src/assets/text/134.txt
d4edaa3bd95f58689cec5d1ead77b812efc549d959616459ee787c0f74e26ecd  src/assets/text/135.txt
a6a6856e0b299c13c18d80e57fdbe3c0f81eb7171e0e848cf1c94789b8952fa9  src/assets/text/136.txt
e3b0c44298fc1c149afbf4c8996fb92427ae41e4649b934ca495991b7852b855  src/assets/text/137.txt
e3b0c44298fc1c149afbf4c8996fb92427ae41e4649b934ca495991b7852b855  src/assets/text/138.txt
e3b0c44298fc1c149afbf4c8996fb92427ae41e4649b934ca495991b7852b855  src/assets/text/139.txt
e3b0c44298fc1c149afbf4c8996fb92427ae41e4649b934ca495991b7852b855  src/assets/text/14.txt
e3b0c44298fc1c149afbf4c8996fb92427ae41e4649b934ca495991b7852b855  src/assets/text/140.txt
e3b0c44298fc1c149afbf4c8996fb92427ae41e4649b934ca495991b7852b855  src/assets/text/141.txt
e3b0c44298fc1c149afbf4c8996fb92427ae41e4649b934ca495991b7852b855  src/assets/text/142.txt
033ea5c71d3be090b1af8e9fdb672d5097e58a0d55f57864f1cd424c698885db  src/assets/text/143.txt
033ea5c71d3be090b1af8e9fdb672d5097e58a0d55f57864f1cd424c698885db  src/assets/text/144.txt
bbf3f11cb5b43e700273a78d12de55e4a7eab741ed2abf13787a4d2dc832b8ec  src/assets/text/16.txt
e3b0c44298fc1c149afbf4c8996fb92427ae41e4649b934ca495991b7852b855  src/assets/text/17.txt
e3b0c44298fc1c149afbf4c8996fb92427ae41e4649b934ca495991b7852b855  src/assets/text/18.txt
8a5edab282632443219e051e4ade2d1d5bbc671c781051bf1437897cbdfea0f1  src/assets/text/19.txt
33420ea37871de9daa452246ba956adce3df5a5dc018f871070e5fe6e75a1166  src/data/.gitkeep
c263ed44b8d352ed72757821f0fd3cbebd58e5c5883dd124ec2229343ce9794e  src/data/animation.json
f25d873d96a648760172b293ff2f6b36cfe19c3c46a18d516b4e41d90b38253f  src/data/layout.json
7e4e149b3862b3f5ab77f755e8a8ae4215c2c8568a8ad30ee2311384b14b9a96  src/data/rounds.json
