5a55329e7293bad06929285f0e3cbcde346ed1eacfd9859822099b40c5acfd3c  evidence/visual/E1-svgo/s90_btn_speaker/after.png
5a55329e7293bad06929285f0e3cbcde346ed1eacfd9859822099b40c5acfd3c  evidence/visual/E1-svgo/s90_btn_speaker/before.png
0f49672e4fcec25c4352f5ff73140d83795c67f8a6ee97a736d0856932dd4867  evidence/visual/E1-svgo/s90_btn_speaker/report.json
a5dd9378eef88f6fe5a2a53d8a87b96bb2cd07d254d47871744561d43af87907  evidence/visual/E1-svgo/summary.json
60c9386eb88938b38d97738a321e7ce12c568c0f9a1eb458d695c4e71b5870f9  src/assets/.DS_Store
366abdbfc11be54290e48f70d5c0104f0b5fcb47084fe76884c0183a0a84ee1a  src/assets/img/img_47_550x400.png
74710a87bbc5f61b3ab60d24d1c5b2892b3561b67b13bcb48ca2a559441cfa6e  src/assets/img/img_86_21x29.png
776fb3fd9af23cd427f9b67ec9a53c68f8553d4d593aa8b73b3ab6f193bfdb64  src/assets/manifest.json
1c3cd10320a9266fe1431d9aa46e8c6ec9d31add35313241d66f216ef0387fb2  src/assets/sfx/sfx_22_enter.mp3
370bbc2eadd4a88aaa473dfaa59f5da0fd37b175b1f726edd245356bfa28cc3d  src/assets/sfx/sfx_24_shuffle.mp3
0f878a5566c5931539b0ec8e0af9661a3447467235dc1443787f3f6e3ab350db  src/assets/sfx/sfx_26_countdown.mp3
da643f2b8afbbfb8fac1baf9e310fdec7f453514706ac4d2a8304467150ead37  src/assets/sfx/sfx_30_boing.mp3
3ddbd6215e6259957ff1c7d7df24d26119ad98c522e19a91c0bd0c255e966d68  src/assets/sfx/sfx_32_fanfare.mp3
5db9654e0feb324a975822726dc41507dc2f8f30ab9154d3b329fcf9764c4ba1  src/assets/sfx/sfx_34_finishsound.mp3
3f34ed813e98e8ac6df1d0f97540d4cd2e44242c8a28cda0ef345bacf7e242bf  src/assets/sfx/sfx_36_typer.mp3
0ed0e6eac39dac1391f26266c31604d54ba3dcfc1829826911cdb24e793f752f  src/assets/sfx/sfx_38_backspace.mp3
832f7980db3c1d1b8b12ff89c933d9d4e9281d60d3ba6b656ccd6760dcb39395  src/assets/sfx/sfx_40_buzz.mp3
58712f673207cd4acc3bad05a06e2437e4cadfc71ed76efeac57142bc687d94f  src/assets/svg/s103_credit_site.svg
8850b8744fd771b1e4cba5ae410373ebbb7de62c69a636eb879d1510d5eba03c  src/assets/svg/s105_btn_sbuton.svg
968d79293f07d1970a9698886351eefa3d5189b448a02226c2996d8a7f9a4f7f  src/assets/svg/s108_btn_top10.svg
edc0ecc17cfc6576520670a44360df5933a55445c3121f99062546847a0f982d  src/assets/svg/s111_score_feedback.svg
1125adfcd729ab4bd9b27d708d6576afc866057e18f6f476b6f10bc6bf9ec82d  src/assets/svg/s123_status_ball.svg
43a5f9b97e773f1d7a8db3e044b4ee9c61f4be7f9158a2da3f0a75d9d3151719  src/assets/svg/s12_preloader_progress.svg
fe2da4c2b8f642aee176146cced0a80cc276cf87e3d3b89963dbdeb34ef2466e  src/assets/svg/s166_hiscore_form.svg
ae41ccbd423340a6ef733c93448d6d42506536324543d9ca6b4ace7c0f31cfd6  src/assets/svg/s170_bottom_marquee.svg
e92f162dfba782a4d145d812decf512a76a54b3b918672a0d25a528bb1b48f06  src/assets/svg/s1_intro_backdrop.svg
87961cc404678e9a120559f5ab642c829c84b4a624ea1ba9f5882fe802a1f2e8  src/assets/svg/s20_intro_glow.svg
bc71b0d380cfd32105486c24062d2514f3118aaae7061ecdc18111c72f378528  src/assets/svg/s21_clip_timerr.svg
bc71b0d380cfd32105486c24062d2514f3118aaae7061ecdc18111c72f378528  src/assets/svg/s23_clip_enter.svg
bc71b0d380cfd32105486c24062d2514f3118aaae7061ecdc18111c72f378528  src/assets/svg/s25_clip_shuffle.svg
bc71b0d380cfd32105486c24062d2514f3118aaae7061ecdc18111c72f378528  src/assets/svg/s27_clip_countdown.svg
0e349e067d17c64e5874f73af754daffefce1ba3e80ac587d51219895b1b4323  src/assets/svg/s29_intro_logo.svg
bc71b0d380cfd32105486c24062d2514f3118aaae7061ecdc18111c72f378528  src/assets/svg/s31_clip_boing.svg
bc71b0d380cfd32105486c24062d2514f3118aaae7061ecdc18111c72f378528  src/assets/svg/s33_clip_fanfare.svg
bc71b0d380cfd32105486c24062d2514f3118aaae7061ecdc18111c72f378528  src/assets/svg/s35_clip_finishsound.svg
bc71b0d380cfd32105486c24062d2514f3118aaae7061ecdc18111c72f378528  src/assets/svg/s37_clip_typer.svg
bc71b0d380cfd32105486c24062d2514f3118aaae7061ecdc18111c72f378528  src/assets/svg/s39_clip_backspace.svg
f77c54f9e5231ab6228e54cb124dd4d6180e5e3588ab7546f58de289771bd39d  src/assets/svg/s3_logo_ornament.svg
bc71b0d380cfd32105486c24062d2514f3118aaae7061ecdc18111c72f378528  src/assets/svg/s41_clip_buzz.svg
f25873130dfab91477d1e572728ddd7e2155abfd53c517a5eabc0e5369b51c27  src/assets/svg/s46_wordball.svg
b06c67bea1a6559c2be2fac9f2e15234f6a9d07df06a40bbea4f8802f6a6cb93  src/assets/svg/s48_board_backdrop.svg
4a2510f29f029f7cd4f5acbfacb48f2bb71c7f6dffdb16756b9ad971f01062d0  src/assets/svg/s58_letter_tile.svg
6cb660a0a7416d3c67fef7584b58138849795b9804b2c435cca31566fab2a4e7  src/assets/svg/s5_intro_sky.svg
593b2f0c27382d85681d0cc472a87daa3ba51a358498814f4d2025bfeb61dd9a  src/assets/svg/s63_btn_kbuton.svg
44d6aefffd03fafcb999a5ebf8cbdafddd118f870c95f5cdf6c3709bb697fae7  src/assets/svg/s65_btn_ebuton.svg
abc8dada0257df954e5b9faf703898bee3bd0071c0a99f585e511bfc0961b394  src/assets/svg/s67_tile_socket.svg
fb21d4949ea1f319ee61abad8c07c1a28e3eda7ef760e48d4682527fc7c6c682  src/assets/svg/s6_intro_ground.svg
13c941d51366c9faccd4ca9b730d5023dddc8a782c38516540715a9188bb4e65  src/assets/svg/s71_btn_ybuton.svg
3616b85e620b625b91aeea9e4f88e9a83c6a02e36c7f330975c91d51adfdf9d6  src/assets/svg/s76_timer_bar.svg
11bd11dfd53eb0854b892b9765110dc72c4aebdf52083ded058c7618ec32d156  src/assets/svg/s84_loading_banner.svg
7a014bc53fcac0a305dc55e0b281b635ae783f1f41663d8a47777c3df3167af3  src/assets/svg/s8_intro_layer3.svg
19141e3d9f05a133410082c749dee30e8da77dda4eaa092aad7cf6dbe5a9dc1b  src/assets/svg/s90_btn_speaker.svg
29ef27bfc18cad16e03a3ccebe79d046a78b2146f00be02530c88b3d8376c539  src/assets/svg/s97_credit_line.svg
e3b0c44298fc1c149afbf4c8996fb92427ae41e4649b934ca495991b7852b855  src/assets/text/112.txt
e3b0c44298fc1c149afbf4c8996fb92427ae41e4649b934ca495991b7852b855  src/assets/text/124.txt
e3b0c44298fc1c149afbf4c8996fb92427ae41e4649b934ca495991b7852b855  src/assets/text/125.txt
63da5e101298db1a17949928984a24ccea2e61bd129136efad9dc72fc68e2685  src/assets/text/127.txt
63da5e101298db1a17949928984a24ccea2e61bd129136efad9dc72fc68e2685  src/assets/text/128.txt
fbfceccd03c04d42f067a75626e504655ace250bc42f7a3ae15c6d08dd256505  src/assets/text/129.txt
fbfceccd03c04d42f067a75626e504655ace250bc42f7a3ae15c6d08dd256505  src/assets/text/130.txt
2cbc4cece9fd77290eca161eb0a416ff6d744fcaa3f9f36927d01631962c7775  src/assets/text/131.txt
c2fa99bedc4754b3c5a2124b6adc73048247803988fd8ee046e9e5edf0f5a729  src/assets/text/132.txt
cedb5c737f63857c1621557996df7b7982265a595a97aa5a6cab8eae29855071  src/assets/text/133.txt
545e328ee9f38a8f9f7ed8b3d01264a333c12d2c7bb00f903271eb8a8ac0b44c  src/assets/text/134.txt
d4edaa3bd95f58689cec5d1ead77b812efc549d959616459ee787c0f74e26ecd  src/assets/text/135.txt
a6a6856e0b299c13c18d80e57fdbe3c0f81eb7171e0e848cf1c94789b8952fa9  src/assets/text/136.txt
e3b0c44298fc1c149afbf4c8996fb92427ae41e4649b934ca495991b7852b855  src/assets/text/137.txt
e3b0c44298fc1c149afbf4c8996fb92427ae41e4649b934ca495991b7852b855  src/assets/text/138.txt
e3b0c44298fc1c149afbf4c8996fb92427ae41e4649b934ca495991b7852b855  src/assets/text/139.txt
e3b0c44298fc1c149afbf4c8996fb92427ae41e4649b934ca495991b7852b855  src/assets/text/14.txt
e3b0c44298fc1c149afbf4c8996fb92427ae41e4649b934ca495991b7852b855  src/assets/text/140.txt
e3b0c44298fc1c149afbf4c8996fb92427ae41e4649b934ca495991b7852b855  src/assets/text/141.txt
e3b0c44298fc1c149afbf4c8996fb92427ae41e4649b934ca495991b7852b855  src/assets/text/142.txt
033ea5c71d3be090b1af8e9fdb672d5097e58a0d55f57864f1cd424c698885db  src/assets/text/143.txt
033ea5c71d3be090b1af8e9fdb672d5097e58a0d55f57864f1cd424c698885db  src/assets/text/144.txt
bbf3f11cb5b43e700273a78d12de55e4a7eab741ed2abf13787a4d2dc832b8ec  src/assets/text/16.txt
e3b0c44298fc1c149afbf4c8996fb92427ae41e4649b934ca495991b7852b855  src/assets/text/17.txt
e3b0c44298fc1c149afbf4c8996fb92427ae41e4649b934ca495991b7852b855  src/assets/text/18.txt
8a5edab282632443219e051e4ade2d1d5bbc671c781051bf1437897cbdfea0f1  src/assets/text/19.txt
33420ea37871de9daa452246ba956adce3df5a5dc018f871070e5fe6e75a1166  src/data/.gitkeep
c263ed44b8d352ed72757821f0fd3cbebd58e5c5883dd124ec2229343ce9794e  src/data/animation.json
f25d873d96a648760172b293ff2f6b36cfe19c3c46a18d516b4e41d90b38253f  src/data/layout.json
7e4e149b3862b3f5ab77f755e8a8ae4215c2c8568a8ad30ee2311384b14b9a96  src/data/rounds.json
