
> kelimator-2012@0.0.0 e2e
> playwright test playthrough --reporter=line


Running 3 tests using 2 workers

(node:44029) Warning: The 'NO_COLOR' env is ignored due to the 'FORCE_COLOR' env being set.
(Use `node --trace-warnings ...` to show where the warning was created)


(node:44028) Warning: The 'NO_COLOR' env is ignored due to the 'FORCE_COLOR' env being set.
(Use `node --trace-warnings ...` to show where the warning was created)


(node:44029) Warning: The 'NO_COLOR' env is ignored due to the 'FORCE_COLOR' env being set.
(Use `node --trace-warnings ...` to show where the warning was created)


(node:44028) Warning: The 'NO_COLOR' env is ignored due to the 'FORCE_COLOR' env being set.
(Use `node --trace-warnings ...` to show where the warning was created)


[1/3] [app] › tests/e2e/playthrough/playthrough:basic.spec.ts:207:3 › D5 basic playthrough › FİNALİZM: scripted submissions fill every listed slot and complete
[2/3] [app] › tests/e2e/playthrough/playthrough.spec.ts:616:3 › F2 scripted playthrough › FİNALİZM: every step matches the docs/07 oracle and the reference capture
[app] › tests/e2e/playthrough/playthrough.spec.ts:616:3 › F2 scripted playthrough › FİNALİZM: every step matches the docs/07 oracle and the reference capture
F2 00-selected: raw=2.520% tolerant=0.602% ignoredPixels=68023 pass=true stable=true

F2 01-invalid: raw=3.665% tolerant=0.859% ignoredPixels=68023 pass=true stable=true

F2 02-invalid-cleared: raw=2.516% tolerant=0.603% ignoredPixels=68023 pass=true stable=true

F2 03-valid-FAL: raw=2.595% tolerant=0.605% ignoredPixels=68023 pass=true stable=true

F2 04-duplicate-FAL: raw=4.200% tolerant=1.217% ignoredPixels=68023 pass=true stable=true

F2 05-duplicate-cleared: raw=2.601% tolerant=0.605% ignoredPixels=68023 pass=true stable=true

F2 06-valid: raw=2.700% tolerant=0.610% ignoredPixels=68023 pass=true stable=true

F2 07-valid: raw=2.775% tolerant=0.613% ignoredPixels=68023 pass=true stable=true

F2 08-valid: raw=2.857% tolerant=0.617% ignoredPixels=68023 pass=true stable=true

F2 09-valid: raw=2.932% tolerant=0.617% ignoredPixels=68023 pass=true stable=true

F2 10-valid: raw=3.005% tolerant=0.620% ignoredPixels=68023 pass=true stable=true

F2 11-valid: raw=3.070% tolerant=0.622% ignoredPixels=68023 pass=true stable=true

F2 12-valid: raw=3.167% tolerant=0.625% ignoredPixels=68023 pass=true stable=true

F2 13-valid: raw=3.225% tolerant=0.621% ignoredPixels=68023 pass=true stable=true

F2 14-valid: raw=3.312% tolerant=0.624% ignoredPixels=68023 pass=true stable=true

F2 15-valid: raw=3.437% tolerant=0.630% ignoredPixels=68023 pass=true stable=true

F2 16-valid: raw=3.546% tolerant=0.634% ignoredPixels=68023 pass=true stable=true

F2 17-valid: raw=3.659% tolerant=0.640% ignoredPixels=68023 pass=true stable=true

F2 18-valid: raw=3.760% tolerant=0.645% ignoredPixels=68023 pass=true stable=true

F2 19-bonus-word: raw=3.909% tolerant=0.648% ignoredPixels=68023 pass=true stable=true

F2 20-valid: raw=3.991% tolerant=0.651% ignoredPixels=68023 pass=true stable=true

F2 21-valid: raw=4.104% tolerant=0.662% ignoredPixels=68023 pass=true stable=true

F2 22-valid: raw=4.202% tolerant=0.656% ignoredPixels=68023 pass=true stable=true

F2 23-valid: raw=4.277% tolerant=0.660% ignoredPixels=68023 pass=true stable=true

F2 24-valid: raw=4.377% tolerant=0.660% ignoredPixels=68023 pass=true stable=true

F2 25-valid: raw=4.494% tolerant=0.664% ignoredPixels=68023 pass=true stable=true

F2 26-valid: raw=4.647% tolerant=0.674% ignoredPixels=68023 pass=true stable=true

F2 27-valid: raw=4.756% tolerant=0.672% ignoredPixels=68023 pass=true stable=true

F2 28-valid: raw=4.882% tolerant=0.676% ignoredPixels=68023 pass=true stable=true

F2 29-valid: raw=5.003% tolerant=0.676% ignoredPixels=68023 pass=true stable=true

F2 30-valid: raw=5.149% tolerant=0.680% ignoredPixels=68023 pass=true stable=true

F2 31-valid: raw=5.286% tolerant=0.678% ignoredPixels=68023 pass=true stable=true

F2 32-valid: raw=5.416% tolerant=0.680% ignoredPixels=68023 pass=true stable=true

F2 33-valid: raw=5.535% tolerant=0.683% ignoredPixels=68023 pass=true stable=true

F2 34-valid: raw=5.660% tolerant=0.685% ignoredPixels=68023 pass=true stable=true

F2 35-valid: raw=5.827% tolerant=0.690% ignoredPixels=68023 pass=true stable=true

F2 36-valid: raw=5.972% tolerant=0.697% ignoredPixels=68023 pass=true stable=true

F2 37-valid: raw=6.125% tolerant=0.699% ignoredPixels=68023 pass=true stable=true

F2 38-valid: raw=6.291% tolerant=0.702% ignoredPixels=68023 pass=true stable=true

F2 playthrough: 40 steps, worst tolerant ratio 1.217%

[3/3] [app] › tests/e2e/playthrough/playthrough.spec.ts:918:3 › F2 S9 timeout variant › FİNALİZM: the clock is waited out and the timeout state matches the reference
[app] › tests/e2e/playthrough/playthrough.spec.ts:918:3 › F2 S9 timeout variant › FİNALİZM: the clock is waited out and the timeout state matches the reference
F2 timeout: raw=6.207% tolerant=0.511% ignoredPixels=68023 pass=true appWaitMs=200969 stable=true

  Slow test file: [app] › tests/e2e/playthrough/playthrough.spec.ts (5.2m)
  Consider running tests from slow files in parallel. See: https://playwright.dev/docs/test-parallel
  3 passed (5.2m)
