
> kelimator-2012@0.0.0 e2e
> playwright test offline --reporter=line


Running 1 test using 1 worker

(node:24407) Warning: The 'NO_COLOR' env is ignored due to the 'FORCE_COLOR' env being set.
(Use `node --trace-warnings ...` to show where the warning was created)


(node:24407) Warning: The 'NO_COLOR' env is ignored due to the 'FORCE_COLOR' env being set.
(Use `node --trace-warnings ...` to show where the warning was created)


[1/1] [app] › tests/e2e/offline/offline.spec.ts:124:3 › T14 runtime offline (served dist/) › boots, interacts, and attempts zero non-local requests
[app] › tests/e2e/offline/offline.spec.ts:124:3 › T14 runtime offline (served dist/) › boots, interacts, and attempts zero non-local requests
[T14] dist: 16 files, index.html sha256=5dfc4f4018e38c4088fe8ae88eb3aff8a993f88e5544e8980334d508bf311812

[T14] requests: 10 observed, 0 non-local attempts

[T14] boot: state=playing roundId=abacilik tiles=8

[T14] interaction: tile 0 "C" → entry "C" → backspace → ""

[T14] PASS — zero non-local requests; app functional offline

[T14] report: {
  "schemaVersion": 1,
  "task": "F3/T14 runtime offline",
  "generatedAt": "2026-09-29T19:33:22.058Z",
  "build": {
    "command": "npm run build",
    "exitCode": 0,
    "durationMs": 2899,
    "distFiles": 16,
    "indexHtmlSha256": "5dfc4f4018e38c4088fe8ae88eb3aff8a993f88e5544e8980334d508bf311812"
  },
  "preview": {
    "command": "node_modules/.bin/vite preview --host 127.0.0.1 --port 5288 --strictPort",
    "url": "http://127.0.0.1:5288/",
    "readyMs": 269
  },
  "requests": {
    "observed": 10,
    "local": 10,
    "nonLocalAttempts": [],
    "byResourceType": {
      "document": 1,
      "script": 1,
      "image": 7,
      "media": 1
    }
  },
  "boot": {
    "state": "playing",
    "roundId": "abacilik",
    "boardVisible": true,
    "tileLetters": 8
  },
  "interaction": {
    "tile": 0,
    "letter": "C",
    "entryAfterClick": "C",
    "entryAfterDelete": ""
  },
  "pageErrors": [],
  "result": "PASS"
}

  1 passed (8.9s)
